2025-11-27 15:11:34,494 [LIVE] [LOT] Using fixed lot: 0.5
2025-11-27 15:11:34,938 [LIVE] [TRADE] 2025-11-27T08:11:34.494486 | XAUUSD   | SELL  | entry=4161.789 | SL=4167.789 | TP=4155.789 | lot=0.5 | Ratio=1:1 | BasePip=60 | status=OK | ret=10009
2025-11-27 15:11:39,983 [LIVE] [LOT] Using fixed lot: 0.5
2025-11-27 15:11:40,347 [LIVE] [TRADE] 2025-11-27T08:11:39.983010 | XAUUSD   | SELL  | entry=4161.875 | SL=4167.875 | TP=4155.875 | lot=0.5 | Ratio=1:1 | BasePip=60 | status=OK | ret=10009
2025-11-27 15:25:11,781 [LIVE] [LOT] Using fixed lot: 0.5
2025-11-27 15:25:31,899 [LIVE] [LOT] Using fixed lot: 0.5
2025-11-27 15:25:41,941 [LIVE] [LOT] Using fixed lot: 0.5
2025-11-27 15:25:46,955 [LIVE] [LOT] Using fixed lot: 0.5
2025-11-27 15:25:51,979 [LIVE] [LOT] Using fixed lot: 0.5
2025-11-27 15:51:33,081 [LIVE] [LOT] Using fixed lot: 0.5
2025-11-27 15:51:33,222 [LIVE] [TRADE] 2025-11-27T08:51:33.081380 | XAUUSD   | SELL  | entry=4165.091 | SL=4171.091 | TP=4159.091 | lot=0.5 | Ratio=1:1 | BasePip=60 | status=OK | ret=10009
2025-11-27 15:51:38,271 [LIVE] [LOT] Using fixed lot: 0.5
2025-11-27 15:51:38,399 [LIVE] [TRADE] 2025-11-27T08:51:38.271689 | XAUUSD   | SELL  | entry=4164.993 | SL=4170.993 | TP=4158.993 | lot=0.5 | Ratio=1:1 | BasePip=60 | status=OK | ret=10009
2025-11-27 15:51:43,467 [LIVE] [LOT] Using fixed lot: 0.5
2025-11-27 15:51:43,469 [LIVE] [TRADE] 2025-11-27T08:51:43.467186 | XAUUSD   | SELL  | entry=None | SL=4170.926 | TP=4158.926 | lot=0.5 | Ratio=1:1 | BasePip=60 | status=SKIPPED_MAX | ret=None
2025-11-27 15:51:58,605 [LIVE] [LOT] Using fixed lot: 0.5
2025-11-27 15:51:58,613 [LIVE] [TRADE] 2025-11-27T08:51:58.605003 | XAUUSD   | SELL  | entry=None | SL=4171.076 | TP=4159.076 | lot=0.5 | Ratio=1:1 | BasePip=60 | status=SKIPPED_MAX | ret=None
2025-11-27 16:01:40,152 [LIVE] [TRAILING] SL updated to 4164.65
2025-11-27 16:01:50,399 [LIVE] [TRAILING] SL updated to 4164.273
2025-11-27 16:01:50,402 [LIVE] [LOT] Using fixed lot: 0.5
2025-11-27 16:01:50,402 [LIVE] [TRADE] 2025-11-27T09:01:50.402213 | XAUUSD   | SELL  | entry=None | SL=4169.273 | TP=4157.273 | lot=0.5 | Ratio=1:1 | BasePip=60 | status=SKIPPED_MAX | ret=None
2025-11-27 16:01:55,590 [LIVE] [TRAILING] SL updated to 4163.774
2025-11-27 16:01:55,590 [LIVE] [LOT] Using fixed lot: 0.5
2025-11-27 16:01:55,593 [LIVE] [TRADE] 2025-11-27T09:01:55.590255 | XAUUSD   | SELL  | entry=None | SL=4168.774 | TP=4156.774 | lot=0.5 | Ratio=1:1 | BasePip=60 | status=SKIPPED_MAX | ret=None
2025-11-27 16:02:00,781 [LIVE] [TRAILING] SL updated to 4163.719
2025-11-27 16:02:11,024 [LIVE] [TRAILING] SL updated to 4163.663
2025-11-27 16:02:16,199 [LIVE] [TRAILING] SL updated to 4162.942
2025-11-27 16:02:21,390 [LIVE] [TRAILING] SL updated to 4162.84
2025-11-27 16:02:26,576 [LIVE] [TRAILING] SL updated to 4162.211
2025-11-27 16:02:31,808 [LIVE] [TRAILING] SL updated to 4161.913
2025-11-27 16:02:36,993 [LIVE] [TRAILING] SL updated to 4161.827
2025-11-27 16:02:42,183 [LIVE] [TRAILING] SL updated to 4161.72
2025-11-27 16:02:47,361 [LIVE] [TRAILING] SL updated to 4161.114
2025-11-27 16:02:52,589 [LIVE] [TRAILING] SL updated to 4160.878
2025-11-27 16:02:57,776 [LIVE] [TRAILING] SL updated to 4160.376
2025-11-27 16:03:02,833 [LIVE] SELL hit TP at 4158.816
2025-11-27 17:48:11,280 [LIVE] [LOT] Using fixed lot: 0.5
2025-11-27 17:48:11,424 [LIVE] [TRADE] 2025-11-27T10:48:11.280104 | XAUUSD   | SELL  | entry=4153.63 | SL=4159.63 | TP=4147.63 | lot=0.5 | Ratio=1:1 | BasePip=60 | status=OK | ret=10009
2025-11-27 17:48:16,477 [LIVE] [LOT] Using fixed lot: 0.5
2025-11-27 17:48:16,619 [LIVE] [TRADE] 2025-11-27T10:48:16.477102 | XAUUSD   | SELL  | entry=4153.602 | SL=4159.602 | TP=4147.602 | lot=0.5 | Ratio=1:1 | BasePip=60 | status=OK | ret=10009
2025-11-27 17:48:21,673 [LIVE] [LOT] Using fixed lot: 0.5
2025-11-27 17:48:21,673 [LIVE] [TRADE] 2025-11-27T10:48:21.673073 | XAUUSD   | SELL  | entry=None | SL=4159.468 | TP=4147.468 | lot=0.5 | Ratio=1:1 | BasePip=60 | status=SKIPPED_MAX | ret=None
2025-11-27 17:48:26,723 [LIVE] [LOT] Using fixed lot: 0.5
2025-11-27 17:48:26,723 [LIVE] [TRADE] 2025-11-27T10:48:26.723572 | XAUUSD   | SELL  | entry=None | SL=4159.505 | TP=4147.505 | lot=0.5 | Ratio=1:1 | BasePip=60 | status=SKIPPED_MAX | ret=None
2025-11-27 17:48:36,818 [LIVE] [LOT] Using fixed lot: 0.5
2025-11-27 17:48:36,819 [LIVE] [TRADE] 2025-11-27T10:48:36.818074 | XAUUSD   | SELL  | entry=None | SL=4159.702 | TP=4147.702 | lot=0.5 | Ratio=1:1 | BasePip=60 | status=SKIPPED_MAX | ret=None
2025-11-27 17:48:41,882 [LIVE] [LOT] Using fixed lot: 0.5
2025-11-27 17:48:41,882 [LIVE] [TRADE] 2025-11-27T10:48:41.882253 | XAUUSD   | SELL  | entry=None | SL=4159.702 | TP=4147.702 | lot=0.5 | Ratio=1:1 | BasePip=60 | status=SKIPPED_MAX | ret=None
2025-11-27 17:48:46,928 [LIVE] [LOT] Using fixed lot: 0.5
2025-11-27 17:48:46,928 [LIVE] [TRADE] 2025-11-27T10:48:46.928627 | XAUUSD   | SELL  | entry=None | SL=4159.634 | TP=4147.634 | lot=0.5 | Ratio=1:1 | BasePip=60 | status=SKIPPED_MAX | ret=None
2025-11-27 17:48:51,978 [LIVE] [LOT] Using fixed lot: 0.5
2025-11-27 17:48:51,978 [LIVE] [TRADE] 2025-11-27T10:48:51.978435 | XAUUSD   | SELL  | entry=None | SL=4159.509 | TP=4147.509 | lot=0.5 | Ratio=1:1 | BasePip=60 | status=SKIPPED_MAX | ret=None
2025-11-27 17:48:57,027 [LIVE] [LOT] Using fixed lot: 0.5
2025-11-27 17:48:57,027 [LIVE] [TRADE] 2025-11-27T10:48:57.027366 | XAUUSD   | SELL  | entry=None | SL=4159.561 | TP=4147.561 | lot=0.5 | Ratio=1:1 | BasePip=60 | status=SKIPPED_MAX | ret=None
2025-11-27 17:50:07,467 [LIVE] [LOT] Using fixed lot: 0.5
2025-11-27 17:50:07,471 [LIVE] [TRADE] 2025-11-27T10:50:07.467571 | XAUUSD   | BUY   | entry=None | SL=4148.399 | TP=4160.399 | lot=0.5 | Ratio=1:1 | BasePip=60 | status=SKIPPED_MAX | ret=None
2025-11-27 17:50:12,516 [LIVE] [LOT] Using fixed lot: 0.5
2025-11-27 17:50:12,518 [LIVE] [TRADE] 2025-11-27T10:50:12.516716 | XAUUSD   | BUY   | entry=None | SL=4148.765 | TP=4160.765 | lot=0.5 | Ratio=1:1 | BasePip=60 | status=SKIPPED_MAX | ret=None
2025-11-27 17:50:17,566 [LIVE] [LOT] Using fixed lot: 0.5
2025-11-27 17:50:17,566 [LIVE] [TRADE] 2025-11-27T10:50:17.566769 | XAUUSD   | BUY   | entry=None | SL=4149.251 | TP=4161.251 | lot=0.5 | Ratio=1:1 | BasePip=60 | status=SKIPPED_MAX | ret=None
2025-11-27 17:50:22,621 [LIVE] [LOT] Using fixed lot: 0.5
2025-11-27 17:50:22,621 [LIVE] [TRADE] 2025-11-27T10:50:22.621138 | XAUUSD   | BUY   | entry=None | SL=4149.477 | TP=4161.477 | lot=0.5 | Ratio=1:1 | BasePip=60 | status=SKIPPED_MAX | ret=None
2025-11-27 17:50:27,655 [LIVE] [LOT] Using fixed lot: 0.5
2025-11-27 17:50:27,655 [LIVE] [TRADE] 2025-11-27T10:50:27.655842 | XAUUSD   | BUY   | entry=None | SL=4149.34 | TP=4161.34 | lot=0.5 | Ratio=1:1 | BasePip=60 | status=SKIPPED_MAX | ret=None
2025-11-27 17:50:32,712 [LIVE] [LOT] Using fixed lot: 0.5
2025-11-27 17:50:32,713 [LIVE] [TRADE] 2025-11-27T10:50:32.712692 | XAUUSD   | BUY   | entry=None | SL=4149.327 | TP=4161.327 | lot=0.5 | Ratio=1:1 | BasePip=60 | status=SKIPPED_MAX | ret=None
2025-11-27 17:50:37,763 [LIVE] [LOT] Using fixed lot: 0.5
2025-11-27 17:50:37,763 [LIVE] [TRADE] 2025-11-27T10:50:37.763548 | XAUUSD   | BUY   | entry=None | SL=4149.131 | TP=4161.131 | lot=0.5 | Ratio=1:1 | BasePip=60 | status=SKIPPED_MAX | ret=None
2025-11-27 17:50:42,809 [LIVE] [LOT] Using fixed lot: 0.5
2025-11-27 17:50:42,811 [LIVE] [TRADE] 2025-11-27T10:50:42.809265 | XAUUSD   | BUY   | entry=None | SL=4149.409 | TP=4161.409 | lot=0.5 | Ratio=1:1 | BasePip=60 | status=SKIPPED_MAX | ret=None
2025-11-27 17:50:47,852 [LIVE] [LOT] Using fixed lot: 0.5
2025-11-27 17:50:47,867 [LIVE] [TRADE] 2025-11-27T10:50:47.852087 | XAUUSD   | BUY   | entry=None | SL=4149.41 | TP=4161.41 | lot=0.5 | Ratio=1:1 | BasePip=60 | status=SKIPPED_MAX | ret=None
2025-11-27 17:50:52,910 [LIVE] [LOT] Using fixed lot: 0.5
2025-11-27 17:50:52,910 [LIVE] [TRADE] 2025-11-27T10:50:52.910819 | XAUUSD   | BUY   | entry=None | SL=4149.364 | TP=4161.364 | lot=0.5 | Ratio=1:1 | BasePip=60 | status=SKIPPED_MAX | ret=None
2025-11-27 17:50:57,961 [LIVE] [LOT] Using fixed lot: 0.5
2025-11-27 17:50:57,962 [LIVE] [TRADE] 2025-11-27T10:50:57.961795 | XAUUSD   | BUY   | entry=None | SL=4149.762 | TP=4161.762 | lot=0.5 | Ratio=1:1 | BasePip=60 | status=SKIPPED_MAX | ret=None
2025-11-27 18:04:50,489 [LIVE] [LOT] Using fixed lot: 0.5
2025-11-27 18:04:50,489 [LIVE] [TRADE] 2025-11-27T11:04:50.489318 | XAUUSD   | SELL  | entry=None | SL=4162.157 | TP=4150.157 | lot=0.5 | Ratio=1:1 | BasePip=60 | status=SKIPPED_MAX | ret=None
2025-11-27 18:04:55,540 [LIVE] [LOT] Using fixed lot: 0.5
2025-11-27 18:04:55,541 [LIVE] [TRADE] 2025-11-27T11:04:55.540613 | XAUUSD   | SELL  | entry=None | SL=4162.176 | TP=4150.176 | lot=0.5 | Ratio=1:1 | BasePip=60 | status=SKIPPED_MAX | ret=None
2025-11-27 18:16:35,355 [LIVE] SELL hit SL at 4159.741
2025-11-27 19:08:25,377 [LIVE] [LOT] Using fixed lot: 0.5
2025-11-27 19:08:25,539 [LIVE] [TRADE] 2025-11-27T12:08:25.377283 | XAUUSD   | BUY   | entry=4157.177 | SL=4151.065 | TP=4163.065 | lot=0.5 | Ratio=1:1 | BasePip=60 | status=OK | ret=10009
2025-11-27 19:08:30,599 [LIVE] [LOT] Using fixed lot: 0.5
2025-11-27 19:08:30,776 [LIVE] [TRADE] 2025-11-27T12:08:30.599560 | XAUUSD   | BUY   | entry=4157.191 | SL=4151.079 | TP=4163.079 | lot=0.5 | Ratio=1:1 | BasePip=60 | status=OK | ret=10009
2025-11-27 19:08:35,841 [LIVE] [LOT] Using fixed lot: 0.5
2025-11-27 19:08:35,841 [LIVE] [TRADE] 2025-11-27T12:08:35.841747 | XAUUSD   | BUY   | entry=None | SL=4151.124 | TP=4163.124 | lot=0.5 | Ratio=1:1 | BasePip=60 | status=SKIPPED_MAX | ret=None
2025-11-27 19:08:40,885 [LIVE] [LOT] Using fixed lot: 0.5
2025-11-27 19:08:40,899 [LIVE] [TRADE] 2025-11-27T12:08:40.885447 | XAUUSD   | BUY   | entry=None | SL=4151.132 | TP=4163.132 | lot=0.5 | Ratio=1:1 | BasePip=60 | status=SKIPPED_MAX | ret=None
2025-11-27 19:08:45,951 [LIVE] [LOT] Using fixed lot: 0.5
2025-11-27 19:08:45,968 [LIVE] [TRADE] 2025-11-27T12:08:45.951860 | XAUUSD   | BUY   | entry=None | SL=4151.305 | TP=4163.305 | lot=0.5 | Ratio=1:1 | BasePip=60 | status=SKIPPED_MAX | ret=None
2025-11-27 19:08:51,020 [LIVE] [LOT] Using fixed lot: 0.5
2025-11-27 19:08:51,021 [LIVE] [TRADE] 2025-11-27T12:08:51.020885 | XAUUSD   | BUY   | entry=None | SL=4151.204 | TP=4163.204 | lot=0.5 | Ratio=1:1 | BasePip=60 | status=SKIPPED_MAX | ret=None
2025-11-27 19:08:56,074 [LIVE] [LOT] Using fixed lot: 0.5
2025-11-27 19:08:56,074 [LIVE] [TRADE] 2025-11-27T12:08:56.074930 | XAUUSD   | BUY   | entry=None | SL=4151.153 | TP=4163.153 | lot=0.5 | Ratio=1:1 | BasePip=60 | status=SKIPPED_MAX | ret=None
2025-11-27 19:18:25,123 [LIVE] [TRAILING] SL updated to 4157.227
2025-11-27 19:20:56,479 [LIVE] [TRAILING] SL updated to 4157.301
2025-11-27 19:21:01,740 [LIVE] [TRAILING] SL updated to 4157.383
2025-11-27 19:22:37,620 [LIVE] [TRAILING] SL updated to 4157.42
2025-11-27 19:22:42,839 [LIVE] [TRAILING] SL updated to 4157.488
2025-11-27 19:22:48,053 [LIVE] [TRAILING] SL updated to 4157.597
2025-11-27 19:22:53,263 [LIVE] [TRAILING] SL updated to 4157.602
2025-11-27 19:22:58,530 [LIVE] [TRAILING] SL updated to 4157.641
2025-11-27 19:25:49,896 [LIVE] BUY hit SL at 4156.764
2025-11-27 19:26:05,000 [LIVE] [LOT] Using fixed lot: 0.5
2025-11-27 19:26:05,373 [LIVE] [TRADE] 2025-11-27T12:26:05.000813 | XAUUSD   | BUY   | entry=4157.746 | SL=4151.634 | TP=4163.634 | lot=0.5 | Ratio=1:1 | BasePip=60 | status=OK | ret=10009
2025-11-27 19:26:10,440 [LIVE] [LOT] Using fixed lot: 0.5
2025-11-27 19:26:10,440 [LIVE] [TRADE] 2025-11-27T12:26:10.440141 | XAUUSD   | BUY   | entry=None | SL=4152.075 | TP=4164.075 | lot=0.5 | Ratio=1:1 | BasePip=60 | status=SKIPPED_MAX | ret=None
2025-11-27 19:26:15,491 [LIVE] [LOT] Using fixed lot: 0.5
2025-11-27 19:26:15,499 [LIVE] [TRADE] 2025-11-27T12:26:15.491787 | XAUUSD   | BUY   | entry=None | SL=4151.839 | TP=4163.839 | lot=0.5 | Ratio=1:1 | BasePip=60 | status=SKIPPED_MAX | ret=None
2025-11-27 19:26:20,563 [LIVE] [LOT] Using fixed lot: 0.5
2025-11-27 19:26:20,563 [LIVE] [TRADE] 2025-11-27T12:26:20.563784 | XAUUSD   | BUY   | entry=None | SL=4151.806 | TP=4163.806 | lot=0.5 | Ratio=1:1 | BasePip=60 | status=SKIPPED_MAX | ret=None
2025-11-27 19:26:25,620 [LIVE] [LOT] Using fixed lot: 0.5
2025-11-27 19:26:25,620 [LIVE] [TRADE] 2025-11-27T12:26:25.620325 | XAUUSD   | BUY   | entry=None | SL=4151.82 | TP=4163.82 | lot=0.5 | Ratio=1:1 | BasePip=60 | status=SKIPPED_MAX | ret=None
2025-11-27 19:26:30,671 [LIVE] [LOT] Using fixed lot: 0.5
2025-11-27 19:26:30,673 [LIVE] [TRADE] 2025-11-27T12:26:30.671038 | XAUUSD   | BUY   | entry=None | SL=4151.773 | TP=4163.773 | lot=0.5 | Ratio=1:1 | BasePip=60 | status=SKIPPED_MAX | ret=None
2025-11-27 19:26:35,735 [LIVE] [LOT] Using fixed lot: 0.5
2025-11-27 19:26:35,735 [LIVE] [TRADE] 2025-11-27T12:26:35.735439 | XAUUSD   | BUY   | entry=None | SL=4151.576 | TP=4163.576 | lot=0.5 | Ratio=1:1 | BasePip=60 | status=SKIPPED_MAX | ret=None
2025-11-27 19:26:40,800 [LIVE] [LOT] Using fixed lot: 0.5
2025-11-27 19:26:40,800 [LIVE] [TRADE] 2025-11-27T12:26:40.800978 | XAUUSD   | BUY   | entry=None | SL=4151.597 | TP=4163.597 | lot=0.5 | Ratio=1:1 | BasePip=60 | status=SKIPPED_MAX | ret=None
2025-11-27 19:26:45,851 [LIVE] [LOT] Using fixed lot: 0.5
2025-11-27 19:26:45,851 [LIVE] [TRADE] 2025-11-27T12:26:45.851560 | XAUUSD   | BUY   | entry=None | SL=4151.525 | TP=4163.525 | lot=0.5 | Ratio=1:1 | BasePip=60 | status=SKIPPED_MAX | ret=None
2025-11-27 19:30:37,558 [LIVE] [LOT] Using fixed lot: 0.5
2025-11-27 19:30:37,561 [LIVE] [TRADE] 2025-11-27T12:30:37.558545 | XAUUSD   | BUY   | entry=None | SL=4151.821 | TP=4163.821 | lot=0.5 | Ratio=1:1 | BasePip=60 | status=SKIPPED_MAX | ret=None
2025-11-27 19:30:42,619 [LIVE] [LOT] Using fixed lot: 0.5
2025-11-27 19:30:42,619 [LIVE] [TRADE] 2025-11-27T12:30:42.619600 | XAUUSD   | BUY   | entry=None | SL=4151.863 | TP=4163.863 | lot=0.5 | Ratio=1:1 | BasePip=60 | status=SKIPPED_MAX | ret=None
2025-11-27 19:34:39,216 [LIVE] [LOT] Using fixed lot: 0.5
2025-11-27 19:34:39,219 [LIVE] [TRADE] 2025-11-27T12:34:39.219004 | XAUUSD   | BUY   | entry=None | SL=4151.577 | TP=4163.577 | lot=0.5 | Ratio=1:1 | BasePip=60 | status=SKIPPED_MAX | ret=None
2025-11-27 19:35:14,470 [LIVE] [LOT] Using fixed lot: 0.5
2025-11-27 19:35:14,470 [LIVE] [TRADE] 2025-11-27T12:35:14.470121 | XAUUSD   | BUY   | entry=None | SL=4151.733 | TP=4163.733 | lot=0.5 | Ratio=1:1 | BasePip=60 | status=SKIPPED_MAX | ret=None
2025-11-27 19:35:39,670 [LIVE] [LOT] Using fixed lot: 0.5
2025-11-27 19:35:39,672 [LIVE] [TRADE] 2025-11-27T12:35:39.670973 | XAUUSD   | BUY   | entry=None | SL=4151.574 | TP=4163.574 | lot=0.5 | Ratio=1:1 | BasePip=60 | status=SKIPPED_MAX | ret=None
2025-11-27 19:35:44,726 [LIVE] [LOT] Using fixed lot: 0.5
2025-11-27 19:35:44,726 [LIVE] [TRADE] 2025-11-27T12:35:44.726246 | XAUUSD   | BUY   | entry=None | SL=4151.55 | TP=4163.55 | lot=0.5 | Ratio=1:1 | BasePip=60 | status=SKIPPED_MAX | ret=None
2025-11-27 19:35:49,783 [LIVE] [LOT] Using fixed lot: 0.5
2025-11-27 19:35:49,783 [LIVE] [TRADE] 2025-11-27T12:35:49.783749 | XAUUSD   | BUY   | entry=None | SL=4151.651 | TP=4163.651 | lot=0.5 | Ratio=1:1 | BasePip=60 | status=SKIPPED_MAX | ret=None
2025-11-27 19:35:54,834 [LIVE] [LOT] Using fixed lot: 0.5
2025-11-27 19:35:54,836 [LIVE] [TRADE] 2025-11-27T12:35:54.834254 | XAUUSD   | BUY   | entry=None | SL=4151.707 | TP=4163.707 | lot=0.5 | Ratio=1:1 | BasePip=60 | status=SKIPPED_MAX | ret=None
2025-11-27 19:35:59,881 [LIVE] [LOT] Using fixed lot: 0.5
2025-11-27 19:35:59,881 [LIVE] [TRADE] 2025-11-27T12:35:59.881454 | XAUUSD   | BUY   | entry=None | SL=4151.693 | TP=4163.693 | lot=0.5 | Ratio=1:1 | BasePip=60 | status=SKIPPED_MAX | ret=None
2025-11-27 19:36:40,333 [LIVE] [TRAILING] SL updated to 4157.369
2025-11-27 19:37:41,068 [LIVE] [TRAILING] SL updated to 4157.434
2025-11-27 19:38:26,809 [LIVE] BUY hit SL at 4157.426
2025-11-27 19:47:52,385 [LIVE] [LOT] Using fixed lot: 0.5
2025-11-27 19:47:52,519 [LIVE] [TRADE] 2025-11-27T12:47:52.385405 | XAUUSD   | BUY   | entry=4157.045 | SL=4150.933 | TP=4162.933 | lot=0.5 | Ratio=1:1 | BasePip=60 | status=OK | ret=10009
2025-11-27 19:48:07,660 [LIVE] [LOT] Using fixed lot: 0.5
2025-11-27 19:48:07,670 [LIVE] [TRADE] 2025-11-27T12:48:07.660802 | XAUUSD   | BUY   | entry=None | SL=4150.954 | TP=4162.954 | lot=0.5 | Ratio=1:1 | BasePip=60 | status=SKIPPED_MAX | ret=None
2025-11-27 19:48:12,712 [LIVE] [LOT] Using fixed lot: 0.5
2025-11-27 19:48:12,712 [LIVE] [TRADE] 2025-11-27T12:48:12.712548 | XAUUSD   | BUY   | entry=None | SL=4151.015 | TP=4163.015 | lot=0.5 | Ratio=1:1 | BasePip=60 | status=SKIPPED_MAX | ret=None
2025-11-27 19:48:17,760 [LIVE] [LOT] Using fixed lot: 0.5
2025-11-27 19:48:17,760 [LIVE] [TRADE] 2025-11-27T12:48:17.760484 | XAUUSD   | BUY   | entry=None | SL=4150.902 | TP=4162.902 | lot=0.5 | Ratio=1:1 | BasePip=60 | status=SKIPPED_MAX | ret=None
2025-11-27 19:48:22,809 [LIVE] [LOT] Using fixed lot: 0.5
2025-11-27 19:48:22,809 [LIVE] [TRADE] 2025-11-27T12:48:22.809305 | XAUUSD   | BUY   | entry=None | SL=4151.01 | TP=4163.01 | lot=0.5 | Ratio=1:1 | BasePip=60 | status=SKIPPED_MAX | ret=None
2025-11-27 19:48:27,848 [LIVE] [LOT] Using fixed lot: 0.5
2025-11-27 19:48:27,848 [LIVE] [TRADE] 2025-11-27T12:48:27.848900 | XAUUSD   | BUY   | entry=None | SL=4151.149 | TP=4163.149 | lot=0.5 | Ratio=1:1 | BasePip=60 | status=SKIPPED_MAX | ret=None
2025-11-27 19:48:32,907 [LIVE] [LOT] Using fixed lot: 0.5
2025-11-27 19:48:32,907 [LIVE] [TRADE] 2025-11-27T12:48:32.907730 | XAUUSD   | BUY   | entry=None | SL=4151.109 | TP=4163.109 | lot=0.5 | Ratio=1:1 | BasePip=60 | status=SKIPPED_MAX | ret=None
2025-11-27 19:48:37,957 [LIVE] [LOT] Using fixed lot: 0.5
2025-11-27 19:48:37,957 [LIVE] [TRADE] 2025-11-27T12:48:37.957178 | XAUUSD   | BUY   | entry=None | SL=4151.246 | TP=4163.246 | lot=0.5 | Ratio=1:1 | BasePip=60 | status=SKIPPED_MAX | ret=None
2025-11-27 19:49:13,212 [LIVE] [LOT] Using fixed lot: 0.5
2025-11-27 19:49:13,212 [LIVE] [TRADE] 2025-11-27T12:49:13.212730 | XAUUSD   | BUY   | entry=None | SL=4150.921 | TP=4162.921 | lot=0.5 | Ratio=1:1 | BasePip=60 | status=SKIPPED_MAX | ret=None
2025-11-27 19:49:18,266 [LIVE] [LOT] Using fixed lot: 0.5
2025-11-27 19:49:18,266 [LIVE] [TRADE] 2025-11-27T12:49:18.266373 | XAUUSD   | BUY   | entry=None | SL=4151.01 | TP=4163.01 | lot=0.5 | Ratio=1:1 | BasePip=60 | status=SKIPPED_MAX | ret=None
2025-11-27 19:49:23,316 [LIVE] [LOT] Using fixed lot: 0.5
2025-11-27 19:49:23,316 [LIVE] [TRADE] 2025-11-27T12:49:23.316001 | XAUUSD   | BUY   | entry=None | SL=4151.095 | TP=4163.095 | lot=0.5 | Ratio=1:1 | BasePip=60 | status=SKIPPED_MAX | ret=None
2025-11-27 19:49:28,366 [LIVE] [LOT] Using fixed lot: 0.5
2025-11-27 19:49:28,367 [LIVE] [TRADE] 2025-11-27T12:49:28.366526 | XAUUSD   | BUY   | entry=None | SL=4151.11 | TP=4163.11 | lot=0.5 | Ratio=1:1 | BasePip=60 | status=SKIPPED_MAX | ret=None
2025-11-27 19:49:33,407 [LIVE] [LOT] Using fixed lot: 0.5
2025-11-27 19:49:33,418 [LIVE] [TRADE] 2025-11-27T12:49:33.407040 | XAUUSD   | BUY   | entry=None | SL=4151.269 | TP=4163.269 | lot=0.5 | Ratio=1:1 | BasePip=60 | status=SKIPPED_MAX | ret=None
2025-11-27 19:49:38,461 [LIVE] [LOT] Using fixed lot: 0.5
2025-11-27 19:49:38,461 [LIVE] [TRADE] 2025-11-27T12:49:38.461293 | XAUUSD   | BUY   | entry=None | SL=4151.304 | TP=4163.304 | lot=0.5 | Ratio=1:1 | BasePip=60 | status=SKIPPED_MAX | ret=None
2025-11-27 19:49:43,516 [LIVE] [LOT] Using fixed lot: 0.5
2025-11-27 19:49:43,516 [LIVE] [TRADE] 2025-11-27T12:49:43.516994 | XAUUSD   | BUY   | entry=None | SL=4151.241 | TP=4163.241 | lot=0.5 | Ratio=1:1 | BasePip=60 | status=SKIPPED_MAX | ret=None
2025-11-27 19:49:48,565 [LIVE] [LOT] Using fixed lot: 0.5
2025-11-27 19:49:48,567 [LIVE] [TRADE] 2025-11-27T12:49:48.565933 | XAUUSD   | BUY   | entry=None | SL=4151.345 | TP=4163.345 | lot=0.5 | Ratio=1:1 | BasePip=60 | status=SKIPPED_MAX | ret=None
2025-11-27 19:49:53,616 [LIVE] [LOT] Using fixed lot: 0.5
2025-11-27 19:49:53,616 [LIVE] [TRADE] 2025-11-27T12:49:53.616565 | XAUUSD   | BUY   | entry=None | SL=4151.413 | TP=4163.413 | lot=0.5 | Ratio=1:1 | BasePip=60 | status=SKIPPED_MAX | ret=None
2025-11-27 19:49:58,664 [LIVE] [LOT] Using fixed lot: 0.5
2025-11-27 19:49:58,664 [LIVE] [TRADE] 2025-11-27T12:49:58.664824 | XAUUSD   | BUY   | entry=None | SL=4151.554 | TP=4163.554 | lot=0.5 | Ratio=1:1 | BasePip=60 | status=SKIPPED_MAX | ret=None
2025-11-27 20:16:08,026 [LIVE] BUY hit SL at 4150.51
2025-11-27 20:41:20,230 [LIVE] [LOT] Using fixed lot: 0.5
2025-11-27 20:41:20,366 [LIVE] [TRADE] 2025-11-27T13:41:20.231009 | XAUUSD   | BUY   | entry=4157.325 | SL=4151.213 | TP=4163.213 | lot=0.5 | Ratio=1:1 | BasePip=60 | status=OK | ret=10009
2025-11-27 20:41:30,443 [LIVE] [LOT] Using fixed lot: 0.5
2025-11-27 20:41:30,587 [LIVE] [TRADE] 2025-11-27T13:41:30.443453 | XAUUSD   | BUY   | entry=4157.269 | SL=4151.157 | TP=4163.157 | lot=0.5 | Ratio=1:1 | BasePip=60 | status=OK | ret=10009
2025-11-27 20:41:35,660 [LIVE] [LOT] Using fixed lot: 0.5
2025-11-27 20:41:35,660 [LIVE] [TRADE] 2025-11-27T13:41:35.660918 | XAUUSD   | BUY   | entry=None | SL=4151.172 | TP=4163.172 | lot=0.5 | Ratio=1:1 | BasePip=60 | status=SKIPPED_MAX | ret=None
2025-11-27 20:53:45,626 [LIVE] [LOT] Using fixed lot: 0.5
2025-11-27 20:53:45,626 [LIVE] [TRADE] 2025-11-27T13:53:45.626427 | XAUUSD   | BUY   | entry=None | SL=4150.122 | TP=4162.122 | lot=0.5 | Ratio=1:1 | BasePip=60 | status=SKIPPED_MAX | ret=None
2025-11-27 21:04:55,941 [LIVE] [LOT] Using fixed lot: 0.5
2025-11-27 21:04:55,943 [LIVE] [TRADE] 2025-11-27T14:04:55.941492 | XAUUSD   | BUY   | entry=None | SL=4149.969 | TP=4161.969 | lot=0.5 | Ratio=1:1 | BasePip=60 | status=SKIPPED_MAX | ret=None
2025-11-27 21:06:31,795 [LIVE] [LOT] Using fixed lot: 0.5
2025-11-27 21:06:31,796 [LIVE] [TRADE] 2025-11-27T14:06:31.795423 | XAUUSD   | BUY   | entry=None | SL=4150.577 | TP=4162.577 | lot=0.5 | Ratio=1:1 | BasePip=60 | status=SKIPPED_MAX | ret=None
2025-11-27 21:06:36,851 [LIVE] [LOT] Using fixed lot: 0.5
2025-11-27 21:06:36,852 [LIVE] [TRADE] 2025-11-27T14:06:36.851073 | XAUUSD   | BUY   | entry=None | SL=4150.658 | TP=4162.658 | lot=0.5 | Ratio=1:1 | BasePip=60 | status=SKIPPED_MAX | ret=None
2025-11-27 21:06:41,903 [LIVE] [LOT] Using fixed lot: 0.5
2025-11-27 21:06:41,908 [LIVE] [TRADE] 2025-11-27T14:06:41.903312 | XAUUSD   | BUY   | entry=None | SL=4150.718 | TP=4162.718 | lot=0.5 | Ratio=1:1 | BasePip=60 | status=SKIPPED_MAX | ret=None
2025-11-27 21:06:46,954 [LIVE] [LOT] Using fixed lot: 0.5
2025-11-27 21:06:46,954 [LIVE] [TRADE] 2025-11-27T14:06:46.954786 | XAUUSD   | BUY   | entry=None | SL=4150.275 | TP=4162.275 | lot=0.5 | Ratio=1:1 | BasePip=60 | status=SKIPPED_MAX | ret=None
2025-11-27 21:06:52,011 [LIVE] [LOT] Using fixed lot: 0.5
2025-11-27 21:06:52,014 [LIVE] [TRADE] 2025-11-27T14:06:52.011033 | XAUUSD   | BUY   | entry=None | SL=4150.368 | TP=4162.368 | lot=0.5 | Ratio=1:1 | BasePip=60 | status=SKIPPED_MAX | ret=None
2025-11-27 21:06:57,069 [LIVE] [LOT] Using fixed lot: 0.5
2025-11-27 21:06:57,069 [LIVE] [TRADE] 2025-11-27T14:06:57.069802 | XAUUSD   | BUY   | entry=None | SL=4150.423 | TP=4162.423 | lot=0.5 | Ratio=1:1 | BasePip=60 | status=SKIPPED_MAX | ret=None
2025-11-27 21:08:37,747 [LIVE] [LOT] Using fixed lot: 0.5
2025-11-27 21:08:37,747 [LIVE] [TRADE] 2025-11-27T14:08:37.747463 | XAUUSD   | BUY   | entry=None | SL=4151.187 | TP=4163.187 | lot=0.5 | Ratio=1:1 | BasePip=60 | status=SKIPPED_MAX | ret=None
2025-11-27 21:08:42,794 [LIVE] [LOT] Using fixed lot: 0.5
2025-11-27 21:08:42,797 [LIVE] [TRADE] 2025-11-27T14:08:42.794227 | XAUUSD   | BUY   | entry=None | SL=4151.203 | TP=4163.203 | lot=0.5 | Ratio=1:1 | BasePip=60 | status=SKIPPED_MAX | ret=None
2025-11-27 21:08:47,848 [LIVE] [LOT] Using fixed lot: 0.5
2025-11-27 21:08:47,848 [LIVE] [TRADE] 2025-11-27T14:08:47.848049 | XAUUSD   | BUY   | entry=None | SL=4151.294 | TP=4163.294 | lot=0.5 | Ratio=1:1 | BasePip=60 | status=SKIPPED_MAX | ret=None
2025-11-27 21:08:57,928 [LIVE] [LOT] Using fixed lot: 0.5
2025-11-27 21:08:57,930 [LIVE] [TRADE] 2025-11-27T14:08:57.928123 | XAUUSD   | BUY   | entry=None | SL=4151.773 | TP=4163.773 | lot=0.5 | Ratio=1:1 | BasePip=60 | status=SKIPPED_MAX | ret=None
2025-11-27 21:09:18,231 [LIVE] [TRAILING] SL updated to 4157.394
2025-11-27 21:09:23,441 [LIVE] [TRAILING] SL updated to 4157.72
2025-11-27 21:09:33,521 [LIVE] BUY hit SL at 4157.6
2025-11-27 21:10:24,047 [LIVE] [TRAILING] SL updated to 4157.461
2025-11-27 21:10:34,289 [LIVE] [TRAILING] SL updated to 4157.474
2025-11-27 21:15:11,205 [LIVE] [LOT] Using fixed lot: 0.5
2025-11-27 21:15:11,497 [LIVE] [TRADE] 2025-11-27T14:15:11.205421 | XAUUSD   | SELL  | entry=4157.797 | SL=4163.797 | TP=4151.797 | lot=0.5 | Ratio=1:1 | BasePip=60 | status=OK | ret=10009
2025-11-27 21:27:47,496 [LIVE] [LOT] Using fixed lot: 0.5
2025-11-27 21:27:47,632 [LIVE] [TRADE] 2025-11-27T14:27:47.496694 | XAUUSD   | SELL  | entry=4157.553 | SL=4163.553 | TP=4151.553 | lot=0.5 | Ratio=1:1 | BasePip=60 | status=OK | ret=10009
2025-11-27 21:27:52,678 [LIVE] [LOT] Using fixed lot: 0.5
2025-11-27 21:27:52,678 [LIVE] [TRADE] 2025-11-27T14:27:52.678952 | XAUUSD   | SELL  | entry=None | SL=4163.806 | TP=4151.806 | lot=0.5 | Ratio=1:1 | BasePip=60 | status=SKIPPED_MAX | ret=None
2025-11-27 21:27:57,724 [LIVE] [LOT] Using fixed lot: 0.5
2025-11-27 21:27:57,724 [LIVE] [TRADE] 2025-11-27T14:27:57.724613 | XAUUSD   | SELL  | entry=None | SL=4163.817 | TP=4151.817 | lot=0.5 | Ratio=1:1 | BasePip=60 | status=SKIPPED_MAX | ret=None
2025-11-27 21:33:21,158 [LIVE] [TRAILING] SL updated to 4157.73
2025-11-27 21:33:51,402 [LIVE] SELL hit SL at 4158.133
2025-11-27 21:38:48,785 [LIVE] [LOT] Using fixed lot: 0.5
2025-11-27 21:38:48,930 [LIVE] [TRADE] 2025-11-27T14:38:48.787506 | XAUUSD   | SELL  | entry=4157.513 | SL=4163.513 | TP=4151.513 | lot=0.5 | Ratio=1:1 | BasePip=60 | status=OK | ret=10009
2025-11-27 21:40:09,692 [LIVE] [TRAILING] SL updated to 4156.353
2025-11-27 21:40:20,392 [LIVE] [TRAILING] SL updated to 4155.62
2025-11-27 21:40:25,922 [LIVE] [TRAILING] SL updated to 4154.896
2025-11-27 21:40:31,444 [LIVE] [TRAILING] SL updated to 4154.118
2025-11-27 21:40:42,104 [LIVE] [TRAILING] SL updated to 4154.584
2025-11-27 21:40:52,216 [LIVE] SELL hit SL at 4154.935
2025-11-27 21:46:10,072 [LIVE] [LOT] Using fixed lot: 0.5
2025-11-27 21:46:10,073 [LIVE] [TRADE] 2025-11-27T14:46:10.072475 | XAUUSD   | SELL  | entry=None | SL=4163.255 | TP=4151.255 | lot=0.5 | Ratio=1:1 | BasePip=60 | status=SKIPPED_MAX | ret=None
2025-11-27 21:46:15,145 [LIVE] [LOT] Using fixed lot: 0.5
2025-11-27 21:46:15,145 [LIVE] [TRADE] 2025-11-27T14:46:15.145883 | XAUUSD   | SELL  | entry=None | SL=4163.361 | TP=4151.361 | lot=0.5 | Ratio=1:1 | BasePip=60 | status=SKIPPED_MAX | ret=None
2025-11-27 21:46:20,203 [LIVE] [LOT] Using fixed lot: 0.5
2025-11-27 21:46:20,204 [LIVE] [TRADE] 2025-11-27T14:46:20.203028 | XAUUSD   | SELL  | entry=None | SL=4162.853 | TP=4150.853 | lot=0.5 | Ratio=1:1 | BasePip=60 | status=SKIPPED_MAX | ret=None
2025-11-27 21:46:25,246 [LIVE] [LOT] Using fixed lot: 0.5
2025-11-27 21:46:25,246 [LIVE] [TRADE] 2025-11-27T14:46:25.246862 | XAUUSD   | SELL  | entry=None | SL=4162.57 | TP=4150.57 | lot=0.5 | Ratio=1:1 | BasePip=60 | status=SKIPPED_MAX | ret=None
2025-11-27 21:46:30,303 [LIVE] [LOT] Using fixed lot: 0.5
2025-11-27 21:46:30,304 [LIVE] [TRADE] 2025-11-27T14:46:30.303862 | XAUUSD   | SELL  | entry=None | SL=4162.366 | TP=4150.366 | lot=0.5 | Ratio=1:1 | BasePip=60 | status=SKIPPED_MAX | ret=None
2025-11-27 21:46:35,538 [LIVE] [LOT] Using fixed lot: 0.5
2025-11-27 21:46:35,538 [LIVE] [TRADE] 2025-11-27T14:46:35.538294 | XAUUSD   | SELL  | entry=None | SL=4162.626 | TP=4150.626 | lot=0.5 | Ratio=1:1 | BasePip=60 | status=SKIPPED_MAX | ret=None
2025-11-27 21:46:40,593 [LIVE] [LOT] Using fixed lot: 0.5
2025-11-27 21:46:40,593 [LIVE] [TRADE] 2025-11-27T14:46:40.593504 | XAUUSD   | SELL  | entry=None | SL=4162.549 | TP=4150.549 | lot=0.5 | Ratio=1:1 | BasePip=60 | status=SKIPPED_MAX | ret=None
2025-11-27 21:46:45,813 [LIVE] [LOT] Using fixed lot: 0.5
2025-11-27 21:46:45,814 [LIVE] [TRADE] 2025-11-27T14:46:45.813234 | XAUUSD   | SELL  | entry=None | SL=4162.666 | TP=4150.666 | lot=0.5 | Ratio=1:1 | BasePip=60 | status=SKIPPED_MAX | ret=None
2025-11-27 21:46:51,038 [LIVE] [LOT] Using fixed lot: 0.5
2025-11-27 21:46:51,040 [LIVE] [TRADE] 2025-11-27T14:46:51.038006 | XAUUSD   | SELL  | entry=None | SL=4162.491 | TP=4150.491 | lot=0.5 | Ratio=1:1 | BasePip=60 | status=SKIPPED_MAX | ret=None
2025-11-27 21:46:56,260 [LIVE] [LOT] Using fixed lot: 0.5
2025-11-27 21:46:56,260 [LIVE] [TRADE] 2025-11-27T14:46:56.260588 | XAUUSD   | SELL  | entry=None | SL=4162.283 | TP=4150.283 | lot=0.5 | Ratio=1:1 | BasePip=60 | status=SKIPPED_MAX | ret=None
2025-11-27 21:47:26,486 [LIVE] [LOT] Using fixed lot: 0.5
2025-11-27 21:47:26,486 [LIVE] [TRADE] 2025-11-27T14:47:26.486067 | XAUUSD   | BUY   | entry=None | SL=4151.592 | TP=4163.592 | lot=0.5 | Ratio=1:1 | BasePip=60 | status=SKIPPED_MAX | ret=None
2025-11-27 22:17:43,493 [LIVE] [TRAILING] SL updated to 4158.13
2025-11-27 22:19:09,457 [LIVE] [TRAILING] SL updated to 4158.136
2025-11-27 22:20:40,408 [LIVE] [TRAILING] SL updated to 4158.2
2025-11-27 22:20:45,577 [LIVE] [TRAILING] SL updated to 4158.615
2025-11-27 22:20:50,772 [LIVE] [TRAILING] SL updated to 4158.791
2025-11-27 22:21:06,003 [LIVE] [TRAILING] SL updated to 4158.801
2025-11-27 22:21:46,495 [LIVE] [TRAILING] SL updated to 4159.095
2025-11-27 22:21:51,686 [LIVE] [TRAILING] SL updated to 4159.325
2025-11-27 22:22:01,929 [LIVE] [TRAILING] SL updated to 4159.425
2025-11-27 22:22:12,175 [LIVE] [TRAILING] SL updated to 4159.428
2025-11-27 22:23:02,774 [LIVE] [TRAILING] SL updated to 4159.583
2025-11-27 22:23:13,053 [LIVE] [TRAILING] SL updated to 4159.609
2025-11-27 22:24:13,752 [LIVE] [TRAILING] SL updated to 4158.925
2025-11-27 22:24:34,385 [LIVE] [TRAILING] SL updated to 4158.998
2025-11-27 22:24:39,565 [LIVE] [TRAILING] SL updated to 4159.153
2025-11-27 22:24:44,823 [LIVE] [TRAILING] SL updated to 4159.178
2025-11-27 22:25:40,477 [LIVE] [TRAILING] SL updated to 4159.415
2025-11-27 22:26:00,814 [LIVE] [TRAILING] SL updated to 4159.458
2025-11-27 22:26:16,102 [LIVE] [TRAILING] SL updated to 4159.698
2025-11-27 22:26:31,424 [LIVE] [TRAILING] SL updated to 4159.919
2025-11-27 22:26:41,661 [LIVE] [TRAILING] SL updated to 4159.931
2025-11-27 22:26:51,904 [LIVE] [TRAILING] SL updated to 4160.231
2025-11-27 22:27:07,178 [LIVE] [TRAILING] SL updated to 4160.302
2025-11-27 22:27:17,746 [LIVE] [TRAILING] SL updated to 4160.34
2025-11-27 22:27:22,935 [LIVE] [TRAILING] SL updated to 4160.347
2025-11-27 22:27:28,140 [LIVE] [TRAILING] SL updated to 4160.419
2025-11-27 22:27:33,319 [LIVE] [TRAILING] SL updated to 4160.672
2025-11-27 22:28:18,876 [LIVE] [TRAILING] SL updated to 4160.033
2025-11-27 22:28:24,068 [LIVE] [TRAILING] SL updated to 4160.152
2025-11-27 22:28:29,260 [LIVE] [TRAILING] SL updated to 4160.177
2025-11-27 22:29:05,301 [LIVE] [TRAILING] SL updated to 4160.183
2025-11-27 22:29:10,507 [LIVE] [TRAILING] SL updated to 4160.571
2025-11-27 22:29:25,766 [LIVE] [TRAILING] SL updated to 4160.59
2025-11-27 22:30:06,189 [LIVE] [TRAILING] SL updated to 4159.296
2025-11-27 22:30:11,348 [LIVE] [TRAILING] SL updated to 4159.677
2025-11-27 22:30:26,557 [LIVE] [TRAILING] SL updated to 4159.749
2025-11-27 22:33:33,350 [LIVE] [TRAILING] SL updated to 4158.71
2025-11-27 22:33:38,529 [LIVE] [TRAILING] SL updated to 4158.719
2025-11-27 22:33:43,999 [LIVE] [TRAILING] SL updated to 4158.877
2025-11-27 22:35:50,266 [LIVE] [TRAILING] SL updated to 4157.794
2025-11-27 22:35:55,458 [LIVE] [TRAILING] SL updated to 4157.887
2025-11-27 22:36:10,708 [LIVE] [TRAILING] SL updated to 4158.026
2025-11-27 22:38:19,897 [LIVE] [TRAILING] SL updated to 4158.692
2025-11-27 22:38:25,057 [LIVE] [TRAILING] SL updated to 4158.702
2025-11-27 22:38:30,242 [LIVE] [TRAILING] SL updated to 4158.731
2025-11-27 22:40:26,195 [LIVE] [TRAILING] SL updated to 4157.779
2025-11-27 22:40:36,420 [LIVE] [TRAILING] SL updated to 4157.933
2025-11-27 22:40:41,644 [LIVE] [TRAILING] SL updated to 4158.044
2025-11-27 22:40:46,964 [LIVE] [TRAILING] SL updated to 4158.186
2025-11-27 22:41:48,419 [LIVE] [TRAILING] SL updated to 4158.262
2025-11-27 22:42:03,759 [LIVE] [TRAILING] SL updated to 4158.372
2025-11-27 22:42:13,966 [LIVE] [TRAILING] SL updated to 4158.421
2025-11-27 22:42:34,320 [LIVE] [TRAILING] SL updated to 4158.679
2025-11-27 22:42:39,527 [LIVE] [TRAILING] SL updated to 4158.792
2025-11-27 22:42:44,715 [LIVE] [TRAILING] SL updated to 4158.821
2025-11-27 22:43:15,107 [LIVE] [TRAILING] SL updated to 4158.833
2025-11-27 22:43:20,360 [LIVE] [TRAILING] SL updated to 4158.953
2025-11-27 22:43:30,586 [LIVE] [TRAILING] SL updated to 4159.056
2025-11-27 22:44:05,946 [LIVE] [TRAILING] SL updated to 4159.108
2025-11-27 22:44:16,158 [LIVE] [TRAILING] SL updated to 4159.222
2025-11-27 22:46:07,150 [LIVE] [TRAILING] SL updated to 4159.281
2025-11-27 22:46:32,484 [LIVE] [TRAILING] SL updated to 4159.295
2025-11-27 22:47:23,055 [LIVE] [TRAILING] SL updated to 4159.373
2025-11-27 22:48:23,673 [LIVE] [TRAILING] SL updated to 4159.567
2025-11-27 22:48:28,842 [LIVE] [TRAILING] SL updated to 4159.569
2025-11-27 22:50:09,665 [LIVE] [TRAILING] SL updated to 4159.618
2025-11-27 22:50:35,055 [LIVE] [TRAILING] SL updated to 4159.648
2025-11-27 22:51:40,724 [LIVE] [TRAILING] SL updated to 4158.876
2025-11-27 22:51:55,946 [LIVE] [TRAILING] SL updated to 4159.045
2025-11-27 22:52:06,285 [LIVE] [TRAILING] SL updated to 4159.113
2025-11-27 22:52:11,502 [LIVE] [TRAILING] SL updated to 4159.134
2025-11-27 22:54:15,059 [LIVE] [TRAILING] SL updated to 4157.985
2025-11-27 22:54:20,249 [LIVE] [TRAILING] SL updated to 4158.111
2025-11-27 22:54:25,424 [LIVE] [TRAILING] SL updated to 4158.131
2025-11-27 22:54:30,603 [LIVE] [TRAILING] SL updated to 4158.15
2025-11-27 22:54:46,163 [LIVE] [TRAILING] SL updated to 4158.279
2025-11-27 22:57:03,605 [LIVE] [TRAILING] SL updated to 4157.238
2025-11-27 23:22:39,398 [LIVE] [LOT] Using fixed lot: 0.5
2025-11-27 23:22:40,540 [LIVE] [LOG] 2025-11-27T16:22:39.398325 | XAUUSD   | SELL  | entry=4154.096 | SL=4160.096 | TF=1 | status=OK | comment=LiveEngineScreen
2025-11-27 23:22:45,570 [LIVE] [LOT] Using fixed lot: 0.5
2025-11-27 23:22:46,142 [LIVE] [LOG] 2025-11-27T16:22:45.570644 | XAUUSD   | SELL  | entry=4153.747 | SL=4159.747 | TF=1 | status=OK | comment=LiveEngineScreen
2025-11-27 23:22:51,176 [LIVE] [LOT] Using fixed lot: 0.5
2025-11-27 23:22:51,544 [LIVE] [LOG] 2025-11-27T16:22:51.176160 | XAUUSD   | SELL  | entry=None | SL=4159.961 | TF=1 | status=SKIPPED_MAX | comment=Max trades reached for XAUUSD
2025-11-27 23:22:56,584 [LIVE] [LOT] Using fixed lot: 0.5
2025-11-27 23:22:56,952 [LIVE] [LOG] 2025-11-27T16:22:56.584997 | XAUUSD   | SELL  | entry=None | SL=4159.957 | TF=1 | status=SKIPPED_MAX | comment=Max trades reached for XAUUSD
2025-11-27 23:24:03,069 [LIVE] [LOG] 2025-11-27T16:24:02.683437 | XAUUSD   | SELL  | entry=4154.0960000000005 | SL=4154.067 | TF=1 | status=TRAILING_UPDATE | comment=Moved SL to 4154.067 (Profit > 10 pips)
2025-11-27 23:25:35,072 [LIVE] [LOG] 2025-11-27T16:25:34.709851 | XAUUSD   | SELL  | entry=4154.0960000000005 | SL=4153.971 | TF=1 | status=TRAILING_UPDATE | comment=Moved SL to 4153.971 (Profit > 10 pips)
2025-11-27 23:25:41,272 [LIVE] [LOG] 2025-11-27T16:25:40.769942 | XAUUSD   | SELL  | entry=4154.0960000000005 | SL=4153.825 | TF=1 | status=TRAILING_UPDATE | comment=Moved SL to 4153.825 (Profit > 10 pips)
2025-11-27 23:25:47,152 [LIVE] [LOG] 2025-11-27T16:25:46.784273 | XAUUSD   | SELL  | entry=4154.0960000000005 | SL=4153.738 | TF=1 | status=TRAILING_UPDATE | comment=Moved SL to 4153.738 (Profit > 10 pips)
2025-11-27 23:25:53,005 [LIVE] [LOG] 2025-11-27T16:25:52.657973 | XAUUSD   | SELL  | entry=4154.0960000000005 | SL=4153.632 | TF=1 | status=TRAILING_UPDATE | comment=Moved SL to 4153.632 (Profit > 10 pips)
2025-11-27 23:26:34,535 [LIVE] [LOG] 2025-11-27T16:26:34.153622 | XAUUSD   | SELL  | entry=4154.0960000000005 | SL=4153.342 | TF=1 | status=TRAILING_UPDATE | comment=Moved SL to 4153.342 (Profit > 10 pips)
2025-11-27 23:26:40,053 [LIVE] [LOG] 2025-11-27T16:26:39.686492 | XAUUSD   | SELL  | entry=4154.0960000000005 | SL=4153.238 | TF=1 | status=TRAILING_UPDATE | comment=Moved SL to 4153.238 (Profit > 10 pips)
2025-11-27 23:26:46,226 [LIVE] [LOG] 2025-11-27T16:26:45.270081 | XAUUSD   | SELL  | entry=4154.0960000000005 | SL=4153.152 | TF=1 | status=TRAILING_UPDATE | comment=Moved SL to 4153.152 (Profit > 10 pips)
2025-11-27 23:26:51,770 [LIVE] [LOG] 2025-11-27T16:26:51.434359 | XAUUSD   | SELL  | entry=4154.0960000000005 | SL=4152.635 | TF=1 | status=TRAILING_UPDATE | comment=Moved SL to 4152.635 (Profit > 10 pips)
2025-11-27 23:27:07,868 [LIVE] [LOG] 2025-11-27T16:27:07.346487 | XAUUSD   | SELL  | entry=4153.747 | SL=4153.376 | TF=1 | status=TRAILING_UPDATE | comment=Moved SL to 4153.376 (Profit > 10 pips)
2025-11-27 23:27:33,021 [LIVE] SELL hit SL at 4153.719
2025-11-27 23:27:33,619 [LIVE] [LOG] 2025-11-27T16:27:33.019865 | XAUUSD   | SELL  | entry=4153.747 | SL=4153.376 | TF=1 | status=SL_HIT | comment=SELL hit SL at 4153.719
2025-11-27 23:46:04,535 [LIVE] [LOT] Using fixed lot: 0.5
2025-11-27 23:46:05,737 [LIVE] [LOG] 2025-11-27T16:46:04.535956 | XAUUSD   | BUY   | entry=4155.669 | SL=4149.557 | TF=1 | status=OK | comment=LiveEngineScreen
2025-11-27 23:46:10,772 [LIVE] [LOT] Using fixed lot: 0.5
2025-11-27 23:46:11,266 [LIVE] [LOG] 2025-11-27T16:46:10.772425 | XAUUSD   | BUY   | entry=4155.751 | SL=4149.639 | TF=1 | status=OK | comment=LiveEngineScreen
2025-11-27 23:46:16,312 [LIVE] [LOT] Using fixed lot: 0.5
2025-11-27 23:46:16,683 [LIVE] [LOG] 2025-11-27T16:46:16.312671 | XAUUSD   | BUY   | entry=None | SL=4149.577 | TF=1 | status=SKIPPED_MAX | comment=Max trades reached for XAUUSD
2025-11-27 23:46:21,716 [LIVE] [LOT] Using fixed lot: 0.5
2025-11-27 23:46:22,049 [LIVE] [LOG] 2025-11-27T16:46:21.716591 | XAUUSD   | BUY   | entry=None | SL=4149.743 | TF=1 | status=SKIPPED_MAX | comment=Max trades reached for XAUUSD
2025-11-27 23:46:27,083 [LIVE] [LOT] Using fixed lot: 0.5
2025-11-27 23:46:27,475 [LIVE] [LOG] 2025-11-27T16:46:27.083660 | XAUUSD   | BUY   | entry=None | SL=4149.684 | TF=1 | status=SKIPPED_MAX | comment=Max trades reached for XAUUSD
2025-11-27 23:46:32,510 [LIVE] [LOT] Using fixed lot: 0.5
2025-11-27 23:46:32,852 [LIVE] [LOG] 2025-11-27T16:46:32.510728 | XAUUSD   | BUY   | entry=None | SL=4149.675 | TF=1 | status=SKIPPED_MAX | comment=Max trades reached for XAUUSD
2025-11-27 23:46:37,910 [LIVE] [LOT] Using fixed lot: 0.5
2025-11-27 23:46:38,289 [LIVE] [LOG] 2025-11-27T16:46:37.910753 | XAUUSD   | BUY   | entry=None | SL=4149.626 | TF=1 | status=SKIPPED_MAX | comment=Max trades reached for XAUUSD
2025-11-27 23:46:43,328 [LIVE] [LOT] Using fixed lot: 0.5
2025-11-27 23:46:43,673 [LIVE] [LOG] 2025-11-27T16:46:43.328569 | XAUUSD   | BUY   | entry=None | SL=4149.664 | TF=1 | status=SKIPPED_MAX | comment=Max trades reached for XAUUSD
2025-11-27 23:46:48,721 [LIVE] [LOT] Using fixed lot: 0.5
2025-11-27 23:46:49,097 [LIVE] [LOG] 2025-11-27T16:46:48.721279 | XAUUSD   | BUY   | entry=None | SL=4149.67 | TF=1 | status=SKIPPED_MAX | comment=Max trades reached for XAUUSD
2025-11-27 23:46:54,138 [LIVE] [LOT] Using fixed lot: 0.5
2025-11-27 23:46:54,481 [LIVE] [LOG] 2025-11-27T16:46:54.138975 | XAUUSD   | BUY   | entry=None | SL=4149.67 | TF=1 | status=SKIPPED_MAX | comment=Max trades reached for XAUUSD
2025-11-27 23:46:59,520 [LIVE] [LOT] Using fixed lot: 0.5
2025-11-27 23:46:59,879 [LIVE] [LOG] 2025-11-27T16:46:59.520181 | XAUUSD   | BUY   | entry=None | SL=4149.621 | TF=1 | status=SKIPPED_MAX | comment=Max trades reached for XAUUSD
2025-11-27 23:49:16,170 [LIVE] [LOG] 2025-11-27T16:49:15.780938 | XAUUSD   | BUY   | entry=4155.669 | SL=4155.776 | TF=1 | status=TRAILING_UPDATE | comment=Moved SL to 4155.776 (Profit > 10 pips)
2025-11-27 23:49:21,656 [LIVE] [LOG] 2025-11-27T16:49:21.323129 | XAUUSD   | BUY   | entry=4155.669 | SL=4155.839 | TF=1 | status=TRAILING_UPDATE | comment=Moved SL to 4155.839 (Profit > 10 pips)
2025-11-27 23:49:37,262 [LIVE] [LOG] 2025-11-27T16:49:36.885414 | XAUUSD   | BUY   | entry=4155.669 | SL=4155.87 | TF=1 | status=TRAILING_UPDATE | comment=Moved SL to 4155.87 (Profit > 10 pips)
2025-11-27 23:50:02,927 [LIVE] [LOG] 2025-11-27T16:50:02.545293 | XAUUSD   | BUY   | entry=4155.669 | SL=4156.143 | TF=1 | status=TRAILING_UPDATE | comment=Moved SL to 4156.143 (Profit > 10 pips)
2025-11-27 23:50:08,478 [LIVE] [LOG] 2025-11-27T16:50:08.097358 | XAUUSD   | BUY   | entry=4155.669 | SL=4156.168 | TF=1 | status=TRAILING_UPDATE | comment=Moved SL to 4156.168 (Profit > 10 pips)
2025-11-27 23:50:14,024 [LIVE] [LOG] 2025-11-27T16:50:13.646465 | XAUUSD   | BUY   | entry=4155.669 | SL=4156.235 | TF=1 | status=TRAILING_UPDATE | comment=Moved SL to 4156.235 (Profit > 10 pips)
2025-11-27 23:50:19,552 [LIVE] [LOG] 2025-11-27T16:50:19.205259 | XAUUSD   | BUY   | entry=4155.669 | SL=4156.267 | TF=1 | status=TRAILING_UPDATE | comment=Moved SL to 4156.267 (Profit > 10 pips)
2025-11-27 23:50:25,129 [LIVE] [LOG] 2025-11-27T16:50:24.739231 | XAUUSD   | BUY   | entry=4155.669 | SL=4156.289 | TF=1 | status=TRAILING_UPDATE | comment=Moved SL to 4156.289 (Profit > 10 pips)
2025-11-27 23:50:30,644 [LIVE] [LOG] 2025-11-27T16:50:30.288954 | XAUUSD   | BUY   | entry=4155.669 | SL=4156.383 | TF=1 | status=TRAILING_UPDATE | comment=Moved SL to 4156.383 (Profit > 10 pips)
2025-11-27 23:51:56,119 [LIVE] BUY hit SL at 4156.241
2025-11-27 23:51:56,615 [LIVE] [LOG] 2025-11-27T16:51:56.117158 | XAUUSD   | BUY   | entry=4155.639 | SL=4156.383 | TF=1 | status=SL_HIT | comment=BUY hit SL at 4156.241
2025-11-27 23:55:24,208 [LIVE] [LOT] Using fixed lot: 0.5
2025-11-27 23:55:24,748 [LIVE] [LOG] 2025-11-27T16:55:24.213332 | XAUUSD   | BUY   | entry=4155.751 | SL=4149.639 | TF=1 | status=OK | comment=LiveEngineScreen
2025-11-27 23:55:29,794 [LIVE] [LOT] Using fixed lot: 0.5
2025-11-27 23:55:30,140 [LIVE] [LOG] 2025-11-27T16:55:29.794032 | XAUUSD   | BUY   | entry=None | SL=4149.661 | TF=1 | status=SKIPPED_MAX | comment=Max trades reached for XAUUSD
2025-11-27 23:55:35,183 [LIVE] [LOT] Using fixed lot: 0.5
2025-11-27 23:55:35,559 [LIVE] [LOG] 2025-11-27T16:55:35.183057 | XAUUSD   | BUY   | entry=None | SL=4149.688 | TF=1 | status=SKIPPED_MAX | comment=Max trades reached for XAUUSD
2025-11-27 23:55:40,608 [LIVE] [LOT] Using fixed lot: 0.5
2025-11-27 23:55:40,958 [LIVE] [LOG] 2025-11-27T16:55:40.608898 | XAUUSD   | BUY   | entry=None | SL=4149.738 | TF=1 | status=SKIPPED_MAX | comment=Max trades reached for XAUUSD
2025-11-27 23:55:45,994 [LIVE] [LOT] Using fixed lot: 0.5
2025-11-27 23:55:46,356 [LIVE] [LOG] 2025-11-27T16:55:45.994450 | XAUUSD   | BUY   | entry=None | SL=4149.936 | TF=1 | status=SKIPPED_MAX | comment=Max trades reached for XAUUSD
2025-11-27 23:55:51,398 [LIVE] [LOT] Using fixed lot: 0.5
2025-11-27 23:55:51,729 [LIVE] [LOG] 2025-11-27T16:55:51.398601 | XAUUSD   | BUY   | entry=None | SL=4150.077 | TF=1 | status=SKIPPED_MAX | comment=Max trades reached for XAUUSD
2025-11-27 23:55:56,776 [LIVE] [LOT] Using fixed lot: 0.5
2025-11-27 23:55:57,147 [LIVE] [LOG] 2025-11-27T16:55:56.776895 | XAUUSD   | BUY   | entry=None | SL=4150.082 | TF=1 | status=SKIPPED_MAX | comment=Max trades reached for XAUUSD
2025-11-27 23:56:32,928 [LIVE] [LOG] 2025-11-27T16:56:32.479905 | XAUUSD   | BUY   | entry=4155.751 | SL=4155.759 | TF=1 | status=TRAILING_UPDATE | comment=Moved SL to 4155.759 (Profit > 10 pips)
2025-11-27 23:57:34,892 [LIVE] [LOG] 2025-11-27T16:57:34.546031 | XAUUSD   | BUY   | entry=4155.751 | SL=4155.863 | TF=1 | status=TRAILING_UPDATE | comment=Moved SL to 4155.863 (Profit > 10 pips)
2025-11-27 23:57:45,795 [LIVE] [LOG] 2025-11-27T16:57:45.431170 | XAUUSD   | BUY   | entry=4155.751 | SL=4155.87 | TF=1 | status=TRAILING_UPDATE | comment=Moved SL to 4155.87 (Profit > 10 pips)
2025-11-27 23:57:51,314 [LIVE] [LOG] 2025-11-27T16:57:50.966865 | XAUUSD   | BUY   | entry=4155.751 | SL=4155.889 | TF=1 | status=TRAILING_UPDATE | comment=Moved SL to 4155.889 (Profit > 10 pips)
2025-11-27 23:58:11,928 [LIVE] [LOG] 2025-11-27T16:58:11.585296 | XAUUSD   | BUY   | entry=4155.751 | SL=4155.9 | TF=1 | status=TRAILING_UPDATE | comment=Moved SL to 4155.9 (Profit > 10 pips)
2025-11-27 23:58:27,500 [LIVE] [LOG] 2025-11-27T16:58:27.153979 | XAUUSD   | BUY   | entry=4155.751 | SL=4155.984 | TF=1 | status=TRAILING_UPDATE | comment=Moved SL to 4155.984 (Profit > 10 pips)
2025-11-27 23:58:33,032 [LIVE] [LOG] 2025-11-27T16:58:32.673065 | XAUUSD   | BUY   | entry=4155.751 | SL=4155.989 | TF=1 | status=TRAILING_UPDATE | comment=Moved SL to 4155.989 (Profit > 10 pips)
2025-11-27 23:58:38,564 [LIVE] [LOG] 2025-11-27T16:58:38.210202 | XAUUSD   | BUY   | entry=4155.751 | SL=4156.141 | TF=1 | status=TRAILING_UPDATE | comment=Moved SL to 4156.141 (Profit > 10 pips)
2025-11-27 23:58:49,159 [LIVE] [LOG] 2025-11-27T16:58:48.778121 | XAUUSD   | BUY   | entry=4155.751 | SL=4156.485 | TF=1 | status=TRAILING_UPDATE | comment=Moved SL to 4156.485 (Profit > 10 pips)
2025-11-27 23:59:04,739 [LIVE] [LOG] 2025-11-27T16:59:04.375308 | XAUUSD   | BUY   | entry=4155.751 | SL=4156.486 | TF=1 | status=TRAILING_UPDATE | comment=Moved SL to 4156.486 (Profit > 10 pips)
2025-11-27 23:59:14,807 [LIVE] [LOT] Using fixed lot: 0.5
2025-11-27 23:59:15,201 [LIVE] [LOG] 2025-11-27T16:59:14.809495 | XAUUSD   | SELL  | entry=None | SL=4162.52 | TF=1 | status=SKIPPED_MAX | comment=Max trades reached for XAUUSD
2025-11-27 23:59:20,244 [LIVE] BUY hit SL at 4156.438
2025-11-27 23:59:20,595 [LIVE] [LOG] 2025-11-27T16:59:20.238862 | XAUUSD   | BUY   | entry=4155.639 | SL=4156.486 | TF=1 | status=SL_HIT | comment=BUY hit SL at 4156.438
2025-11-27 23:59:20,596 [LIVE] [LOT] Using fixed lot: 0.5
2025-11-27 23:59:21,080 [LIVE] [LOG] 2025-11-27T16:59:20.596741 | XAUUSD   | SELL  | entry=4156.895 | SL=4162.438 | TF=1 | status=OK | comment=LiveEngineScreen
2025-11-27 23:59:26,109 [LIVE] [LOT] Using fixed lot: 0.5
2025-11-27 23:59:27,757 [LIVE] [LOG] 2025-11-27T16:59:26.109909 | XAUUSD   | SELL  | entry=None | SL=4162.054 | TF=1 | status=SKIPPED_MAX | comment=Max trades reached for XAUUSD
2025-11-27 23:59:32,795 [LIVE] [LOT] Using fixed lot: 0.5
2025-11-27 23:59:33,157 [LIVE] [LOG] 2025-11-27T16:59:32.795094 | XAUUSD   | SELL  | entry=None | SL=4162.109 | TF=1 | status=SKIPPED_MAX | comment=Max trades reached for XAUUSD
2025-11-27 23:59:38,192 [LIVE] [LOT] Using fixed lot: 0.5
2025-11-27 23:59:38,598 [LIVE] [LOG] 2025-11-27T16:59:38.192688 | XAUUSD   | SELL  | entry=None | SL=4162.313 | TF=1 | status=SKIPPED_MAX | comment=Max trades reached for XAUUSD
2025-11-27 23:59:43,641 [LIVE] [LOT] Using fixed lot: 0.5
2025-11-27 23:59:44,001 [LIVE] [LOG] 2025-11-27T16:59:43.641136 | XAUUSD   | SELL  | entry=None | SL=4162.33 | TF=1 | status=SKIPPED_MAX | comment=Max trades reached for XAUUSD
2025-11-27 23:59:49,062 [LIVE] [LOT] Using fixed lot: 0.5
2025-11-27 23:59:49,431 [LIVE] [LOG] 2025-11-27T16:59:49.062567 | XAUUSD   | SELL  | entry=None | SL=4162.419 | TF=1 | status=SKIPPED_MAX | comment=Max trades reached for XAUUSD
2025-11-27 23:59:54,459 [LIVE] [LOT] Using fixed lot: 0.5
2025-11-27 23:59:54,800 [LIVE] [LOG] 2025-11-27T16:59:54.459161 | XAUUSD   | SELL  | entry=None | SL=4162.315 | TF=1 | status=SKIPPED_MAX | comment=Max trades reached for XAUUSD
2025-11-28 00:00:10,361 [LIVE] [LOG] 2025-11-27T17:00:10.006621 | XAUUSD   | BUY   | entry=4155.751 | SL=4155.763 | TF=1 | status=TRAILING_UPDATE | comment=Moved SL to 4155.763 (Profit > 10 pips)
2025-11-28 00:00:10,364 [LIVE] SELL hit SL at 4156.763
2025-11-28 00:00:10,710 [LIVE] [LOG] 2025-11-27T17:00:10.364509 | XAUUSD   | SELL  | entry=4156.438 | SL=4155.763 | TF=1 | status=SL_HIT | comment=SELL hit SL at 4156.763
2025-11-28 00:00:41,453 [LIVE] [LOG] 2025-11-27T17:00:41.081013 | XAUUSD   | BUY   | entry=4155.751 | SL=4155.88 | TF=1 | status=TRAILING_UPDATE | comment=Moved SL to 4155.88 (Profit > 10 pips)
2025-11-28 00:01:18,193 [LIVE] [LOG] 2025-11-27T17:01:17.732002 | XAUUSD   | BUY   | entry=4155.751 | SL=4155.933 | TF=1 | status=TRAILING_UPDATE | comment=Moved SL to 4155.933 (Profit > 10 pips)
2025-11-28 00:01:28,717 [LIVE] [LOG] 2025-11-27T17:01:28.387483 | XAUUSD   | BUY   | entry=4155.751 | SL=4156.103 | TF=1 | status=TRAILING_UPDATE | comment=Moved SL to 4156.103 (Profit > 10 pips)
2025-11-28 00:04:56,416 [LIVE] [LOG] 2025-11-27T17:04:55.445676 | XAUUSD   | SELL  | entry=4156.895 | SL=4156.887 | TF=1 | status=TRAILING_UPDATE | comment=Moved SL to 4156.887 (Profit > 10 pips)
2025-11-28 00:05:01,941 [LIVE] [LOG] 2025-11-27T17:05:01.591089 | XAUUSD   | SELL  | entry=4156.895 | SL=4156.599 | TF=1 | status=TRAILING_UPDATE | comment=Moved SL to 4156.599 (Profit > 10 pips)
2025-11-28 00:06:02,794 [LIVE] [LOG] 2025-11-27T17:06:02.429836 | XAUUSD   | SELL  | entry=4156.895 | SL=4156.335 | TF=1 | status=TRAILING_UPDATE | comment=Moved SL to 4156.335 (Profit > 10 pips)
2025-11-28 00:06:08,354 [LIVE] [LOG] 2025-11-27T17:06:07.974515 | XAUUSD   | SELL  | entry=4156.895 | SL=4156.291 | TF=1 | status=TRAILING_UPDATE | comment=Moved SL to 4156.291 (Profit > 10 pips)
2025-11-28 00:06:13,959 [LIVE] [LOG] 2025-11-27T17:06:13.559656 | XAUUSD   | SELL  | entry=4156.895 | SL=4156.282 | TF=1 | status=TRAILING_UPDATE | comment=Moved SL to 4156.282 (Profit > 10 pips)
2025-11-28 00:06:24,805 [LIVE] [LOG] 2025-11-27T17:06:24.224857 | XAUUSD   | SELL  | entry=4156.895 | SL=4156.089 | TF=1 | status=TRAILING_UPDATE | comment=Moved SL to 4156.089 (Profit > 10 pips)
2025-11-28 00:06:40,869 [LIVE] [LOG] 2025-11-27T17:06:40.536481 | XAUUSD   | SELL  | entry=4156.895 | SL=4155.94 | TF=1 | status=TRAILING_UPDATE | comment=Moved SL to 4155.94 (Profit > 10 pips)
2025-11-28 00:12:23,982 [LIVE] [LOT] Using fixed lot: 0.5
2025-11-28 00:12:25,114 [LIVE] [LOG] 2025-11-27T17:12:23.982333 | XAUUSD   | SELL  | entry=4155.448 | SL=4161.448 | TF=1 | status=OK | comment=LiveEngineScreen
2025-11-28 00:12:30,154 [LIVE] [LOT] Using fixed lot: 0.5
2025-11-28 00:12:30,636 [LIVE] [LOG] 2025-11-27T17:12:30.154715 | XAUUSD   | SELL  | entry=4155.442 | SL=4161.442 | TF=1 | status=OK | comment=LiveEngineScreen
2025-11-28 00:12:35,674 [LIVE] [LOT] Using fixed lot: 0.5
2025-11-28 00:12:36,045 [LIVE] [LOG] 2025-11-27T17:12:35.675689 | XAUUSD   | SELL  | entry=None | SL=4161.311 | TF=1 | status=SKIPPED_MAX | comment=Max trades reached for XAUUSD
2025-11-28 00:12:41,082 [LIVE] [LOT] Using fixed lot: 0.5
2025-11-28 00:12:41,440 [LIVE] [LOG] 2025-11-27T17:12:41.082555 | XAUUSD   | SELL  | entry=None | SL=4161.346 | TF=1 | status=SKIPPED_MAX | comment=Max trades reached for XAUUSD
2025-11-28 00:12:46,463 [LIVE] [LOT] Using fixed lot: 0.5
2025-11-28 00:12:46,827 [LIVE] [LOG] 2025-11-27T17:12:46.463897 | XAUUSD   | SELL  | entry=None | SL=4161.298 | TF=1 | status=SKIPPED_MAX | comment=Max trades reached for XAUUSD
2025-11-28 00:12:51,862 [LIVE] [LOT] Using fixed lot: 0.5
2025-11-28 00:12:52,233 [LIVE] [LOG] 2025-11-27T17:12:51.862864 | XAUUSD   | SELL  | entry=None | SL=4161.295 | TF=1 | status=SKIPPED_MAX | comment=Max trades reached for XAUUSD
2025-11-28 00:12:57,269 [LIVE] [LOT] Using fixed lot: 0.5
2025-11-28 00:12:57,623 [LIVE] [LOG] 2025-11-27T17:12:57.269468 | XAUUSD   | SELL  | entry=None | SL=4161.394 | TF=1 | status=SKIPPED_MAX | comment=Max trades reached for XAUUSD
2025-11-28 00:26:30,078 [LIVE] [LOT] Using fixed lot: 0.5
2025-11-28 00:26:30,962 [LIVE] [LOG] 2025-11-27T17:26:30.078870 | XAUUSD   | BUY   | entry=None | SL=4149.961 | TF=1 | status=SKIPPED_MAX | comment=Max trades reached for XAUUSD
2025-11-28 00:49:05,923 [LIVE] [LOT] Using fixed lot: 0.5
2025-11-28 00:49:08,783 [LIVE] [LOG] 2025-11-27T17:49:05.923584 | XAUUSD   | BUY   | entry=None | SL=4152.111 | TF=1 | status=SKIPPED_MAX | comment=Max trades reached for XAUUSD
2025-11-28 00:49:13,822 [LIVE] [LOT] Using fixed lot: 0.5
2025-11-28 00:49:14,933 [LIVE] [LOG] 2025-11-27T17:49:13.824195 | XAUUSD   | BUY   | entry=None | SL=4152.032 | TF=1 | status=SKIPPED_MAX | comment=Max trades reached for XAUUSD
2025-11-28 00:49:19,976 [LIVE] [LOT] Using fixed lot: 0.5
2025-11-28 00:49:20,338 [LIVE] [LOG] 2025-11-27T17:49:19.976869 | XAUUSD   | BUY   | entry=None | SL=4152.062 | TF=1 | status=SKIPPED_MAX | comment=Max trades reached for XAUUSD
2025-11-28 00:49:25,383 [LIVE] [LOT] Using fixed lot: 0.5
2025-11-28 00:49:25,821 [LIVE] [LOG] 2025-11-27T17:49:25.383674 | XAUUSD   | BUY   | entry=None | SL=4151.891 | TF=1 | status=SKIPPED_MAX | comment=Max trades reached for XAUUSD
2025-11-28 00:49:35,897 [LIVE] [LOT] Using fixed lot: 0.5
2025-11-28 00:49:36,484 [LIVE] [LOG] 2025-11-27T17:49:35.897842 | XAUUSD   | BUY   | entry=None | SL=4151.921 | TF=1 | status=SKIPPED_MAX | comment=Max trades reached for XAUUSD
2025-11-28 00:49:41,527 [LIVE] [LOT] Using fixed lot: 0.5
2025-11-28 00:49:41,886 [LIVE] [LOG] 2025-11-27T17:49:41.527862 | XAUUSD   | BUY   | entry=None | SL=4152.04 | TF=1 | status=SKIPPED_MAX | comment=Max trades reached for XAUUSD
2025-11-28 00:49:46,934 [LIVE] [LOT] Using fixed lot: 0.5
2025-11-28 00:49:47,281 [LIVE] [LOG] 2025-11-27T17:49:46.934325 | XAUUSD   | BUY   | entry=None | SL=4151.996 | TF=1 | status=SKIPPED_MAX | comment=Max trades reached for XAUUSD
2025-11-28 00:49:57,346 [LIVE] [LOT] Using fixed lot: 0.5
2025-11-28 00:49:57,709 [LIVE] [LOG] 2025-11-27T17:49:57.346520 | XAUUSD   | BUY   | entry=None | SL=4151.933 | TF=1 | status=SKIPPED_MAX | comment=Max trades reached for XAUUSD
2025-11-28 01:12:55,617 [LIVE] [LOT] Using fixed lot: 0.5
2025-11-28 01:12:57,166 [LIVE] [LOG] 2025-11-27T18:12:55.617512 | XAUUSD   | BUY   | entry=None | SL=4151.526 | TF=1 | status=SKIPPED_MAX | comment=Max trades reached for XAUUSD
2025-11-28 06:01:34,638 [LIVE] [LOT] Using fixed lot: 0.5
2025-11-28 06:01:35,001 [LIVE] [LOG] 2025-11-27T23:01:34.640681 | XAUUSD   | SELL  | entry=None | SL=4165.712 | TF=1 | status=SKIPPED_MAX | comment=Max trades reached for XAUUSD
2025-11-28 06:01:40,426 [LIVE] [LOT] Using fixed lot: 0.5
2025-11-28 06:01:40,791 [LIVE] [LOG] 2025-11-27T23:01:40.426197 | XAUUSD   | SELL  | entry=None | SL=4165.721 | TF=1 | status=SKIPPED_MAX | comment=Max trades reached for XAUUSD
2025-11-28 06:01:46,180 [LIVE] [LOT] Using fixed lot: 0.5
2025-11-28 06:01:46,551 [LIVE] [LOG] 2025-11-27T23:01:46.180845 | XAUUSD   | SELL  | entry=None | SL=4165.594 | TF=1 | status=SKIPPED_MAX | comment=Max trades reached for XAUUSD
2025-11-28 06:01:51,952 [LIVE] [LOT] Using fixed lot: 0.5
2025-11-28 06:01:52,310 [LIVE] [LOG] 2025-11-27T23:01:51.952008 | XAUUSD   | SELL  | entry=None | SL=4165.438 | TF=1 | status=SKIPPED_MAX | comment=Max trades reached for XAUUSD
2025-11-28 06:01:57,702 [LIVE] [LOT] Using fixed lot: 0.5
2025-11-28 06:01:58,073 [LIVE] [LOG] 2025-11-27T23:01:57.704052 | XAUUSD   | SELL  | entry=None | SL=4165.092 | TF=1 | status=SKIPPED_MAX | comment=Max trades reached for XAUUSD
2025-11-28 06:09:10,601 [LIVE] SELL hit SL at 4161.919
2025-11-28 06:09:10,963 [LIVE] [LOG] 2025-11-27T23:09:10.596934 | XAUUSD   | SELL  | entry=4155.442 | SL=4161.442 | TF=1 | status=SL_HIT | comment=SELL hit SL at 4161.919
2025-11-28 06:23:19,419 [LIVE] [LOT] Using fixed lot: 0.5
2025-11-28 06:23:20,577 [LIVE] [LOG] 2025-11-27T23:23:19.419285 | XAUUSD   | SELL  | entry=4161.975 | SL=4167.975 | TF=1 | status=OK | comment=LiveEngineScreen
2025-11-28 06:23:25,613 [LIVE] [LOT] Using fixed lot: 0.5
2025-11-28 06:23:26,086 [LIVE] [LOG] 2025-11-27T23:23:25.613803 | XAUUSD   | SELL  | entry=4161.99 | SL=4167.99 | TF=1 | status=OK | comment=LiveEngineScreen
2025-11-28 06:33:39,560 [LIVE] [LOT] Using fixed lot: 0.5
2025-11-28 06:33:40,782 [LIVE] [LOG] 2025-11-27T23:33:39.560506 | XAUUSD   | SELL  | entry=None | SL=4168.03 | TF=1 | status=SKIPPED_MAX | comment=Max trades reached for XAUUSD
2025-11-28 07:07:20,776 [LIVE] SELL hit SL at 4168.138
2025-11-28 07:07:21,177 [LIVE] [LOG] 2025-11-28T00:07:20.774840 | XAUUSD   | SELL  | entry=4161.99 | SL=4167.99 | TF=1 | status=SL_HIT | comment=SELL hit SL at 4168.138
2025-11-28 07:19:41,344 [LIVE] [LOT] Using fixed lot: 0.5
2025-11-28 07:19:42,664 [LIVE] [LOG] 2025-11-28T00:19:41.345508 | XAUUSD   | SELL  | entry=4167.497 | SL=4173.497 | TF=1 | status=OK | comment=LiveEngineScreen
2025-11-28 07:19:47,735 [LIVE] [LOT] Using fixed lot: 0.5
2025-11-28 07:19:48,245 [LIVE] [LOG] 2025-11-28T00:19:47.735492 | XAUUSD   | SELL  | entry=4167.148 | SL=4173.148 | TF=1 | status=OK | comment=LiveEngineScreen
2025-11-28 07:23:53,349 [LIVE] [LOT] Using fixed lot: 0.5
2025-11-28 07:23:53,694 [LIVE] [LOG] 2025-11-28T00:23:53.349934 | XAUUSD   | BUY   | entry=None | SL=4163.624 | TF=1 | status=SKIPPED_MAX | comment=Max trades reached for XAUUSD
2025-11-28 07:34:00,941 [LIVE] SELL hit SL at 4173.319
2025-11-28 07:34:01,328 [LIVE] [LOG] 2025-11-28T00:34:00.940564 | XAUUSD   | SELL  | entry=4167.148 | SL=4173.148 | TF=1 | status=SL_HIT | comment=SELL hit SL at 4173.319
2025-11-28 08:38:17,354 [LIVE] [LOG] 2025-11-28T01:38:16.685031 | XAUUSD   | BUY   | entry=4189.629 | SL=4183.517 | status=OK
2025-11-28 08:38:24,646 [LIVE] [LOG] 2025-11-28T01:38:24.076615 | XAUUSD   | BUY   | entry=4189.519 | SL=4183.407 | status=OK
2025-11-28 08:38:31,533 [LIVE] [LOG] 2025-11-28T01:38:31.150473 | XAUUSD   | BUY   | entry=None | SL=4184.202 | status=SKIPPED_MAX
2025-11-28 08:38:36,924 [LIVE] [LOG] 2025-11-28T01:38:36.583842 | XAUUSD   | BUY   | entry=None | SL=4184.279 | status=SKIPPED_MAX
2025-11-28 08:38:42,329 [LIVE] [LOG] 2025-11-28T01:38:41.969454 | XAUUSD   | BUY   | entry=None | SL=4184.485 | status=SKIPPED_MAX
2025-11-28 08:38:47,722 [LIVE] [LOG] 2025-11-28T01:38:47.387697 | XAUUSD   | BUY   | entry=None | SL=4184.397 | status=SKIPPED_MAX
2025-11-28 08:38:53,150 [LIVE] [LOG] 2025-11-28T01:38:52.786567 | XAUUSD   | BUY   | entry=None | SL=4183.969 | status=SKIPPED_MAX
2025-11-28 08:38:58,651 [LIVE] [LOG] 2025-11-28T01:38:58.191415 | XAUUSD   | BUY   | entry=None | SL=4184.064 | status=SKIPPED_MAX
2025-11-28 08:39:14,245 [LIVE] [LOG] 2025-11-28T01:39:13.867008 | XAUUSD   | BUY   | entry=4189.629 | SL=4189.669 | status=TRAILING_UPDATE
2025-11-28 08:39:21,153 [LIVE] [LOG] 2025-11-28T01:39:20.505593 | XAUUSD   | BUY   | entry=4189.629 | SL=4189.76 | status=TRAILING_UPDATE
2025-11-28 08:39:51,841 [LIVE] [LOG] 2025-11-28T01:39:51.466277 | XAUUSD   | BUY   | entry=4189.629 | SL=4189.798 | status=TRAILING_UPDATE
2025-11-28 08:39:58,814 [LIVE] [LOG] 2025-11-28T01:39:58.404895 | XAUUSD   | BUY   | entry=4189.629 | SL=4189.843 | status=TRAILING_UPDATE
2025-11-28 08:40:41,055 [LIVE] [LOG] 2025-11-28T01:40:40.663087 | XAUUSD   | BUY   | entry=4189.629 | SL=4189.986 | status=TRAILING_UPDATE
2025-11-28 08:40:48,117 [LIVE] [LOG] 2025-11-28T01:40:47.759704 | XAUUSD   | BUY   | entry=4189.629 | SL=4190.28 | status=TRAILING_UPDATE
2025-11-28 08:40:55,266 [LIVE] [LOG] 2025-11-28T01:40:54.768570 | XAUUSD   | BUY   | entry=4189.629 | SL=4190.418 | status=TRAILING_UPDATE
2025-11-28 08:41:02,132 [LIVE] [LOG] 2025-11-28T01:41:01.781216 | XAUUSD   | BUY   | entry=4189.629 | SL=4190.575 | status=TRAILING_UPDATE
2025-11-28 08:41:49,697 [LIVE] [LOG] 2025-11-28T01:41:49.069623 | XAUUSD   | BUY   | entry=4189.629 | SL=4190.823 | status=TRAILING_UPDATE
2025-11-28 08:41:56,656 [LIVE] [LOG] 2025-11-28T01:41:56.317318 | XAUUSD   | BUY   | entry=4189.629 | SL=4191.011 | status=TRAILING_UPDATE
2025-11-28 08:42:08,861 [LIVE] [LOG] 2025-11-28T01:42:08.495698 | XAUUSD   | BUY   | entry=4189.629 | SL=4191.083 | status=TRAILING_UPDATE
2025-11-28 08:42:15,703 [LIVE] [LOG] 2025-11-28T01:42:15.358376 | XAUUSD   | BUY   | entry=4189.629 | SL=4191.412 | status=TRAILING_UPDATE
2025-11-28 08:42:22,413 [LIVE] [LOG] 2025-11-28T01:42:22.079099 | XAUUSD   | BUY   | entry=4189.629 | SL=4191.628 | status=TRAILING_UPDATE
2025-11-28 08:42:29,051 [LIVE] [LOG] 2025-11-28T01:42:28.721576 | XAUUSD   | BUY   | entry=4189.629 | SL=4191.628 | status=PARTIAL_CLOSE
2025-11-28 08:42:30,973 [LIVE] [LOG] 2025-11-28T01:42:30.619041 | XAUUSD   | BUY   | entry=4189.629 | SL=4191.803 | status=TRAILING_UPDATE
2025-11-28 08:42:53,100 [LIVE] [LOG] 2025-11-28T01:42:52.740165 | XAUUSD   | BUY   | entry=4189.629 | SL=4191.852 | status=TRAILING_UPDATE
2025-11-28 08:43:30,520 [LIVE] [LOG] 2025-11-28T01:43:29.977448 | XAUUSD   | BUY   | entry=4189.629 | SL=4191.879 | status=TRAILING_UPDATE
2025-11-28 08:43:37,361 [LIVE] [LOG] 2025-11-28T01:43:37.027972 | XAUUSD   | BUY   | entry=4189.629 | SL=4191.889 | status=TRAILING_UPDATE
2025-11-28 08:43:44,404 [LIVE] [LOG] 2025-11-28T01:43:44.036565 | XAUUSD   | BUY   | entry=4189.629 | SL=4192.019 | status=TRAILING_UPDATE
2025-11-28 08:44:01,459 [LIVE] [LOG] 2025-11-28T01:44:01.081924 | XAUUSD   | BUY   | entry=4189.519 | SL=4190.87 | status=TRAILING_UPDATE
2025-11-28 08:44:08,508 [LIVE] [LOG] 2025-11-28T01:44:08.116670 | XAUUSD   | BUY   | entry=4189.519 | SL=4191.191 | status=TRAILING_UPDATE
2025-11-28 08:44:21,468 [LIVE] [LOG] 2025-11-28T01:44:21.092480 | XAUUSD   | BUY   | entry=4189.519 | SL=4191.249 | status=TRAILING_UPDATE
2025-11-28 08:44:28,476 [LIVE] [LOG] 2025-11-28T01:44:28.153001 | XAUUSD   | BUY   | entry=4189.519 | SL=4191.36 | status=TRAILING_UPDATE
2025-11-28 08:44:35,461 [LIVE] [LOG] 2025-11-28T01:44:35.093103 | XAUUSD   | BUY   | entry=4189.519 | SL=4191.461 | status=TRAILING_UPDATE
2025-11-28 08:44:42,256 [LIVE] [LOG] 2025-11-28T01:44:41.928405 | XAUUSD   | BUY   | entry=4189.519 | SL=4191.496 | status=TRAILING_UPDATE
2025-11-28 08:44:49,155 [LIVE] [LOG] 2025-11-28T01:44:48.805888 | XAUUSD   | BUY   | entry=4189.519 | SL=4191.552 | status=TRAILING_UPDATE
