2025-11-27 15:33:19,855 [LIVE] [LOT] Using fixed lot: 0.9
2025-11-27 15:33:40,193 [LIVE] [LOT] Using fixed lot: 0.9
2025-11-27 15:33:45,418 [LIVE] [LOT] Using fixed lot: 0.9
2025-11-27 15:33:50,451 [LIVE] [LOT] Using fixed lot: 0.9
2025-11-27 15:39:18,618 [LIVE] [LOT] Using fixed lot: 0.9
2025-11-27 15:39:18,825 [LIVE] [TRADE] 2025-11-27T08:39:18.618352 | GBPJPY   | BUY   | entry=206.607 | SL=206.531 | TP=206.651 | lot=0.9 | Ratio=1:1 | BasePip=60 | status=OK | ret=10009
2025-11-27 15:39:23,859 [LIVE] [LOT] Using fixed lot: 0.9
2025-11-27 15:39:24,037 [LIVE] [TRADE] 2025-11-27T08:39:23.859102 | GBPJPY   | BUY   | entry=206.619 | SL=206.543 | TP=206.663 | lot=0.9 | Ratio=1:1 | BasePip=60 | status=OK | ret=10009
2025-11-27 15:39:29,090 [LIVE] [LOT] Using fixed lot: 0.9
2025-11-27 15:39:29,106 [LIVE] [TRADE] 2025-11-27T08:39:29.105708 | GBPJPY   | BUY   | entry=None | SL=206.545 | TP=206.665 | lot=0.9 | Ratio=1:1 | BasePip=60 | status=SKIPPED_MAX | ret=None
2025-11-27 15:39:34,148 [LIVE] [LOT] Using fixed lot: 0.9
2025-11-27 15:39:34,151 [LIVE] [TRADE] 2025-11-27T08:39:34.149299 | GBPJPY   | BUY   | entry=None | SL=206.545 | TP=206.665 | lot=0.9 | Ratio=1:1 | BasePip=60 | status=SKIPPED_MAX | ret=None
2025-11-27 15:39:39,199 [LIVE] [LOT] Using fixed lot: 0.9
2025-11-27 15:39:39,202 [LIVE] [TRADE] 2025-11-27T08:39:39.199508 | GBPJPY   | BUY   | entry=None | SL=206.555 | TP=206.675 | lot=0.9 | Ratio=1:1 | BasePip=60 | status=SKIPPED_MAX | ret=None
2025-11-27 15:39:44,225 [LIVE] [LOT] Using fixed lot: 0.9
2025-11-27 15:39:44,225 [LIVE] [TRADE] 2025-11-27T08:39:44.225538 | GBPJPY   | BUY   | entry=None | SL=206.548 | TP=206.668 | lot=0.9 | Ratio=1:1 | BasePip=60 | status=SKIPPED_MAX | ret=None
2025-11-27 15:39:49,277 [LIVE] [LOT] Using fixed lot: 0.9
2025-11-27 15:39:49,279 [LIVE] [TRADE] 2025-11-27T08:39:49.278375 | GBPJPY   | BUY   | entry=None | SL=206.554 | TP=206.674 | lot=0.9 | Ratio=1:1 | BasePip=60 | status=SKIPPED_MAX | ret=None
2025-11-27 15:39:54,326 [LIVE] [LOT] Using fixed lot: 0.9
2025-11-27 15:39:54,327 [LIVE] [TRADE] 2025-11-27T08:39:54.326568 | GBPJPY   | BUY   | entry=None | SL=206.551 | TP=206.671 | lot=0.9 | Ratio=1:1 | BasePip=60 | status=SKIPPED_MAX | ret=None
2025-11-27 15:39:59,372 [LIVE] [LOT] Using fixed lot: 0.9
2025-11-27 15:39:59,374 [LIVE] [TRADE] 2025-11-27T08:39:59.372627 | GBPJPY   | BUY   | entry=None | SL=206.54 | TP=206.66 | lot=0.9 | Ratio=1:1 | BasePip=60 | status=SKIPPED_MAX | ret=None
2025-11-27 15:40:19,710 [LIVE] [TRAILING] SL updated to 206.63
2025-11-27 15:40:19,726 [LIVE] [LOT] Using fixed lot: 0.9
2025-11-27 15:40:19,726 [LIVE] [TRADE] 2025-11-27T08:40:19.726806 | GBPJPY   | BUY   | entry=None | SL=206.57999999999998 | TP=206.7 | lot=0.9 | Ratio=1:1 | BasePip=60 | status=SKIPPED_MAX | ret=None
2025-11-27 15:40:24,952 [LIVE] [TRAILING] SL updated to 206.63400000000001
2025-11-27 15:40:24,952 [LIVE] [LOT] Using fixed lot: 0.9
2025-11-27 15:40:24,958 [LIVE] [TRADE] 2025-11-27T08:40:24.952061 | GBPJPY   | BUY   | entry=None | SL=206.584 | TP=206.704 | lot=0.9 | Ratio=1:1 | BasePip=60 | status=SKIPPED_MAX | ret=None
2025-11-27 15:40:30,147 [LIVE] [TRAILING] SL updated to 206.636
2025-11-27 15:40:30,147 [LIVE] [LOT] Using fixed lot: 0.9
2025-11-27 15:40:30,151 [LIVE] [TRADE] 2025-11-27T08:40:30.147451 | GBPJPY   | BUY   | entry=None | SL=206.58599999999998 | TP=206.706 | lot=0.9 | Ratio=1:1 | BasePip=60 | status=SKIPPED_MAX | ret=None
2025-11-27 15:40:35,361 [LIVE] [TRAILING] SL updated to 206.638
2025-11-27 15:40:35,361 [LIVE] [LOT] Using fixed lot: 0.9
2025-11-27 15:40:35,566 [LIVE] [TRADE] 2025-11-27T08:40:35.361763 | GBPJPY   | BUY   | entry=206.664 | SL=206.588 | TP=206.708 | lot=0.9 | Ratio=1:1 | BasePip=60 | status=OK | ret=10009
2025-11-27 15:40:40,601 [LIVE] [LOT] Using fixed lot: 0.9
2025-11-27 15:40:40,601 [LIVE] [TRADE] 2025-11-27T08:40:40.601036 | GBPJPY   | BUY   | entry=None | SL=206.581 | TP=206.701 | lot=0.9 | Ratio=1:1 | BasePip=60 | status=SKIPPED_MAX | ret=None
2025-11-27 15:40:45,649 [LIVE] [LOT] Using fixed lot: 0.9
2025-11-27 15:40:45,807 [LIVE] [TRADE] 2025-11-27T08:40:45.649613 | GBPJPY   | BUY   | entry=206.646 | SL=206.57 | TP=206.69 | lot=0.9 | Ratio=1:1 | BasePip=60 | status=OK | ret=10009
2025-11-27 15:40:50,863 [LIVE] [LOT] Using fixed lot: 0.9
2025-11-27 15:40:50,863 [LIVE] [TRADE] 2025-11-27T08:40:50.863686 | GBPJPY   | BUY   | entry=None | SL=206.573 | TP=206.693 | lot=0.9 | Ratio=1:1 | BasePip=60 | status=SKIPPED_MAX | ret=None
2025-11-27 15:40:55,912 [LIVE] [LOT] Using fixed lot: 0.9
2025-11-27 15:40:55,912 [LIVE] [TRADE] 2025-11-27T08:40:55.912505 | GBPJPY   | BUY   | entry=None | SL=206.572 | TP=206.692 | lot=0.9 | Ratio=1:1 | BasePip=60 | status=SKIPPED_MAX | ret=None
2025-11-27 15:44:58,710 [LIVE] [LOT] Using fixed lot: 0.9
2025-11-27 15:44:58,880 [LIVE] [TRADE] 2025-11-27T08:44:58.710966 | GBPJPY   | SELL  | entry=206.583 | SL=206.643 | TP=206.523 | lot=0.9 | Ratio=1:1 | BasePip=60 | status=OK | ret=10009
2025-11-27 15:47:55,520 [LIVE] [TRAILING] SL updated to 206.655
2025-11-27 15:47:55,522 [LIVE] SELL hit SL at 206.665
2025-11-27 15:48:00,718 [LIVE] [TRAILING] SL updated to 206.65900000000002
2025-11-27 15:48:05,954 [LIVE] [TRAILING] SL updated to 206.663
2025-11-27 15:48:11,436 [LIVE] [TRAILING] SL updated to 206.66400000000002
2025-11-27 15:53:24,830 [LIVE] [LOT] Using fixed lot: 0.9
2025-11-27 15:53:25,001 [LIVE] [TRADE] 2025-11-27T08:53:24.830123 | GBPJPY   | BUY   | entry=206.713 | SL=206.637 | TP=206.757 | lot=0.9 | Ratio=1:1 | BasePip=60 | status=OK | ret=10009
2025-11-27 15:53:30,052 [LIVE] [LOT] Using fixed lot: 0.9
2025-11-27 15:53:30,215 [LIVE] [TRADE] 2025-11-27T08:53:30.052271 | GBPJPY   | BUY   | entry=206.705 | SL=206.629 | TP=206.749 | lot=0.9 | Ratio=1:1 | BasePip=60 | status=OK | ret=10009
2025-11-27 15:53:35,262 [LIVE] [LOT] Using fixed lot: 0.9
2025-11-27 15:53:35,262 [LIVE] [TRADE] 2025-11-27T08:53:35.262772 | GBPJPY   | BUY   | entry=None | SL=206.632 | TP=206.752 | lot=0.9 | Ratio=1:1 | BasePip=60 | status=SKIPPED_MAX | ret=None
2025-11-27 15:53:40,308 [LIVE] [LOT] Using fixed lot: 0.9
2025-11-27 15:53:40,308 [LIVE] [TRADE] 2025-11-27T08:53:40.308924 | GBPJPY   | BUY   | entry=None | SL=206.641 | TP=206.761 | lot=0.9 | Ratio=1:1 | BasePip=60 | status=SKIPPED_MAX | ret=None
2025-11-27 15:53:45,351 [LIVE] [LOT] Using fixed lot: 0.9
2025-11-27 15:53:45,367 [LIVE] [TRADE] 2025-11-27T08:53:45.351909 | GBPJPY   | BUY   | entry=None | SL=206.631 | TP=206.751 | lot=0.9 | Ratio=1:1 | BasePip=60 | status=SKIPPED_MAX | ret=None
2025-11-27 15:53:50,412 [LIVE] [LOT] Using fixed lot: 0.9
2025-11-27 15:53:50,419 [LIVE] [TRADE] 2025-11-27T08:53:50.412695 | GBPJPY   | BUY   | entry=None | SL=206.634 | TP=206.754 | lot=0.9 | Ratio=1:1 | BasePip=60 | status=SKIPPED_MAX | ret=None
2025-11-27 15:53:55,474 [LIVE] [LOT] Using fixed lot: 0.9
2025-11-27 15:53:55,474 [LIVE] [TRADE] 2025-11-27T08:53:55.474628 | GBPJPY   | BUY   | entry=None | SL=206.637 | TP=206.757 | lot=0.9 | Ratio=1:1 | BasePip=60 | status=SKIPPED_MAX | ret=None
2025-11-27 15:54:00,517 [LIVE] [LOT] Using fixed lot: 0.9
2025-11-27 15:54:00,517 [LIVE] [TRADE] 2025-11-27T08:54:00.517369 | GBPJPY   | BUY   | entry=None | SL=206.629 | TP=206.749 | lot=0.9 | Ratio=1:1 | BasePip=60 | status=SKIPPED_MAX | ret=None
2025-11-27 15:55:41,580 [LIVE] [TRAILING] SL updated to 206.717
2025-11-27 15:56:01,769 [LIVE] BUY hit SL at 206.707
2025-11-27 15:56:22,105 [LIVE] [TRAILING] SL updated to 206.71900000000002
2025-11-27 15:56:47,402 [LIVE] [TRAILING] SL updated to 206.73100000000002
2025-11-27 16:39:50,077 [LIVE] [LOT] Using fixed lot: 0.9
2025-11-27 16:39:50,236 [LIVE] [TRADE] 2025-11-27T09:39:50.077169 | GBPJPY   | SELL  | entry=206.524 | SL=206.584 | TP=206.464 | lot=0.9 | Ratio=1:1 | BasePip=60 | status=OK | ret=10009
2025-11-27 16:40:20,440 [LIVE] [LOT] Using fixed lot: 0.9
2025-11-27 16:40:20,603 [LIVE] [TRADE] 2025-11-27T09:40:20.440467 | GBPJPY   | SELL  | entry=206.506 | SL=206.566 | TP=206.446 | lot=0.9 | Ratio=1:1 | BasePip=60 | status=OK | ret=10009
2025-11-27 16:40:25,634 [LIVE] [LOT] Using fixed lot: 0.9
2025-11-27 16:40:25,634 [LIVE] [TRADE] 2025-11-27T09:40:25.634491 | GBPJPY   | SELL  | entry=None | SL=206.572 | TP=206.452 | lot=0.9 | Ratio=1:1 | BasePip=60 | status=SKIPPED_MAX | ret=None
2025-11-27 16:40:30,670 [LIVE] [LOT] Using fixed lot: 0.9
2025-11-27 16:40:30,670 [LIVE] [TRADE] 2025-11-27T09:40:30.670673 | GBPJPY   | SELL  | entry=None | SL=206.575 | TP=206.45499999999998 | lot=0.9 | Ratio=1:1 | BasePip=60 | status=SKIPPED_MAX | ret=None
2025-11-27 16:43:01,706 [LIVE] SELL hit SL at 206.57
2025-11-27 16:48:34,044 [LIVE] [LOT] Using fixed lot: 0.9
2025-11-27 16:48:34,214 [LIVE] [TRADE] 2025-11-27T09:48:34.044732 | GBPJPY   | SELL  | entry=206.596 | SL=206.656 | TP=206.536 | lot=0.9 | Ratio=1:1 | BasePip=60 | status=OK | ret=10009
2025-11-27 16:48:39,246 [LIVE] [LOT] Using fixed lot: 0.9
2025-11-27 16:48:39,415 [LIVE] [TRADE] 2025-11-27T09:48:39.246414 | GBPJPY   | SELL  | entry=206.587 | SL=206.647 | TP=206.527 | lot=0.9 | Ratio=1:1 | BasePip=60 | status=OK | ret=10009
2025-11-27 16:48:44,451 [LIVE] [LOT] Using fixed lot: 0.9
2025-11-27 16:48:44,451 [LIVE] [TRADE] 2025-11-27T09:48:44.451048 | GBPJPY   | SELL  | entry=None | SL=206.65200000000002 | TP=206.532 | lot=0.9 | Ratio=1:1 | BasePip=60 | status=SKIPPED_MAX | ret=None
2025-11-27 16:48:49,490 [LIVE] [LOT] Using fixed lot: 0.9
2025-11-27 16:48:49,492 [LIVE] [TRADE] 2025-11-27T09:48:49.490149 | GBPJPY   | SELL  | entry=None | SL=206.647 | TP=206.527 | lot=0.9 | Ratio=1:1 | BasePip=60 | status=SKIPPED_MAX | ret=None
2025-11-27 16:48:54,522 [LIVE] [LOT] Using fixed lot: 0.9
2025-11-27 16:48:54,523 [LIVE] [TRADE] 2025-11-27T09:48:54.522060 | GBPJPY   | SELL  | entry=None | SL=206.65 | TP=206.53 | lot=0.9 | Ratio=1:1 | BasePip=60 | status=SKIPPED_MAX | ret=None
2025-11-27 16:48:59,548 [LIVE] [LOT] Using fixed lot: 0.9
2025-11-27 16:48:59,557 [LIVE] [TRADE] 2025-11-27T09:48:59.548013 | GBPJPY   | SELL  | entry=None | SL=206.653 | TP=206.533 | lot=0.9 | Ratio=1:1 | BasePip=60 | status=SKIPPED_MAX | ret=None
2025-11-27 16:53:32,153 [LIVE] SELL hit SL at 206.65
2025-11-27 17:13:53,991 [LIVE] [LOT] Using fixed lot: 0.9
2025-11-27 17:13:54,139 [LIVE] [TRADE] 2025-11-27T10:13:53.991175 | GBPJPY   | BUY   | entry=206.656 | SL=206.57999999999998 | TP=206.7 | lot=0.9 | Ratio=1:1 | BasePip=60 | status=OK | ret=10009
2025-11-27 17:17:25,700 [LIVE] [LOT] Using fixed lot: 0.9
2025-11-27 17:17:25,876 [LIVE] [TRADE] 2025-11-27T10:17:25.700721 | GBPJPY   | BUY   | entry=206.659 | SL=206.583 | TP=206.703 | lot=0.9 | Ratio=1:1 | BasePip=60 | status=OK | ret=10009
2025-11-27 17:17:35,947 [LIVE] [LOT] Using fixed lot: 0.9
2025-11-27 17:17:35,947 [LIVE] [TRADE] 2025-11-27T10:17:35.947178 | GBPJPY   | BUY   | entry=None | SL=206.583 | TP=206.703 | lot=0.9 | Ratio=1:1 | BasePip=60 | status=SKIPPED_MAX | ret=None
2025-11-27 17:17:40,988 [LIVE] [LOT] Using fixed lot: 0.9
2025-11-27 17:17:40,988 [LIVE] [TRADE] 2025-11-27T10:17:40.988905 | GBPJPY   | BUY   | entry=None | SL=206.581 | TP=206.701 | lot=0.9 | Ratio=1:1 | BasePip=60 | status=SKIPPED_MAX | ret=None
2025-11-27 17:17:46,034 [LIVE] [LOT] Using fixed lot: 0.9
2025-11-27 17:17:46,039 [LIVE] [TRADE] 2025-11-27T10:17:46.037516 | GBPJPY   | BUY   | entry=None | SL=206.584 | TP=206.704 | lot=0.9 | Ratio=1:1 | BasePip=60 | status=SKIPPED_MAX | ret=None
2025-11-27 17:17:51,077 [LIVE] [LOT] Using fixed lot: 0.9
2025-11-27 17:17:51,081 [LIVE] [TRADE] 2025-11-27T10:17:51.077331 | GBPJPY   | BUY   | entry=None | SL=206.585 | TP=206.705 | lot=0.9 | Ratio=1:1 | BasePip=60 | status=SKIPPED_MAX | ret=None
2025-11-27 17:17:56,110 [LIVE] [LOT] Using fixed lot: 0.9
2025-11-27 17:17:56,121 [LIVE] [TRADE] 2025-11-27T10:17:56.110515 | GBPJPY   | BUY   | entry=None | SL=206.584 | TP=206.704 | lot=0.9 | Ratio=1:1 | BasePip=60 | status=SKIPPED_MAX | ret=None
2025-11-27 17:18:01,164 [LIVE] [LOT] Using fixed lot: 0.9
2025-11-27 17:18:01,164 [LIVE] [TRADE] 2025-11-27T10:18:01.164565 | GBPJPY   | BUY   | entry=None | SL=206.588 | TP=206.708 | lot=0.9 | Ratio=1:1 | BasePip=60 | status=SKIPPED_MAX | ret=None
2025-11-27 17:20:17,727 [LIVE] [TRAILING] SL updated to 206.657
2025-11-27 17:20:27,956 [LIVE] [TRAILING] SL updated to 206.66
2025-11-27 17:20:43,405 [LIVE] [TRAILING] SL updated to 206.663
2025-11-27 17:20:48,869 [LIVE] [TRAILING] SL updated to 206.673
2025-11-27 17:20:53,925 [LIVE] BUY hit SL at 206.664
2025-11-27 17:21:29,400 [LIVE] [TRAILING] SL updated to 206.66
2025-11-27 17:21:39,619 [LIVE] [TRAILING] SL updated to 206.66500000000002
2025-11-27 17:21:44,859 [LIVE] [TRAILING] SL updated to 206.666
2025-11-27 17:23:55,769 [LIVE] [LOT] Using fixed lot: 0.9
2025-11-27 17:23:56,002 [LIVE] [TRADE] 2025-11-27T10:23:55.769679 | GBPJPY   | SELL  | entry=206.607 | SL=206.667 | TP=206.547 | lot=0.9 | Ratio=1:1 | BasePip=60 | status=OK | ret=10009
2025-11-27 17:32:20,014 [LIVE] SELL hit SL at 206.67
2025-11-27 17:53:24,333 [LIVE] [LOT] Using fixed lot: 0.9
2025-11-27 17:53:24,501 [LIVE] [TRADE] 2025-11-27T10:53:24.333778 | GBPJPY   | SELL  | entry=206.644 | SL=206.704 | TP=206.584 | lot=0.9 | Ratio=1:1 | BasePip=60 | status=OK | ret=10009
2025-11-27 17:55:25,405 [LIVE] SELL hit SL at 206.709
2025-11-27 17:55:30,436 [LIVE] [LOT] Using fixed lot: 0.9
2025-11-27 17:55:30,590 [LIVE] [TRADE] 2025-11-27T10:55:30.436598 | GBPJPY   | BUY   | entry=206.726 | SL=206.65 | TP=206.77 | lot=0.9 | Ratio=1:1 | BasePip=60 | status=OK | ret=10009
2025-11-27 17:55:35,628 [LIVE] [LOT] Using fixed lot: 0.9
2025-11-27 17:55:35,801 [LIVE] [TRADE] 2025-11-27T10:55:35.628597 | GBPJPY   | BUY   | entry=206.727 | SL=206.651 | TP=206.77100000000002 | lot=0.9 | Ratio=1:1 | BasePip=60 | status=OK | ret=10009
2025-11-27 17:55:40,837 [LIVE] [LOT] Using fixed lot: 0.9
2025-11-27 17:55:40,838 [LIVE] [TRADE] 2025-11-27T10:55:40.837805 | GBPJPY   | BUY   | entry=None | SL=206.651 | TP=206.77100000000002 | lot=0.9 | Ratio=1:1 | BasePip=60 | status=SKIPPED_MAX | ret=None
2025-11-27 17:55:45,871 [LIVE] [LOT] Using fixed lot: 0.9
2025-11-27 17:55:45,871 [LIVE] [TRADE] 2025-11-27T10:55:45.871378 | GBPJPY   | BUY   | entry=None | SL=206.655 | TP=206.775 | lot=0.9 | Ratio=1:1 | BasePip=60 | status=SKIPPED_MAX | ret=None
2025-11-27 17:55:50,891 [LIVE] [LOT] Using fixed lot: 0.9
2025-11-27 17:55:50,907 [LIVE] [TRADE] 2025-11-27T10:55:50.891181 | GBPJPY   | BUY   | entry=None | SL=206.658 | TP=206.778 | lot=0.9 | Ratio=1:1 | BasePip=60 | status=SKIPPED_MAX | ret=None
2025-11-27 17:55:55,931 [LIVE] [LOT] Using fixed lot: 0.9
2025-11-27 17:55:55,938 [LIVE] [TRADE] 2025-11-27T10:55:55.931711 | GBPJPY   | BUY   | entry=None | SL=206.659 | TP=206.779 | lot=0.9 | Ratio=1:1 | BasePip=60 | status=SKIPPED_MAX | ret=None
2025-11-27 17:59:52,963 [LIVE] [LOT] Using fixed lot: 0.9
2025-11-27 17:59:52,970 [LIVE] [TRADE] 2025-11-27T10:59:52.963233 | GBPJPY   | SELL  | entry=None | SL=206.737 | TP=206.617 | lot=0.9 | Ratio=1:1 | BasePip=60 | status=SKIPPED_MAX | ret=None
2025-11-27 17:59:58,001 [LIVE] [LOT] Using fixed lot: 0.9
2025-11-27 17:59:58,008 [LIVE] [TRADE] 2025-11-27T10:59:58.001569 | GBPJPY   | SELL  | entry=None | SL=206.728 | TP=206.608 | lot=0.9 | Ratio=1:1 | BasePip=60 | status=SKIPPED_MAX | ret=None
2025-11-27 18:13:24,060 [LIVE] [LOT] Using fixed lot: 0.9
2025-11-27 18:13:24,060 [LIVE] [TRADE] 2025-11-27T11:13:24.060416 | GBPJPY   | BUY   | entry=None | SL=206.617 | TP=206.737 | lot=0.9 | Ratio=1:1 | BasePip=60 | status=SKIPPED_MAX | ret=None
2025-11-27 18:13:29,088 [LIVE] [LOT] Using fixed lot: 0.9
2025-11-27 18:13:29,088 [LIVE] [TRADE] 2025-11-27T11:13:29.088198 | GBPJPY   | BUY   | entry=None | SL=206.618 | TP=206.738 | lot=0.9 | Ratio=1:1 | BasePip=60 | status=SKIPPED_MAX | ret=None
2025-11-27 18:13:34,129 [LIVE] [LOT] Using fixed lot: 0.9
2025-11-27 18:13:34,129 [LIVE] [TRADE] 2025-11-27T11:13:34.129357 | GBPJPY   | BUY   | entry=None | SL=206.60999999999999 | TP=206.73 | lot=0.9 | Ratio=1:1 | BasePip=60 | status=SKIPPED_MAX | ret=None
2025-11-27 18:13:39,162 [LIVE] [LOT] Using fixed lot: 0.9
2025-11-27 18:13:39,162 [LIVE] [TRADE] 2025-11-27T11:13:39.162475 | GBPJPY   | BUY   | entry=None | SL=206.60999999999999 | TP=206.73 | lot=0.9 | Ratio=1:1 | BasePip=60 | status=SKIPPED_MAX | ret=None
2025-11-27 18:13:44,194 [LIVE] [LOT] Using fixed lot: 0.9
2025-11-27 18:13:44,194 [LIVE] [TRADE] 2025-11-27T11:13:44.194846 | GBPJPY   | BUY   | entry=None | SL=206.612 | TP=206.732 | lot=0.9 | Ratio=1:1 | BasePip=60 | status=SKIPPED_MAX | ret=None
2025-11-27 18:13:49,239 [LIVE] [LOT] Using fixed lot: 0.9
2025-11-27 18:13:49,239 [LIVE] [TRADE] 2025-11-27T11:13:49.239300 | GBPJPY   | BUY   | entry=None | SL=206.611 | TP=206.731 | lot=0.9 | Ratio=1:1 | BasePip=60 | status=SKIPPED_MAX | ret=None
2025-11-27 18:19:21,546 [LIVE] BUY hit SL at 206.649
2025-11-27 18:24:49,013 [LIVE] [LOT] Using fixed lot: 0.9
2025-11-27 18:24:49,188 [LIVE] [TRADE] 2025-11-27T11:24:49.013197 | GBPJPY   | BUY   | entry=206.692 | SL=206.61599999999999 | TP=206.736 | lot=0.9 | Ratio=1:1 | BasePip=60 | status=OK | ret=10009
2025-11-27 18:24:54,230 [LIVE] [LOT] Using fixed lot: 0.9
2025-11-27 18:24:54,398 [LIVE] [TRADE] 2025-11-27T11:24:54.230595 | GBPJPY   | BUY   | entry=206.694 | SL=206.618 | TP=206.738 | lot=0.9 | Ratio=1:1 | BasePip=60 | status=OK | ret=10009
2025-11-27 18:24:59,431 [LIVE] [LOT] Using fixed lot: 0.9
2025-11-27 18:24:59,431 [LIVE] [TRADE] 2025-11-27T11:24:59.431272 | GBPJPY   | BUY   | entry=None | SL=206.62 | TP=206.74 | lot=0.9 | Ratio=1:1 | BasePip=60 | status=SKIPPED_MAX | ret=None
2025-11-27 18:30:26,916 [LIVE] [TRAILING] SL updated to 206.69500000000002
2025-11-27 18:30:36,996 [LIVE] BUY hit SL at 206.688
2025-11-27 18:39:30,850 [LIVE] [TRAILING] SL updated to 206.69500000000002
2025-11-27 18:39:36,057 [LIVE] [TRAILING] SL updated to 206.696
2025-11-27 18:39:51,493 [LIVE] [TRAILING] SL updated to 206.70000000000002
2025-11-27 18:40:01,733 [LIVE] [TRAILING] SL updated to 206.70700000000002
2025-11-27 18:40:06,936 [LIVE] [TRAILING] SL updated to 206.711
2025-11-27 18:40:32,275 [LIVE] [TRAILING] SL updated to 206.721
2025-11-27 18:40:37,472 [LIVE] [TRAILING] SL updated to 206.72500000000002
2025-11-27 18:59:45,263 [LIVE] [LOT] Using fixed lot: 0.9
2025-11-27 18:59:45,474 [LIVE] [TRADE] 2025-11-27T11:59:45.263014 | GBPJPY   | SELL  | entry=206.794 | SL=206.854 | TP=206.734 | lot=0.9 | Ratio=1:1 | BasePip=60 | status=OK | ret=10009
2025-11-27 18:59:50,518 [LIVE] [LOT] Using fixed lot: 0.9
2025-11-27 18:59:50,693 [LIVE] [TRADE] 2025-11-27T11:59:50.518020 | GBPJPY   | SELL  | entry=206.789 | SL=206.849 | TP=206.72899999999998 | lot=0.9 | Ratio=1:1 | BasePip=60 | status=OK | ret=10009
2025-11-27 18:59:55,729 [LIVE] [LOT] Using fixed lot: 0.9
2025-11-27 18:59:55,729 [LIVE] [TRADE] 2025-11-27T11:59:55.729861 | GBPJPY   | SELL  | entry=None | SL=206.844 | TP=206.724 | lot=0.9 | Ratio=1:1 | BasePip=60 | status=SKIPPED_MAX | ret=None
2025-11-27 19:07:34,633 [LIVE] SELL hit TP at 206.728
2025-11-27 19:17:44,724 [LIVE] [LOT] Using fixed lot: 0.9
2025-11-27 19:17:44,725 [LIVE] [TRADE] 2025-11-27T12:17:44.724039 | GBPJPY   | BUY   | entry=None | SL=206.762 | TP=206.882 | lot=0.9 | Ratio=1:1 | BasePip=60 | status=SKIPPED_MAX | ret=None
2025-11-27 19:17:49,756 [LIVE] [LOT] Using fixed lot: 0.9
2025-11-27 19:17:49,762 [LIVE] [TRADE] 2025-11-27T12:17:49.756590 | GBPJPY   | BUY   | entry=None | SL=206.761 | TP=206.881 | lot=0.9 | Ratio=1:1 | BasePip=60 | status=SKIPPED_MAX | ret=None
2025-11-27 19:17:59,827 [LIVE] [LOT] Using fixed lot: 0.9
2025-11-27 19:17:59,827 [LIVE] [TRADE] 2025-11-27T12:17:59.827613 | GBPJPY   | BUY   | entry=None | SL=206.759 | TP=206.879 | lot=0.9 | Ratio=1:1 | BasePip=60 | status=SKIPPED_MAX | ret=None
2025-11-27 20:15:57,813 [LIVE] [LOT] Using fixed lot: 0.9
2025-11-27 20:15:57,980 [LIVE] [TRADE] 2025-11-27T13:15:57.813392 | GBPJPY   | SELL  | entry=206.884 | SL=206.944 | TP=206.82399999999998 | lot=0.9 | Ratio=1:1 | BasePip=60 | status=OK | ret=10009
2025-11-27 20:22:51,627 [LIVE] SELL hit SL at 206.946
2025-11-27 20:56:46,842 [LIVE] [LOT] Using fixed lot: 0.9
2025-11-27 20:56:46,984 [LIVE] [TRADE] 2025-11-27T13:56:46.842720 | GBPJPY   | SELL  | entry=206.964 | SL=207.024 | TP=206.904 | lot=0.9 | Ratio=1:1 | BasePip=60 | status=OK | ret=10009
2025-11-27 20:56:52,029 [LIVE] [LOT] Using fixed lot: 0.9
2025-11-27 20:56:52,246 [LIVE] [TRADE] 2025-11-27T13:56:52.029984 | GBPJPY   | SELL  | entry=206.963 | SL=207.023 | TP=206.903 | lot=0.9 | Ratio=1:1 | BasePip=60 | status=OK | ret=10009
2025-11-27 20:56:57,284 [LIVE] [LOT] Using fixed lot: 0.9
2025-11-27 20:56:57,284 [LIVE] [TRADE] 2025-11-27T13:56:57.284832 | GBPJPY   | SELL  | entry=None | SL=207.023 | TP=206.903 | lot=0.9 | Ratio=1:1 | BasePip=60 | status=SKIPPED_MAX | ret=None
2025-11-27 21:06:26,771 [LIVE] SELL hit TP at 206.901
2025-11-27 21:11:44,770 [LIVE] [LOT] Using fixed lot: 0.9
2025-11-27 21:11:44,770 [LIVE] [TRADE] 2025-11-27T14:11:44.770677 | GBPJPY   | SELL  | entry=None | SL=206.99 | TP=206.87 | lot=0.9 | Ratio=1:1 | BasePip=60 | status=SKIPPED_MAX | ret=None
2025-11-27 21:11:49,829 [LIVE] [LOT] Using fixed lot: 0.9
2025-11-27 21:11:49,832 [LIVE] [TRADE] 2025-11-27T14:11:49.829882 | GBPJPY   | SELL  | entry=None | SL=206.986 | TP=206.86599999999999 | lot=0.9 | Ratio=1:1 | BasePip=60 | status=SKIPPED_MAX | ret=None
2025-11-27 21:11:54,863 [LIVE] [LOT] Using fixed lot: 0.9
2025-11-27 21:11:54,863 [LIVE] [TRADE] 2025-11-27T14:11:54.863274 | GBPJPY   | SELL  | entry=None | SL=206.984 | TP=206.864 | lot=0.9 | Ratio=1:1 | BasePip=60 | status=SKIPPED_MAX | ret=None
2025-11-27 21:11:59,886 [LIVE] [LOT] Using fixed lot: 0.9
2025-11-27 21:11:59,886 [LIVE] [TRADE] 2025-11-27T14:11:59.886250 | GBPJPY   | SELL  | entry=None | SL=206.987 | TP=206.867 | lot=0.9 | Ratio=1:1 | BasePip=60 | status=SKIPPED_MAX | ret=None
2025-11-27 21:13:45,611 [LIVE] [LOT] Using fixed lot: 0.9
2025-11-27 21:13:45,613 [LIVE] [TRADE] 2025-11-27T14:13:45.611967 | GBPJPY   | SELL  | entry=None | SL=206.964 | TP=206.844 | lot=0.9 | Ratio=1:1 | BasePip=60 | status=SKIPPED_MAX | ret=None
2025-11-27 21:13:50,644 [LIVE] [LOT] Using fixed lot: 0.9
2025-11-27 21:13:50,644 [LIVE] [TRADE] 2025-11-27T14:13:50.644433 | GBPJPY   | SELL  | entry=None | SL=206.967 | TP=206.847 | lot=0.9 | Ratio=1:1 | BasePip=60 | status=SKIPPED_MAX | ret=None
2025-11-27 21:13:55,676 [LIVE] [LOT] Using fixed lot: 0.9
2025-11-27 21:13:55,676 [LIVE] [TRADE] 2025-11-27T14:13:55.676756 | GBPJPY   | SELL  | entry=None | SL=206.964 | TP=206.844 | lot=0.9 | Ratio=1:1 | BasePip=60 | status=SKIPPED_MAX | ret=None
2025-11-27 21:14:00,705 [LIVE] [LOT] Using fixed lot: 0.9
2025-11-27 21:14:00,714 [LIVE] [TRADE] 2025-11-27T14:14:00.705429 | GBPJPY   | SELL  | entry=None | SL=206.962 | TP=206.84199999999998 | lot=0.9 | Ratio=1:1 | BasePip=60 | status=SKIPPED_MAX | ret=None
2025-11-27 21:24:50,821 [LIVE] [LOT] Using fixed lot: 0.9
2025-11-27 21:24:50,998 [LIVE] [TRADE] 2025-11-27T14:24:50.821198 | GBPJPY   | BUY   | entry=206.909 | SL=206.833 | TP=206.953 | lot=0.9 | Ratio=1:1 | BasePip=60 | status=OK | ret=10009
2025-11-27 21:24:56,043 [LIVE] [LOT] Using fixed lot: 0.9
2025-11-27 21:24:56,201 [LIVE] [TRADE] 2025-11-27T14:24:56.043349 | GBPJPY   | BUY   | entry=206.911 | SL=206.835 | TP=206.955 | lot=0.9 | Ratio=1:1 | BasePip=60 | status=OK | ret=10009
2025-11-27 21:31:44,521 [LIVE] [TRAILING] SL updated to 206.918
2025-11-27 21:31:49,909 [LIVE] [TRAILING] SL updated to 206.92000000000002
2025-11-27 21:31:55,181 [LIVE] [TRAILING] SL updated to 206.92100000000002
2025-11-27 21:32:00,244 [LIVE] BUY hit SL at 206.921
2025-11-27 21:32:05,442 [LIVE] [TRAILING] SL updated to 206.92100000000002
2025-11-27 21:42:22,893 [LIVE] [LOT] Using fixed lot: 0.9
2025-11-27 21:42:23,045 [LIVE] [TRADE] 2025-11-27T14:42:22.893086 | GBPJPY   | BUY   | entry=206.893 | SL=206.817 | TP=206.937 | lot=0.9 | Ratio=1:1 | BasePip=60 | status=OK | ret=10009
2025-11-27 21:42:28,085 [LIVE] [LOT] Using fixed lot: 0.9
2025-11-27 21:42:28,267 [LIVE] [TRADE] 2025-11-27T14:42:28.085426 | GBPJPY   | BUY   | entry=206.89 | SL=206.814 | TP=206.934 | lot=0.9 | Ratio=1:1 | BasePip=60 | status=OK | ret=10009
2025-11-27 21:42:33,322 [LIVE] [LOT] Using fixed lot: 0.9
2025-11-27 21:42:33,322 [LIVE] [TRADE] 2025-11-27T14:42:33.322995 | GBPJPY   | BUY   | entry=None | SL=206.825 | TP=206.945 | lot=0.9 | Ratio=1:1 | BasePip=60 | status=SKIPPED_MAX | ret=None
2025-11-27 21:42:38,362 [LIVE] [LOT] Using fixed lot: 0.9
2025-11-27 21:42:38,371 [LIVE] [TRADE] 2025-11-27T14:42:38.362933 | GBPJPY   | BUY   | entry=None | SL=206.822 | TP=206.942 | lot=0.9 | Ratio=1:1 | BasePip=60 | status=SKIPPED_MAX | ret=None
2025-11-27 21:42:43,414 [LIVE] [LOT] Using fixed lot: 0.9
2025-11-27 21:42:43,420 [LIVE] [TRADE] 2025-11-27T14:42:43.414737 | GBPJPY   | BUY   | entry=None | SL=206.825 | TP=206.945 | lot=0.9 | Ratio=1:1 | BasePip=60 | status=SKIPPED_MAX | ret=None
2025-11-27 21:42:48,458 [LIVE] [LOT] Using fixed lot: 0.9
2025-11-27 21:42:48,473 [LIVE] [TRADE] 2025-11-27T14:42:48.458053 | GBPJPY   | BUY   | entry=None | SL=206.825 | TP=206.945 | lot=0.9 | Ratio=1:1 | BasePip=60 | status=SKIPPED_MAX | ret=None
2025-11-27 21:42:53,511 [LIVE] [LOT] Using fixed lot: 0.9
2025-11-27 21:42:53,514 [LIVE] [TRADE] 2025-11-27T14:42:53.511089 | GBPJPY   | BUY   | entry=None | SL=206.827 | TP=206.947 | lot=0.9 | Ratio=1:1 | BasePip=60 | status=SKIPPED_MAX | ret=None
2025-11-27 21:42:58,542 [LIVE] [LOT] Using fixed lot: 0.9
2025-11-27 21:42:58,542 [LIVE] [TRADE] 2025-11-27T14:42:58.542766 | GBPJPY   | BUY   | entry=None | SL=206.827 | TP=206.947 | lot=0.9 | Ratio=1:1 | BasePip=60 | status=SKIPPED_MAX | ret=None
2025-11-27 21:44:34,395 [LIVE] [TRAILING] SL updated to 206.895
2025-11-27 21:44:54,561 [LIVE] BUY hit SL at 206.889
2025-11-27 21:46:30,530 [LIVE] [TRAILING] SL updated to 206.893
2025-11-27 21:46:40,779 [LIVE] [TRAILING] SL updated to 206.894
2025-11-27 21:46:46,021 [LIVE] [TRAILING] SL updated to 206.895
2025-11-27 21:46:51,238 [LIVE] [TRAILING] SL updated to 206.89700000000002
2025-11-27 21:47:26,672 [LIVE] [TRAILING] SL updated to 206.9
2025-11-27 22:01:38,722 [LIVE] [LOT] Using fixed lot: 0.9
2025-11-27 22:01:38,877 [LIVE] [TRADE] 2025-11-27T15:01:38.722414 | GBPJPY   | SELL  | entry=206.855 | SL=206.915 | TP=206.795 | lot=0.9 | Ratio=1:1 | BasePip=60 | status=OK | ret=10009
2025-11-27 22:07:02,246 [LIVE] SELL hit SL at 206.917
2025-11-27 22:09:43,706 [LIVE] [LOT] Using fixed lot: 0.9
2025-11-27 22:09:43,868 [LIVE] [TRADE] 2025-11-27T15:09:43.706172 | GBPJPY   | BUY   | entry=206.938 | SL=206.862 | TP=206.982 | lot=0.9 | Ratio=1:1 | BasePip=60 | status=OK | ret=10009
2025-11-27 22:09:49,098 [LIVE] [LOT] Using fixed lot: 0.9
2025-11-27 22:09:49,274 [LIVE] [TRADE] 2025-11-27T15:09:49.098344 | GBPJPY   | BUY   | entry=206.933 | SL=206.857 | TP=206.977 | lot=0.9 | Ratio=1:1 | BasePip=60 | status=OK | ret=10009
2025-11-27 22:09:54,313 [LIVE] [LOT] Using fixed lot: 0.9
2025-11-27 22:09:54,329 [LIVE] [TRADE] 2025-11-27T15:09:54.313039 | GBPJPY   | BUY   | entry=None | SL=206.858 | TP=206.978 | lot=0.9 | Ratio=1:1 | BasePip=60 | status=SKIPPED_MAX | ret=None
2025-11-27 22:12:55,892 [LIVE] [LOT] Using fixed lot: 0.9
2025-11-27 22:12:55,892 [LIVE] [TRADE] 2025-11-27T15:12:55.892439 | GBPJPY   | BUY   | entry=None | SL=206.861 | TP=206.981 | lot=0.9 | Ratio=1:1 | BasePip=60 | status=SKIPPED_MAX | ret=None
2025-11-27 22:27:07,379 [LIVE] [TRAILING] SL updated to 206.94500000000002
2025-11-27 22:27:12,588 [LIVE] [TRAILING] SL updated to 206.958
2025-11-27 22:27:38,420 [LIVE] BUY hit TP at 206.987
2025-11-27 22:53:37,183 [LIVE] [LOT] Using fixed lot: 0.9
2025-11-27 22:53:38,756 [LIVE] [TRADE] 2025-11-27T15:53:37.183498 | GBPJPY   | BUY   | entry=207.006 | SL=206.93 | TP=207.05 | lot=0.9 | Ratio=1:1 | BasePip=60 | status=OK | ret=10009
2025-11-27 22:53:53,883 [LIVE] [LOT] Using fixed lot: 0.9
2025-11-27 22:53:54,423 [LIVE] [TRADE] 2025-11-27T15:53:53.883197 | GBPJPY   | BUY   | entry=207.009 | SL=206.933 | TP=207.053 | lot=0.9 | Ratio=1:1 | BasePip=60 | status=OK | ret=10009
2025-11-27 22:53:59,463 [LIVE] [LOT] Using fixed lot: 0.9
2025-11-27 22:53:59,795 [LIVE] [TRADE] 2025-11-27T15:53:59.463744 | GBPJPY   | BUY   | entry=None | SL=206.933 | TP=207.053 | lot=0.9 | Ratio=1:1 | BasePip=60 | status=SKIPPED_MAX | ret=None
2025-11-27 22:55:11,569 [LIVE] [TRAILING] SL updated to 207.025
2025-11-27 22:55:16,814 [LIVE] [TRAILING] SL updated to 207.02800000000002
2025-11-27 22:55:22,036 [LIVE] [TRAILING] SL updated to 207.029
2025-11-27 22:55:32,283 [LIVE] [TRAILING] SL updated to 207.03300000000002
2025-11-27 22:55:37,500 [LIVE] [TRAILING] SL updated to 207.037
2025-11-27 22:56:02,900 [LIVE] [TRAILING] SL updated to 207.03900000000002
2025-11-27 22:56:07,950 [LIVE] BUY hit SL at 207.038
2025-11-27 23:06:30,065 [LIVE] [LOT] Using fixed lot: 0.9
2025-11-27 23:06:30,558 [LIVE] [LOG] 2025-11-27T16:06:30.065429 | GBPJPY   | BUY   | entry=207.163 | SL=207.087 | TF=1 | status=OK | comment=LiveEngineScreen
2025-11-27 23:09:58,588 [LIVE] [LOG] 2025-11-27T16:09:58.062845 | GBPJPY   | BUY   | entry=207.16299999999998 | SL=207.175 | TF=1 | status=TRAILING_UPDATE | comment=Moved SL to 207.175 (Profit > 10 pips)
2025-11-27 23:10:09,122 [LIVE] BUY hit SL at 207.174
2025-11-27 23:10:09,500 [LIVE] [LOG] 2025-11-27T16:10:09.122006 | GBPJPY   | BUY   | entry=207.147 | SL=207.175 | TF=1 | status=SL_HIT | comment=BUY hit SL at 207.174
2025-11-27 23:32:50,405 [LIVE] [LOT] Using fixed lot: 0.9
2025-11-27 23:32:51,490 [LIVE] [LOG] 2025-11-27T16:32:50.405636 | GBPJPY   | SELL  | entry=207.067 | SL=207.127 | TF=1 | status=OK | comment=LiveEngineScreen
2025-11-27 23:32:56,516 [LIVE] [LOT] Using fixed lot: 0.9
2025-11-27 23:32:57,005 [LIVE] [LOG] 2025-11-27T16:32:56.516992 | GBPJPY   | SELL  | entry=207.069 | SL=207.129 | TF=1 | status=OK | comment=LiveEngineScreen
2025-11-27 23:38:37,622 [LIVE] SELL hit TP at 207.006
2025-11-27 23:38:37,957 [LIVE] [LOG] 2025-11-27T16:38:37.622719 | GBPJPY   | SELL  | entry=207.069 | SL=207.129 | TF=1 | status=TP_HIT | comment=SELL hit TP at 207.006
2025-11-28 00:14:13,076 [LIVE] [LOT] Using fixed lot: 0.9
2025-11-28 00:14:13,783 [LIVE] [LOG] 2025-11-27T17:14:13.076560 | GBPJPY   | BUY   | entry=206.969 | SL=206.893 | TF=1 | status=OK | comment=LiveEngineScreen
2025-11-28 00:14:18,814 [LIVE] [LOT] Using fixed lot: 0.9
2025-11-28 00:14:19,352 [LIVE] [LOG] 2025-11-27T17:14:18.814279 | GBPJPY   | BUY   | entry=206.972 | SL=206.896 | TF=1 | status=OK | comment=LiveEngineScreen
2025-11-28 00:20:52,848 [LIVE] BUY hit SL at 206.896
2025-11-28 00:20:53,208 [LIVE] [LOG] 2025-11-27T17:20:52.848318 | GBPJPY   | BUY   | entry=206.956 | SL=206.896 | TF=1 | status=SL_HIT | comment=BUY hit SL at 206.896
2025-11-28 01:41:41,372 [LIVE] [LOT] Using fixed lot: 0.9
2025-11-28 01:41:42,064 [LIVE] [LOG] 2025-11-27T18:41:41.372502 | GBPJPY   | BUY   | entry=207.008 | SL=206.932 | TF=1 | status=OK | comment=LiveEngineScreen
2025-11-28 01:41:47,093 [LIVE] [LOT] Using fixed lot: 0.9
2025-11-28 01:41:47,614 [LIVE] [LOG] 2025-11-27T18:41:47.093030 | GBPJPY   | BUY   | entry=207.008 | SL=206.932 | TF=1 | status=OK | comment=LiveEngineScreen
2025-11-28 01:41:52,642 [LIVE] [LOT] Using fixed lot: 0.9
2025-11-28 01:41:53,024 [LIVE] [LOG] 2025-11-27T18:41:52.642054 | GBPJPY   | BUY   | entry=None | SL=206.933 | TF=1 | status=SKIPPED_MAX | comment=Max trades reached for GBPJPY
2025-11-28 01:41:58,054 [LIVE] [LOT] Using fixed lot: 0.9
2025-11-28 01:41:58,403 [LIVE] [LOG] 2025-11-27T18:41:58.054309 | GBPJPY   | BUY   | entry=None | SL=206.933 | TF=1 | status=SKIPPED_MAX | comment=Max trades reached for GBPJPY
2025-11-28 01:43:44,769 [LIVE] [LOT] Using fixed lot: 0.9
2025-11-28 01:43:45,135 [LIVE] [LOG] 2025-11-27T18:43:44.769099 | GBPJPY   | SELL  | entry=None | SL=207.02700000000002 | TF=1 | status=SKIPPED_MAX | comment=Max trades reached for GBPJPY
2025-11-28 01:43:50,561 [LIVE] [LOT] Using fixed lot: 0.9
2025-11-28 01:43:50,893 [LIVE] [LOG] 2025-11-27T18:43:50.561290 | GBPJPY   | SELL  | entry=None | SL=207.02700000000002 | TF=1 | status=SKIPPED_MAX | comment=Max trades reached for GBPJPY
2025-11-28 01:43:56,292 [LIVE] [LOT] Using fixed lot: 0.9
2025-11-28 01:43:56,725 [LIVE] [LOG] 2025-11-27T18:43:56.292319 | GBPJPY   | SELL  | entry=None | SL=207.02700000000002 | TF=1 | status=SKIPPED_MAX | comment=Max trades reached for GBPJPY
2025-11-28 01:47:03,397 [LIVE] [LOT] Using fixed lot: 0.9
2025-11-28 01:47:03,828 [LIVE] [LOG] 2025-11-27T18:47:03.397486 | GBPJPY   | SELL  | entry=None | SL=207.016 | TF=1 | status=SKIPPED_MAX | comment=Max trades reached for GBPJPY
2025-11-28 01:47:08,856 [LIVE] [LOT] Using fixed lot: 0.9
2025-11-28 01:47:09,208 [LIVE] [LOG] 2025-11-27T18:47:08.856141 | GBPJPY   | SELL  | entry=None | SL=207.017 | TF=1 | status=SKIPPED_MAX | comment=Max trades reached for GBPJPY
2025-11-28 01:47:14,239 [LIVE] [LOT] Using fixed lot: 0.9
2025-11-28 01:47:14,617 [LIVE] [LOG] 2025-11-27T18:47:14.239758 | GBPJPY   | SELL  | entry=None | SL=207.017 | TF=1 | status=SKIPPED_MAX | comment=Max trades reached for GBPJPY
2025-11-28 01:47:19,648 [LIVE] [LOT] Using fixed lot: 0.9
2025-11-28 01:47:20,072 [LIVE] [LOG] 2025-11-27T18:47:19.650716 | GBPJPY   | SELL  | entry=None | SL=207.014 | TF=1 | status=SKIPPED_MAX | comment=Max trades reached for GBPJPY
2025-11-28 01:47:25,103 [LIVE] [LOT] Using fixed lot: 0.9
2025-11-28 01:47:25,478 [LIVE] [LOG] 2025-11-27T18:47:25.103945 | GBPJPY   | SELL  | entry=None | SL=207.012 | TF=1 | status=SKIPPED_MAX | comment=Max trades reached for GBPJPY
2025-11-28 01:47:30,506 [LIVE] [LOT] Using fixed lot: 0.9
2025-11-28 01:47:30,854 [LIVE] [LOG] 2025-11-27T18:47:30.506575 | GBPJPY   | SELL  | entry=None | SL=207.012 | TF=1 | status=SKIPPED_MAX | comment=Max trades reached for GBPJPY
2025-11-28 01:47:35,885 [LIVE] [LOT] Using fixed lot: 0.9
2025-11-28 01:47:36,266 [LIVE] [LOG] 2025-11-27T18:47:35.885412 | GBPJPY   | SELL  | entry=None | SL=207.012 | TF=1 | status=SKIPPED_MAX | comment=Max trades reached for GBPJPY
2025-11-28 01:47:42,266 [LIVE] [LOT] Using fixed lot: 0.9
2025-11-28 01:47:42,629 [LIVE] [LOG] 2025-11-27T18:47:42.266066 | GBPJPY   | SELL  | entry=None | SL=207.0 | TF=1 | status=SKIPPED_MAX | comment=Max trades reached for GBPJPY
2025-11-28 01:47:48,074 [LIVE] [LOT] Using fixed lot: 0.9
2025-11-28 01:47:48,424 [LIVE] [LOG] 2025-11-27T18:47:48.074519 | GBPJPY   | SELL  | entry=None | SL=207.00300000000001 | TF=1 | status=SKIPPED_MAX | comment=Max trades reached for GBPJPY
2025-11-28 01:47:53,801 [LIVE] [LOT] Using fixed lot: 0.9
2025-11-28 01:47:54,142 [LIVE] [LOG] 2025-11-27T18:47:53.801593 | GBPJPY   | SELL  | entry=None | SL=207.00300000000001 | TF=1 | status=SKIPPED_MAX | comment=Max trades reached for GBPJPY
2025-11-28 01:47:59,530 [LIVE] [LOT] Using fixed lot: 0.9
2025-11-28 01:47:59,841 [LIVE] [LOG] 2025-11-27T18:47:59.530011 | GBPJPY   | SELL  | entry=None | SL=207.002 | TF=1 | status=SKIPPED_MAX | comment=Max trades reached for GBPJPY
2025-11-28 01:58:40,747 [LIVE] BUY hit SL at 206.93
2025-11-28 01:58:41,798 [LIVE] [LOG] 2025-11-27T18:58:40.747600 | GBPJPY   | BUY   | entry=206.992 | SL=206.932 | TF=1 | status=SL_HIT | comment=BUY hit SL at 206.93
2025-11-28 02:31:41,460 [LIVE] [LOT] Using fixed lot: 0.9
2025-11-28 02:31:42,742 [LIVE] [LOG] 2025-11-27T19:31:41.460723 | GBPJPY   | SELL  | entry=206.951 | SL=207.011 | TF=1 | status=OK | comment=LiveEngineScreen
2025-11-28 02:31:47,775 [LIVE] [LOT] Using fixed lot: 0.9
2025-11-28 02:31:48,306 [LIVE] [LOG] 2025-11-27T19:31:47.775725 | GBPJPY   | SELL  | entry=206.951 | SL=207.011 | TF=1 | status=OK | comment=LiveEngineScreen
2025-11-28 02:31:53,332 [LIVE] [LOT] Using fixed lot: 0.9
2025-11-28 02:31:53,708 [LIVE] [LOG] 2025-11-27T19:31:53.332611 | GBPJPY   | SELL  | entry=None | SL=207.011 | TF=1 | status=SKIPPED_MAX | comment=Max trades reached for GBPJPY
2025-11-28 02:31:58,737 [LIVE] [LOT] Using fixed lot: 0.9
2025-11-28 02:31:59,091 [LIVE] [LOG] 2025-11-27T19:31:58.737869 | GBPJPY   | SELL  | entry=None | SL=207.011 | TF=1 | status=SKIPPED_MAX | comment=Max trades reached for GBPJPY
2025-11-28 02:52:56,287 [LIVE] [LOT] Using fixed lot: 0.9
2025-11-28 02:52:57,471 [LIVE] [LOG] 2025-11-27T19:52:56.287190 | GBPJPY   | BUY   | entry=None | SL=206.882 | TF=1 | status=SKIPPED_MAX | comment=Max trades reached for GBPJPY
2025-11-28 03:14:42,412 [LIVE] [LOT] Using fixed lot: 0.9
2025-11-28 03:14:43,113 [LIVE] [LOG] 2025-11-27T20:14:42.412669 | GBPJPY   | SELL  | entry=None | SL=206.972 | TF=1 | status=SKIPPED_MAX | comment=Max trades reached for GBPJPY
2025-11-28 03:14:48,146 [LIVE] [LOT] Using fixed lot: 0.9
2025-11-28 03:14:52,118 [LIVE] [LOG] 2025-11-27T20:14:48.146298 | GBPJPY   | SELL  | entry=None | SL=206.971 | TF=1 | status=SKIPPED_MAX | comment=Max trades reached for GBPJPY
2025-11-28 03:14:57,155 [LIVE] [LOT] Using fixed lot: 0.9
2025-11-28 03:14:58,069 [LIVE] [LOG] 2025-11-27T20:14:57.155521 | GBPJPY   | SELL  | entry=None | SL=206.97 | TF=1 | status=SKIPPED_MAX | comment=Max trades reached for GBPJPY
2025-11-28 03:33:24,815 [LIVE] SELL hit TP at 206.885
2025-11-28 03:33:25,823 [LIVE] [LOG] 2025-11-27T20:33:24.815362 | GBPJPY   | SELL  | entry=206.951 | SL=207.011 | TF=1 | status=TP_HIT | comment=SELL hit TP at 206.885
2025-11-28 03:49:30,128 [LIVE] [LOT] Using fixed lot: 0.9
2025-11-28 03:49:30,631 [LIVE] [LOG] 2025-11-27T20:49:30.128972 | GBPJPY   | BUY   | entry=206.92 | SL=206.844 | TF=1 | status=OK | comment=LiveEngineScreen
2025-11-28 03:49:35,660 [LIVE] [LOT] Using fixed lot: 0.9
2025-11-28 03:49:37,149 [LIVE] [LOG] 2025-11-27T20:49:35.660423 | GBPJPY   | BUY   | entry=206.918 | SL=206.84199999999998 | TF=1 | status=OK | comment=LiveEngineScreen
2025-11-28 03:49:42,179 [LIVE] [LOT] Using fixed lot: 0.9
2025-11-28 03:49:42,543 [LIVE] [LOG] 2025-11-27T20:49:42.179349 | GBPJPY   | BUY   | entry=None | SL=206.84199999999998 | TF=1 | status=SKIPPED_MAX | comment=Max trades reached for GBPJPY
2025-11-28 03:49:47,577 [LIVE] [LOT] Using fixed lot: 0.9
2025-11-28 03:49:47,919 [LIVE] [LOG] 2025-11-27T20:49:47.577760 | GBPJPY   | BUY   | entry=None | SL=206.84199999999998 | TF=1 | status=SKIPPED_MAX | comment=Max trades reached for GBPJPY
2025-11-28 03:49:52,943 [LIVE] [LOT] Using fixed lot: 0.9
2025-11-28 03:49:53,303 [LIVE] [LOG] 2025-11-27T20:49:52.943510 | GBPJPY   | BUY   | entry=None | SL=206.843 | TF=1 | status=SKIPPED_MAX | comment=Max trades reached for GBPJPY
2025-11-28 03:49:58,339 [LIVE] [LOT] Using fixed lot: 0.9
2025-11-28 03:49:58,657 [LIVE] [LOG] 2025-11-27T20:49:58.339033 | GBPJPY   | BUY   | entry=None | SL=206.846 | TF=1 | status=SKIPPED_MAX | comment=Max trades reached for GBPJPY
2025-11-28 04:01:18,641 [LIVE] [LOT] Using fixed lot: 0.9
2025-11-28 04:01:19,069 [LIVE] [LOG] 2025-11-27T21:01:18.641389 | GBPJPY   | SELL  | entry=None | SL=206.946 | TF=1 | status=SKIPPED_MAX | comment=Max trades reached for GBPJPY
2025-11-28 04:01:24,433 [LIVE] [LOT] Using fixed lot: 0.9
2025-11-28 04:01:24,799 [LIVE] [LOG] 2025-11-27T21:01:24.433094 | GBPJPY   | SELL  | entry=None | SL=206.948 | TF=1 | status=SKIPPED_MAX | comment=Max trades reached for GBPJPY
2025-11-28 04:01:30,215 [LIVE] [LOT] Using fixed lot: 0.9
2025-11-28 04:01:30,594 [LIVE] [LOG] 2025-11-27T21:01:30.215102 | GBPJPY   | SELL  | entry=None | SL=206.947 | TF=1 | status=SKIPPED_MAX | comment=Max trades reached for GBPJPY
2025-11-28 04:01:35,977 [LIVE] [LOT] Using fixed lot: 0.9
2025-11-28 04:01:36,308 [LIVE] [LOG] 2025-11-27T21:01:35.977929 | GBPJPY   | SELL  | entry=None | SL=206.941 | TF=1 | status=SKIPPED_MAX | comment=Max trades reached for GBPJPY
2025-11-28 04:01:41,708 [LIVE] [LOT] Using fixed lot: 0.9
2025-11-28 04:01:42,060 [LIVE] [LOG] 2025-11-27T21:01:41.708277 | GBPJPY   | SELL  | entry=None | SL=206.942 | TF=1 | status=SKIPPED_MAX | comment=Max trades reached for GBPJPY
2025-11-28 04:01:47,427 [LIVE] [LOT] Using fixed lot: 0.9
2025-11-28 04:01:47,787 [LIVE] [LOG] 2025-11-27T21:01:47.427159 | GBPJPY   | SELL  | entry=None | SL=206.943 | TF=1 | status=SKIPPED_MAX | comment=Max trades reached for GBPJPY
2025-11-28 04:01:53,181 [LIVE] [LOT] Using fixed lot: 0.9
2025-11-28 04:01:53,516 [LIVE] [LOG] 2025-11-27T21:01:53.181358 | GBPJPY   | SELL  | entry=None | SL=206.944 | TF=1 | status=SKIPPED_MAX | comment=Max trades reached for GBPJPY
2025-11-28 04:01:58,974 [LIVE] [LOT] Using fixed lot: 0.9
2025-11-28 04:01:59,303 [LIVE] [LOG] 2025-11-27T21:01:58.974301 | GBPJPY   | SELL  | entry=None | SL=206.943 | TF=1 | status=SKIPPED_MAX | comment=Max trades reached for GBPJPY
2025-11-28 04:02:24,797 [LIVE] [LOT] Using fixed lot: 0.9
2025-11-28 04:02:25,146 [LIVE] [LOG] 2025-11-27T21:02:24.797516 | GBPJPY   | SELL  | entry=None | SL=206.928 | TF=1 | status=SKIPPED_MAX | comment=Max trades reached for GBPJPY
2025-11-28 04:02:30,177 [LIVE] [LOT] Using fixed lot: 0.9
2025-11-28 04:02:30,556 [LIVE] [LOG] 2025-11-27T21:02:30.177554 | GBPJPY   | SELL  | entry=None | SL=206.928 | TF=1 | status=SKIPPED_MAX | comment=Max trades reached for GBPJPY
2025-11-28 04:02:35,583 [LIVE] [LOT] Using fixed lot: 0.9
2025-11-28 04:02:36,059 [LIVE] [LOG] 2025-11-27T21:02:35.583749 | GBPJPY   | SELL  | entry=None | SL=206.928 | TF=1 | status=SKIPPED_MAX | comment=Max trades reached for GBPJPY
2025-11-28 04:02:41,086 [LIVE] [LOT] Using fixed lot: 0.9
2025-11-28 04:02:41,469 [LIVE] [LOG] 2025-11-27T21:02:41.086361 | GBPJPY   | SELL  | entry=None | SL=206.928 | TF=1 | status=SKIPPED_MAX | comment=Max trades reached for GBPJPY
2025-11-28 04:02:46,506 [LIVE] [LOT] Using fixed lot: 0.9
2025-11-28 04:02:46,854 [LIVE] [LOG] 2025-11-27T21:02:46.506652 | GBPJPY   | SELL  | entry=None | SL=206.928 | TF=1 | status=SKIPPED_MAX | comment=Max trades reached for GBPJPY
2025-11-28 04:02:51,882 [LIVE] [LOT] Using fixed lot: 0.9
2025-11-28 04:02:52,208 [LIVE] [LOG] 2025-11-27T21:02:51.882258 | GBPJPY   | SELL  | entry=None | SL=206.929 | TF=1 | status=SKIPPED_MAX | comment=Max trades reached for GBPJPY
2025-11-28 04:08:49,207 [LIVE] [LOT] Using fixed lot: 0.9
2025-11-28 04:08:50,228 [LIVE] [LOG] 2025-11-27T21:08:49.207214 | GBPJPY   | BUY   | entry=None | SL=206.83599999999998 | TF=1 | status=SKIPPED_MAX | comment=Max trades reached for GBPJPY
2025-11-28 04:08:55,255 [LIVE] [LOT] Using fixed lot: 0.9
2025-11-28 04:08:55,638 [LIVE] [LOG] 2025-11-27T21:08:55.255839 | GBPJPY   | BUY   | entry=None | SL=206.83599999999998 | TF=1 | status=SKIPPED_MAX | comment=Max trades reached for GBPJPY
2025-11-28 04:24:45,471 [LIVE] [LOT] Using fixed lot: 0.9
2025-11-28 04:24:46,034 [LIVE] [LOG] 2025-11-27T21:24:45.471736 | GBPJPY   | BUY   | entry=None | SL=206.829 | TF=1 | status=SKIPPED_MAX | comment=Max trades reached for GBPJPY
2025-11-28 04:24:51,066 [LIVE] [LOT] Using fixed lot: 0.9
2025-11-28 04:24:51,419 [LIVE] [LOG] 2025-11-27T21:24:51.066877 | GBPJPY   | BUY   | entry=None | SL=206.829 | TF=1 | status=SKIPPED_MAX | comment=Max trades reached for GBPJPY
2025-11-28 04:24:56,445 [LIVE] [LOT] Using fixed lot: 0.9
2025-11-28 04:24:56,805 [LIVE] [LOG] 2025-11-27T21:24:56.445754 | GBPJPY   | BUY   | entry=None | SL=206.82999999999998 | TF=1 | status=SKIPPED_MAX | comment=Max trades reached for GBPJPY
2025-11-28 04:57:55,821 [LIVE] [LOT] Using fixed lot: 0.9
2025-11-28 04:57:57,555 [LIVE] [LOG] 2025-11-27T21:57:55.821933 | GBPJPY   | BUY   | entry=None | SL=206.833 | TF=1 | status=SKIPPED_MAX | comment=Max trades reached for GBPJPY
2025-11-28 04:59:13,007 [LIVE] [LOT] Using fixed lot: 0.9
2025-11-28 04:59:13,480 [LIVE] [LOG] 2025-11-27T21:59:13.007205 | GBPJPY   | SELL  | entry=None | SL=206.969 | TF=1 | status=SKIPPED_MAX | comment=Max trades reached for GBPJPY
2025-11-28 04:59:18,507 [LIVE] [LOT] Using fixed lot: 0.9
2025-11-28 04:59:19,007 [LIVE] [LOG] 2025-11-27T21:59:18.507145 | GBPJPY   | SELL  | entry=None | SL=206.969 | TF=1 | status=SKIPPED_MAX | comment=Max trades reached for GBPJPY
2025-11-28 04:59:34,604 [LIVE] [LOG] 2025-11-27T21:59:34.259478 | GBPJPY   | BUY   | entry=206.92 | SL=206.92600000000002 | TF=1 | status=TRAILING_UPDATE | comment=Moved SL to 206.92600000000002 (Profit > 10 pips)
2025-11-28 04:59:40,123 [LIVE] [LOG] 2025-11-27T21:59:39.792926 | GBPJPY   | BUY   | entry=206.92 | SL=206.931 | TF=1 | status=TRAILING_UPDATE | comment=Moved SL to 206.931 (Profit > 10 pips)
2025-11-28 04:59:45,664 [LIVE] [LOG] 2025-11-27T21:59:45.296168 | GBPJPY   | BUY   | entry=206.92 | SL=206.934 | TF=1 | status=TRAILING_UPDATE | comment=Moved SL to 206.934 (Profit > 10 pips)
2025-11-28 04:59:51,180 [LIVE] [LOG] 2025-11-27T21:59:50.845119 | GBPJPY   | BUY   | entry=206.92 | SL=206.935 | TF=1 | status=TRAILING_UPDATE | comment=Moved SL to 206.935 (Profit > 10 pips)
2025-11-28 05:05:07,942 [LIVE] BUY hit SL at 206.883
2025-11-28 05:05:09,011 [LIVE] [LOG] 2025-11-27T22:05:07.937836 | GBPJPY   | BUY   | entry=206.902 | SL=206.935 | TF=1 | status=SL_HIT | comment=BUY hit SL at 206.883
2025-11-28 05:12:46,622 [LIVE] [LOT] Using fixed lot: 0.9
2025-11-28 05:12:47,558 [LIVE] [LOG] 2025-11-27T22:12:46.622309 | GBPJPY   | SELL  | entry=None | SL=206.872 | TF=1 | status=REJECTED | comment=Invalid stops
2025-11-28 05:12:52,587 [LIVE] [LOT] Using fixed lot: 0.9
2025-11-28 05:12:53,027 [LIVE] [LOG] 2025-11-27T22:12:52.587925 | GBPJPY   | SELL  | entry=None | SL=206.875 | TF=1 | status=REJECTED | comment=Invalid stops
2025-11-28 05:13:48,333 [LIVE] [LOT] Using fixed lot: 0.9
2025-11-28 05:13:48,688 [LIVE] [LOG] 2025-11-27T22:13:48.333522 | GBPJPY   | SELL  | entry=None | SL=206.88 | TF=1 | status=REJECTED | comment=Invalid stops
2025-11-28 05:13:58,751 [LIVE] [LOT] Using fixed lot: 0.9
2025-11-28 05:13:59,106 [LIVE] [LOG] 2025-11-27T22:13:58.751578 | GBPJPY   | SELL  | entry=None | SL=206.881 | TF=1 | status=REJECTED | comment=Invalid stops
2025-11-28 05:50:04,055 [LIVE] [LOT] Using fixed lot: 0.9
2025-11-28 05:50:04,953 [LIVE] [LOG] 2025-11-27T22:50:04.055946 | GBPJPY   | SELL  | entry=None | SL=206.84 | TF=1 | status=REJECTED | comment=Invalid stops
2025-11-28 05:50:20,042 [LIVE] [LOT] Using fixed lot: 0.9
2025-11-28 05:50:20,436 [LIVE] [LOG] 2025-11-27T22:50:20.042946 | GBPJPY   | SELL  | entry=None | SL=206.886 | TF=1 | status=REJECTED | comment=Invalid stops
2025-11-28 05:50:25,463 [LIVE] [LOT] Using fixed lot: 0.9
2025-11-28 05:50:25,796 [LIVE] [LOG] 2025-11-27T22:50:25.463354 | GBPJPY   | SELL  | entry=None | SL=206.888 | TF=1 | status=REJECTED | comment=Invalid stops
2025-11-28 05:50:30,828 [LIVE] [LOT] Using fixed lot: 0.9
2025-11-28 05:50:31,181 [LIVE] [LOG] 2025-11-27T22:50:30.828888 | GBPJPY   | SELL  | entry=None | SL=206.883 | TF=1 | status=REJECTED | comment=Invalid stops
2025-11-28 05:50:36,206 [LIVE] [LOT] Using fixed lot: 0.9
2025-11-28 05:50:36,537 [LIVE] [LOG] 2025-11-27T22:50:36.206350 | GBPJPY   | SELL  | entry=None | SL=206.887 | TF=1 | status=REJECTED | comment=Invalid stops
2025-11-28 05:51:26,855 [LIVE] [LOT] Using fixed lot: 0.9
2025-11-28 05:51:27,612 [LIVE] [LOG] 2025-11-27T22:51:26.855002 | GBPJPY   | SELL  | entry=None | SL=206.887 | TF=1 | status=REJECTED | comment=Invalid stops
2025-11-28 05:51:32,641 [LIVE] [LOT] Using fixed lot: 0.9
2025-11-28 05:51:32,972 [LIVE] [LOG] 2025-11-27T22:51:32.641262 | GBPJPY   | SELL  | entry=None | SL=206.887 | TF=1 | status=REJECTED | comment=Invalid stops
2025-11-28 05:51:38,009 [LIVE] [LOT] Using fixed lot: 0.9
2025-11-28 05:51:38,367 [LIVE] [LOG] 2025-11-27T22:51:38.009472 | GBPJPY   | SELL  | entry=None | SL=206.886 | TF=1 | status=REJECTED | comment=Invalid stops
2025-11-28 05:51:43,745 [LIVE] [LOT] Using fixed lot: 0.9
2025-11-28 05:51:44,070 [LIVE] [LOG] 2025-11-27T22:51:43.745097 | GBPJPY   | SELL  | entry=None | SL=206.887 | TF=1 | status=REJECTED | comment=Invalid stops
2025-11-28 05:51:49,473 [LIVE] [LOT] Using fixed lot: 0.9
2025-11-28 05:51:49,809 [LIVE] [LOG] 2025-11-27T22:51:49.473521 | GBPJPY   | SELL  | entry=None | SL=206.887 | TF=1 | status=REJECTED | comment=Invalid stops
2025-11-28 05:51:55,185 [LIVE] [LOT] Using fixed lot: 0.9
2025-11-28 05:51:55,523 [LIVE] [LOG] 2025-11-27T22:51:55.185322 | GBPJPY   | SELL  | entry=None | SL=206.883 | TF=1 | status=REJECTED | comment=Invalid stops
2025-11-28 06:00:05,940 [LIVE] [LOT] Using fixed lot: 0.9
2025-11-28 06:00:08,377 [LIVE] [LOG] 2025-11-27T23:00:05.940144 | GBPJPY   | BUY   | entry=None | SL=206.85399999999998 | TF=1 | status=REJECTED | comment=LiveEngineScreen
2025-11-28 06:07:21,734 [LIVE] [LOT] Using fixed lot: 0.9
2025-11-28 06:07:22,288 [LIVE] [LOG] 2025-11-27T23:07:21.734338 | GBPJPY   | BUY   | entry=206.833 | SL=206.754 | TF=1 | status=OK | comment=LiveEngineScreen
2025-11-28 06:07:27,314 [LIVE] [LOT] Using fixed lot: 0.9
2025-11-28 06:07:27,829 [LIVE] [LOG] 2025-11-27T23:07:27.314638 | GBPJPY   | BUY   | entry=206.838 | SL=206.759 | TF=1 | status=OK | comment=LiveEngineScreen
2025-11-28 06:07:32,862 [LIVE] [LOT] Using fixed lot: 0.9
2025-11-28 06:07:33,236 [LIVE] [LOG] 2025-11-27T23:07:32.862701 | GBPJPY   | BUY   | entry=None | SL=206.759 | TF=1 | status=SKIPPED_MAX | comment=Max trades reached for GBPJPY
2025-11-28 06:07:38,267 [LIVE] [LOT] Using fixed lot: 0.9
2025-11-28 06:07:38,617 [LIVE] [LOG] 2025-11-27T23:07:38.267189 | GBPJPY   | BUY   | entry=None | SL=206.759 | TF=1 | status=SKIPPED_MAX | comment=Max trades reached for GBPJPY
2025-11-28 06:07:43,649 [LIVE] [LOT] Using fixed lot: 0.9
2025-11-28 06:07:44,011 [LIVE] [LOG] 2025-11-27T23:07:43.649136 | GBPJPY   | BUY   | entry=None | SL=206.761 | TF=1 | status=SKIPPED_MAX | comment=Max trades reached for GBPJPY
2025-11-28 06:07:49,042 [LIVE] [LOT] Using fixed lot: 0.9
2025-11-28 06:07:49,390 [LIVE] [LOG] 2025-11-27T23:07:49.042889 | GBPJPY   | BUY   | entry=None | SL=206.769 | TF=1 | status=SKIPPED_MAX | comment=Max trades reached for GBPJPY
2025-11-28 06:07:54,415 [LIVE] [LOT] Using fixed lot: 0.9
2025-11-28 06:07:54,799 [LIVE] [LOG] 2025-11-27T23:07:54.415199 | GBPJPY   | BUY   | entry=None | SL=206.768 | TF=1 | status=SKIPPED_MAX | comment=Max trades reached for GBPJPY
2025-11-28 06:07:59,833 [LIVE] [LOT] Using fixed lot: 0.9
2025-11-28 06:08:00,217 [LIVE] [LOG] 2025-11-27T23:07:59.833138 | GBPJPY   | BUY   | entry=None | SL=206.768 | TF=1 | status=SKIPPED_MAX | comment=Max trades reached for GBPJPY
2025-11-28 06:09:36,644 [LIVE] [LOG] 2025-11-27T23:09:36.266350 | GBPJPY   | BUY   | entry=206.834 | SL=206.836 | TF=1 | status=TRAILING_UPDATE | comment=Moved SL to 206.836 (Profit > 10 pips)
2025-11-28 06:09:36,646 [LIVE] [LOT] Using fixed lot: 0.9
2025-11-28 06:09:36,998 [LIVE] [LOG] 2025-11-27T23:09:36.646028 | GBPJPY   | BUY   | entry=None | SL=206.786 | TF=1 | status=SKIPPED_MAX | comment=Max trades reached for GBPJPY
2025-11-28 06:09:42,875 [LIVE] [LOG] 2025-11-27T23:09:42.528586 | GBPJPY   | BUY   | entry=206.834 | SL=206.86100000000002 | TF=1 | status=TRAILING_UPDATE | comment=Moved SL to 206.86100000000002 (Profit > 10 pips)
2025-11-28 06:09:42,875 [LIVE] [LOT] Using fixed lot: 0.9
2025-11-28 06:09:43,228 [LIVE] [LOG] 2025-11-27T23:09:42.875344 | GBPJPY   | BUY   | entry=None | SL=206.811 | TF=1 | status=SKIPPED_MAX | comment=Max trades reached for GBPJPY
2025-11-28 06:09:48,253 [LIVE] [LOT] Using fixed lot: 0.9
2025-11-28 06:09:48,727 [LIVE] [LOG] 2025-11-27T23:09:48.253105 | GBPJPY   | BUY   | entry=None | SL=206.81 | TF=1 | status=SKIPPED_MAX | comment=Max trades reached for GBPJPY
2025-11-28 06:09:53,753 [LIVE] [LOT] Using fixed lot: 0.9
2025-11-28 06:09:54,247 [LIVE] [LOG] 2025-11-27T23:09:53.753286 | GBPJPY   | BUY   | entry=206.897 | SL=206.81799999999998 | TF=1 | status=OK | comment=LiveEngineScreen
2025-11-28 06:09:59,278 [LIVE] [LOT] Using fixed lot: 0.9
2025-11-28 06:09:59,830 [LIVE] [LOG] 2025-11-27T23:09:59.278744 | GBPJPY   | BUY   | entry=206.903 | SL=206.82399999999998 | TF=1 | status=OK | comment=LiveEngineScreen
2025-11-28 06:34:05,947 [LIVE] BUY hit TP at 206.946
2025-11-28 06:34:06,317 [LIVE] [LOG] 2025-11-27T23:34:05.947728 | GBPJPY   | BUY   | entry=206.884 | SL=206.82399999999998 | TF=1 | status=TP_HIT | comment=BUY hit TP at 206.946
2025-11-28 06:40:58,718 [LIVE] [LOT] Using fixed lot: 0.9
2025-11-28 06:40:59,947 [LIVE] [LOG] 2025-11-27T23:40:58.718743 | GBPJPY   | BUY   | entry=206.953 | SL=206.874 | TF=1 | status=OK | comment=LiveEngineScreen
2025-11-28 06:56:15,156 [LIVE] [LOT] Using fixed lot: 0.9
2025-11-28 06:56:16,988 [LIVE] [LOG] 2025-11-27T23:56:15.156455 | GBPJPY   | BUY   | entry=206.953 | SL=206.877 | TF=1 | status=OK | comment=LiveEngineScreen
2025-11-28 06:56:22,021 [LIVE] [LOT] Using fixed lot: 0.9
2025-11-28 06:56:22,383 [LIVE] [LOG] 2025-11-27T23:56:22.022542 | GBPJPY   | BUY   | entry=None | SL=206.877 | TF=1 | status=SKIPPED_MAX | comment=Max trades reached for GBPJPY
2025-11-28 06:56:27,418 [LIVE] [LOT] Using fixed lot: 0.9
2025-11-28 06:56:27,768 [LIVE] [LOG] 2025-11-27T23:56:27.418694 | GBPJPY   | BUY   | entry=None | SL=206.876 | TF=1 | status=SKIPPED_MAX | comment=Max trades reached for GBPJPY
2025-11-28 06:56:32,813 [LIVE] [LOT] Using fixed lot: 0.9
2025-11-28 06:56:33,179 [LIVE] [LOG] 2025-11-27T23:56:32.813904 | GBPJPY   | BUY   | entry=None | SL=206.876 | TF=1 | status=SKIPPED_MAX | comment=Max trades reached for GBPJPY
2025-11-28 06:56:38,206 [LIVE] [LOT] Using fixed lot: 0.9
2025-11-28 06:56:38,623 [LIVE] [LOG] 2025-11-27T23:56:38.206548 | GBPJPY   | BUY   | entry=None | SL=206.877 | TF=1 | status=SKIPPED_MAX | comment=Max trades reached for GBPJPY
2025-11-28 06:56:43,659 [LIVE] [LOT] Using fixed lot: 0.9
2025-11-28 06:56:44,003 [LIVE] [LOG] 2025-11-27T23:56:43.659109 | GBPJPY   | BUY   | entry=None | SL=206.877 | TF=1 | status=SKIPPED_MAX | comment=Max trades reached for GBPJPY
2025-11-28 06:56:49,033 [LIVE] [LOT] Using fixed lot: 0.9
2025-11-28 06:56:49,440 [LIVE] [LOG] 2025-11-27T23:56:49.033189 | GBPJPY   | BUY   | entry=None | SL=206.877 | TF=1 | status=SKIPPED_MAX | comment=Max trades reached for GBPJPY
2025-11-28 06:56:54,952 [LIVE] [LOT] Using fixed lot: 0.9
2025-11-28 06:56:55,303 [LIVE] [LOG] 2025-11-27T23:56:54.952634 | GBPJPY   | BUY   | entry=None | SL=206.88 | TF=1 | status=SKIPPED_MAX | comment=Max trades reached for GBPJPY
2025-11-28 06:57:00,341 [LIVE] [LOT] Using fixed lot: 0.9
2025-11-28 06:57:00,764 [LIVE] [LOG] 2025-11-27T23:57:00.341938 | GBPJPY   | BUY   | entry=None | SL=206.88 | TF=1 | status=SKIPPED_MAX | comment=Max trades reached for GBPJPY
2025-11-28 06:59:27,183 [LIVE] [LOT] Using fixed lot: 0.9
2025-11-28 06:59:27,692 [LIVE] [LOG] 2025-11-27T23:59:27.183888 | GBPJPY   | SELL  | entry=None | SL=206.995 | TF=1 | status=SKIPPED_MAX | comment=Max trades reached for GBPJPY
2025-11-28 06:59:32,751 [LIVE] [LOT] Using fixed lot: 0.9
2025-11-28 06:59:33,590 [LIVE] [LOG] 2025-11-27T23:59:32.751385 | GBPJPY   | SELL  | entry=None | SL=206.991 | TF=1 | status=SKIPPED_MAX | comment=Max trades reached for GBPJPY
2025-11-28 06:59:38,647 [LIVE] [LOT] Using fixed lot: 0.9
2025-11-28 06:59:39,008 [LIVE] [LOG] 2025-11-27T23:59:38.647523 | GBPJPY   | SELL  | entry=None | SL=206.994 | TF=1 | status=SKIPPED_MAX | comment=Max trades reached for GBPJPY
2025-11-28 06:59:44,056 [LIVE] [LOT] Using fixed lot: 0.9
2025-11-28 06:59:44,385 [LIVE] [LOG] 2025-11-27T23:59:44.056034 | GBPJPY   | SELL  | entry=None | SL=206.993 | TF=1 | status=SKIPPED_MAX | comment=Max trades reached for GBPJPY
2025-11-28 06:59:49,798 [LIVE] [LOT] Using fixed lot: 0.9
2025-11-28 06:59:50,136 [LIVE] [LOG] 2025-11-27T23:59:49.800271 | GBPJPY   | SELL  | entry=None | SL=206.986 | TF=1 | status=SKIPPED_MAX | comment=Max trades reached for GBPJPY
2025-11-28 06:59:55,182 [LIVE] [LOT] Using fixed lot: 0.9
2025-11-28 06:59:55,529 [LIVE] [LOG] 2025-11-27T23:59:55.182482 | GBPJPY   | SELL  | entry=None | SL=206.985 | TF=1 | status=SKIPPED_MAX | comment=Max trades reached for GBPJPY
2025-11-28 07:01:06,837 [LIVE] [LOT] Using fixed lot: 0.9
2025-11-28 07:01:07,226 [LIVE] [LOG] 2025-11-28T00:01:06.837637 | GBPJPY   | SELL  | entry=None | SL=206.973 | TF=1 | status=SKIPPED_MAX | comment=Max trades reached for GBPJPY
2025-11-28 07:01:12,271 [LIVE] [LOT] Using fixed lot: 0.9
2025-11-28 07:01:12,880 [LIVE] [LOG] 2025-11-28T00:01:12.271354 | GBPJPY   | SELL  | entry=None | SL=206.962 | TF=1 | status=SKIPPED_MAX | comment=Max trades reached for GBPJPY
2025-11-28 07:01:17,929 [LIVE] [LOT] Using fixed lot: 0.9
2025-11-28 07:01:18,280 [LIVE] [LOG] 2025-11-28T00:01:17.929826 | GBPJPY   | SELL  | entry=None | SL=206.969 | TF=1 | status=SKIPPED_MAX | comment=Max trades reached for GBPJPY
2025-11-28 07:01:23,311 [LIVE] [LOT] Using fixed lot: 0.9
2025-11-28 07:01:23,756 [LIVE] [LOG] 2025-11-28T00:01:23.311374 | GBPJPY   | SELL  | entry=None | SL=206.968 | TF=1 | status=SKIPPED_MAX | comment=Max trades reached for GBPJPY
2025-11-28 07:01:28,803 [LIVE] [LOT] Using fixed lot: 0.9
2025-11-28 07:01:29,151 [LIVE] [LOG] 2025-11-28T00:01:28.803823 | GBPJPY   | SELL  | entry=None | SL=206.965 | TF=1 | status=SKIPPED_MAX | comment=Max trades reached for GBPJPY
2025-11-28 07:01:34,191 [LIVE] [LOT] Using fixed lot: 0.9
2025-11-28 07:01:34,600 [LIVE] [LOG] 2025-11-28T00:01:34.191125 | GBPJPY   | SELL  | entry=None | SL=206.944 | TF=1 | status=SKIPPED_MAX | comment=Max trades reached for GBPJPY
2025-11-28 07:01:39,652 [LIVE] [LOT] Using fixed lot: 0.9
2025-11-28 07:01:40,001 [LIVE] [LOG] 2025-11-28T00:01:39.652265 | GBPJPY   | SELL  | entry=None | SL=206.947 | TF=1 | status=SKIPPED_MAX | comment=Max trades reached for GBPJPY
2025-11-28 07:01:45,050 [LIVE] BUY hit SL at 206.861
2025-11-28 07:01:45,413 [LIVE] [LOG] 2025-11-28T00:01:45.048723 | GBPJPY   | BUY   | entry=206.937 | SL=206.877 | TF=1 | status=SL_HIT | comment=BUY hit SL at 206.861
2025-11-28 07:01:45,414 [LIVE] [LOT] Using fixed lot: 0.9
2025-11-28 07:01:45,912 [LIVE] [LOG] 2025-11-28T00:01:45.414432 | GBPJPY   | SELL  | entry=206.861 | SL=206.921 | TF=1 | status=OK | comment=LiveEngineScreen
2025-11-28 07:01:50,976 [LIVE] [LOT] Using fixed lot: 0.9
2025-11-28 07:01:51,481 [LIVE] [LOG] 2025-11-28T00:01:50.977584 | GBPJPY   | SELL  | entry=206.893 | SL=206.953 | TF=1 | status=OK | comment=LiveEngineScreen
2025-11-28 07:01:56,538 [LIVE] [LOT] Using fixed lot: 0.9
2025-11-28 07:01:56,910 [LIVE] [LOG] 2025-11-28T00:01:56.538005 | GBPJPY   | SELL  | entry=None | SL=206.946 | TF=1 | status=SKIPPED_MAX | comment=Max trades reached for GBPJPY
2025-11-28 07:02:37,276 [LIVE] [LOT] Using fixed lot: 0.9
2025-11-28 07:02:37,843 [LIVE] [LOG] 2025-11-28T00:02:37.276941 | GBPJPY   | BUY   | entry=206.957 | SL=206.878 | TF=1 | status=OK | comment=LiveEngineScreen
2025-11-28 07:02:58,022 [LIVE] [LOT] Using fixed lot: 0.9
2025-11-28 07:02:58,543 [LIVE] [LOG] 2025-11-28T00:02:58.022868 | GBPJPY   | BUY   | entry=206.955 | SL=206.876 | TF=1 | status=OK | comment=LiveEngineScreen
2025-11-28 07:03:09,248 [LIVE] [LOG] 2025-11-28T00:03:08.891108 | GBPJPY   | BUY   | entry=206.95700000000002 | SL=206.96300000000002 | TF=1 | status=TRAILING_UPDATE | comment=Moved SL to 206.96300000000002 (Profit > 10 pips)
2025-11-28 07:03:14,310 [LIVE] BUY hit SL at 206.939
2025-11-28 07:03:14,653 [LIVE] [LOG] 2025-11-28T00:03:14.297055 | GBPJPY   | BUY   | entry=206.936 | SL=206.96300000000002 | TF=1 | status=SL_HIT | comment=BUY hit SL at 206.939
2025-11-28 07:37:23,341 [LIVE] [LOT] Using fixed lot: 0.9
2025-11-28 07:37:23,887 [LIVE] [LOG] 2025-11-28T00:37:23.341312 | GBPJPY   | SELL  | entry=206.952 | SL=207.012 | TF=1 | status=OK | comment=LiveEngineScreen
2025-11-28 07:37:28,938 [LIVE] [LOT] Using fixed lot: 0.9
2025-11-28 07:37:29,465 [LIVE] [LOG] 2025-11-28T00:37:28.938306 | GBPJPY   | SELL  | entry=206.952 | SL=207.012 | TF=1 | status=OK | comment=LiveEngineScreen
2025-11-28 07:37:34,486 [LIVE] [LOT] Using fixed lot: 0.9
2025-11-28 07:37:34,899 [LIVE] [LOG] 2025-11-28T00:37:34.486973 | GBPJPY   | SELL  | entry=None | SL=206.992 | TF=1 | status=SKIPPED_MAX | comment=Max trades reached for GBPJPY
2025-11-28 07:37:39,918 [LIVE] [LOT] Using fixed lot: 0.9
2025-11-28 07:37:40,271 [LIVE] [LOG] 2025-11-28T00:37:39.918884 | GBPJPY   | SELL  | entry=None | SL=206.973 | TF=1 | status=SKIPPED_MAX | comment=Max trades reached for GBPJPY
2025-11-28 07:37:45,308 [LIVE] [LOT] Using fixed lot: 0.9
2025-11-28 07:37:45,686 [LIVE] [LOG] 2025-11-28T00:37:45.308184 | GBPJPY   | SELL  | entry=None | SL=206.997 | TF=1 | status=SKIPPED_MAX | comment=Max trades reached for GBPJPY
2025-11-28 07:37:50,711 [LIVE] [LOT] Using fixed lot: 0.9
2025-11-28 07:37:51,099 [LIVE] [LOG] 2025-11-28T00:37:50.711964 | GBPJPY   | SELL  | entry=None | SL=207.008 | TF=1 | status=SKIPPED_MAX | comment=Max trades reached for GBPJPY
2025-11-28 07:37:56,138 [LIVE] [LOT] Using fixed lot: 0.9
2025-11-28 07:37:56,521 [LIVE] [LOG] 2025-11-28T00:37:56.138529 | GBPJPY   | SELL  | entry=None | SL=207.001 | TF=1 | status=SKIPPED_MAX | comment=Max trades reached for GBPJPY
2025-11-28 07:38:01,546 [LIVE] [LOT] Using fixed lot: 0.9
2025-11-28 07:38:01,901 [LIVE] [LOG] 2025-11-28T00:38:01.546782 | GBPJPY   | SELL  | entry=None | SL=207.011 | TF=1 | status=SKIPPED_MAX | comment=Max trades reached for GBPJPY
2025-11-28 07:45:35,886 [LIVE] SELL hit SL at 207.013
2025-11-28 07:45:37,107 [LIVE] [LOG] 2025-11-28T00:45:35.878787 | GBPJPY   | SELL  | entry=206.952 | SL=207.012 | TF=1 | status=SL_HIT | comment=SELL hit SL at 207.013
2025-11-28 08:20:14,796 [LIVE] [LOG] 2025-11-28T01:20:13.332222 | GBPJPY   | BUY   | entry=207.016 | SL=206.94 | status=OK
2025-11-28 08:20:23,326 [LIVE] [LOG] 2025-11-28T01:20:22.815798 | GBPJPY   | BUY   | entry=207.014 | SL=206.938 | status=OK
2025-11-28 08:20:34,863 [LIVE] [LOG] 2025-11-28T01:20:34.502797 | GBPJPY   | BUY   | entry=None | SL=206.938 | status=SKIPPED_MAX
2025-11-28 08:20:40,241 [LIVE] [LOG] 2025-11-28T01:20:39.899226 | GBPJPY   | BUY   | entry=None | SL=206.937 | status=SKIPPED_MAX
2025-11-28 08:20:45,646 [LIVE] [LOG] 2025-11-28T01:20:45.278629 | GBPJPY   | BUY   | entry=None | SL=206.939 | status=SKIPPED_MAX
2025-11-28 08:20:51,048 [LIVE] [LOG] 2025-11-28T01:20:50.699905 | GBPJPY   | BUY   | entry=None | SL=206.939 | status=SKIPPED_MAX
2025-11-28 08:20:56,451 [LIVE] [LOG] 2025-11-28T01:20:56.091329 | GBPJPY   | BUY   | entry=None | SL=206.939 | status=SKIPPED_MAX
2025-11-28 08:26:14,028 [LIVE] [LOG] 2025-11-28T01:26:13.470848 | GBPJPY   | BUY   | entry=207.014 | SL=206.938 | status=OK
2025-11-28 08:30:08,605 [LIVE] [LOG] 2025-11-28T01:30:07.324690 | GBPJPY   | BUY   | entry=207.028 | SL=206.952 | status=OK
2025-11-28 08:30:15,513 [LIVE] [LOG] 2025-11-28T01:30:15.150107 | GBPJPY   | BUY   | entry=207.01399999999998 | SL=207.014 | status=TRAILING_UPDATE
2025-11-28 08:30:17,450 [LIVE] [LOG] 2025-11-28T01:30:17.089192 | GBPJPY   | BUY   | entry=None | SL=206.96099999999998 | status=SKIPPED_MAX
2025-11-28 08:30:22,790 [LIVE] [LOG] 2025-11-28T01:30:22.458006 | GBPJPY   | BUY   | entry=207.012 | SL=207.014 | status=SL_HIT
2025-11-28 08:30:24,737 [LIVE] [LOG] 2025-11-28T01:30:24.236961 | GBPJPY   | BUY   | entry=207.032 | SL=206.956 | status=OK
2025-11-28 08:30:31,484 [LIVE] [LOG] 2025-11-28T01:30:31.129494 | GBPJPY   | BUY   | entry=None | SL=206.95499999999998 | status=SKIPPED_MAX
2025-11-28 08:30:36,969 [LIVE] [LOG] 2025-11-28T01:30:36.648015 | GBPJPY   | BUY   | entry=207.028 | SL=207.029 | status=TRAILING_UPDATE
2025-11-28 08:30:38,737 [LIVE] [LOG] 2025-11-28T01:30:38.400661 | GBPJPY   | BUY   | entry=None | SL=206.97899999999998 | status=SKIPPED_MAX
2025-11-28 08:30:44,264 [LIVE] [LOG] 2025-11-28T01:30:43.904110 | GBPJPY   | BUY   | entry=207.028 | SL=207.032 | status=TRAILING_UPDATE
2025-11-28 08:30:46,048 [LIVE] [LOG] 2025-11-28T01:30:45.702179 | GBPJPY   | BUY   | entry=None | SL=206.978 | status=SKIPPED_MAX
2025-11-28 08:30:51,429 [LIVE] [LOG] 2025-11-28T01:30:51.088646 | GBPJPY   | BUY   | entry=None | SL=206.978 | status=SKIPPED_MAX
2025-11-28 08:30:56,858 [LIVE] [LOG] 2025-11-28T01:30:56.434277 | GBPJPY   | BUY   | entry=207.016 | SL=207.032 | status=SL_HIT
2025-11-28 08:30:58,784 [LIVE] [LOG] 2025-11-28T01:30:58.266347 | GBPJPY   | BUY   | entry=207.038 | SL=206.962 | status=OK
2025-11-28 08:36:19,129 [LIVE] [LOG] 2025-11-28T01:36:17.651241 | GBPJPY   | BUY   | entry=207.022 | SL=206.962 | status=SL_HIT
