2025-11-27 15:53:04,149 [LIVE] [LOT] Using fixed lot: 0.8
2025-11-27 15:53:09,594 [LIVE] [LOT] Using fixed lot: 0.8
2025-11-27 15:55:31,314 [LIVE] [TRAILING] SL updated to 1.32228
2025-11-27 15:57:02,647 [LIVE] [TRAILING] SL updated to 1.32232
2025-11-27 15:57:12,858 [LIVE] [TRAILING] SL updated to 1.32235
2025-11-27 16:19:25,443 [LIVE] [LOT] Using fixed lot: 0.8
2025-11-27 16:19:25,669 [LIVE] [TRADE] 2025-11-27T09:19:25.443692 | GBPUSD   | BUY   | entry=1.32121 | SL=1.32054 | TP=1.32174 | lot=0.8 | Ratio=1:1 | BasePip=60 | status=OK | ret=10009
2025-11-27 16:19:35,753 [LIVE] [LOT] Using fixed lot: 0.8
2025-11-27 16:19:36,038 [LIVE] [TRADE] 2025-11-27T09:19:35.753934 | GBPUSD   | BUY   | entry=1.32127 | SL=1.3206 | TP=1.3217999999999999 | lot=0.8 | Ratio=1:1 | BasePip=60 | status=OK | ret=10009
2025-11-27 16:19:41,094 [LIVE] [LOT] Using fixed lot: 0.8
2025-11-27 16:19:41,094 [LIVE] [TRADE] 2025-11-27T09:19:41.094691 | GBPUSD   | BUY   | entry=None | SL=1.32061 | TP=1.32181 | lot=0.8 | Ratio=1:1 | BasePip=60 | status=SKIPPED_MAX | ret=None
2025-11-27 16:19:46,139 [LIVE] [LOT] Using fixed lot: 0.8
2025-11-27 16:19:46,143 [LIVE] [TRADE] 2025-11-27T09:19:46.139402 | GBPUSD   | BUY   | entry=None | SL=1.32061 | TP=1.32181 | lot=0.8 | Ratio=1:1 | BasePip=60 | status=SKIPPED_MAX | ret=None
2025-11-27 16:19:51,178 [LIVE] [LOT] Using fixed lot: 0.8
2025-11-27 16:19:51,179 [LIVE] [TRADE] 2025-11-27T09:19:51.178355 | GBPUSD   | BUY   | entry=None | SL=1.32056 | TP=1.3217599999999998 | lot=0.8 | Ratio=1:1 | BasePip=60 | status=SKIPPED_MAX | ret=None
2025-11-27 16:19:56,214 [LIVE] [LOT] Using fixed lot: 0.8
2025-11-27 16:19:56,224 [LIVE] [TRADE] 2025-11-27T09:19:56.214342 | GBPUSD   | BUY   | entry=None | SL=1.32054 | TP=1.32174 | lot=0.8 | Ratio=1:1 | BasePip=60 | status=SKIPPED_MAX | ret=None
2025-11-27 16:23:12,868 [LIVE] [TRAILING] SL updated to 1.32122
2025-11-27 16:23:33,013 [LIVE] BUY hit SL at 1.32118
2025-11-27 16:26:29,266 [LIVE] [LOT] Using fixed lot: 0.8
2025-11-27 16:26:29,392 [LIVE] [TRADE] 2025-11-27T09:26:29.266116 | GBPUSD   | SELL  | entry=1.32101 | SL=1.32161 | TP=1.32041 | lot=0.8 | Ratio=1:1 | BasePip=60 | status=OK | ret=10009
2025-11-27 16:31:26,543 [LIVE] [TRAILING] SL updated to 1.3212599999999999
2025-11-27 16:31:26,543 [LIVE] SELL hit SL at 1.3213599999999999
2025-11-27 16:33:22,305 [LIVE] [LOT] Using fixed lot: 0.8
2025-11-27 16:33:22,439 [LIVE] [TRADE] 2025-11-27T09:33:22.305122 | GBPUSD   | SELL  | entry=1.32119 | SL=1.32179 | TP=1.3205900000000002 | lot=0.8 | Ratio=1:1 | BasePip=60 | status=OK | ret=10009
2025-11-27 16:33:27,473 [LIVE] [LOT] Using fixed lot: 0.8
2025-11-27 16:33:27,473 [LIVE] [TRADE] 2025-11-27T09:33:27.473436 | GBPUSD   | SELL  | entry=None | SL=1.32175 | TP=1.3205500000000001 | lot=0.8 | Ratio=1:1 | BasePip=60 | status=SKIPPED_MAX | ret=None
2025-11-27 16:33:32,518 [LIVE] [LOT] Using fixed lot: 0.8
2025-11-27 16:33:32,518 [LIVE] [TRADE] 2025-11-27T09:33:32.518178 | GBPUSD   | SELL  | entry=None | SL=1.32174 | TP=1.32054 | lot=0.8 | Ratio=1:1 | BasePip=60 | status=SKIPPED_MAX | ret=None
2025-11-27 16:33:37,555 [LIVE] [LOT] Using fixed lot: 0.8
2025-11-27 16:33:37,556 [LIVE] [TRADE] 2025-11-27T09:33:37.556252 | GBPUSD   | SELL  | entry=None | SL=1.32166 | TP=1.3204600000000002 | lot=0.8 | Ratio=1:1 | BasePip=60 | status=SKIPPED_MAX | ret=None
2025-11-27 16:33:42,592 [LIVE] [LOT] Using fixed lot: 0.8
2025-11-27 16:33:42,592 [LIVE] [TRADE] 2025-11-27T09:33:42.592056 | GBPUSD   | SELL  | entry=None | SL=1.32174 | TP=1.32054 | lot=0.8 | Ratio=1:1 | BasePip=60 | status=SKIPPED_MAX | ret=None
2025-11-27 16:33:47,638 [LIVE] [LOT] Using fixed lot: 0.8
2025-11-27 16:33:47,653 [LIVE] [TRADE] 2025-11-27T09:33:47.638373 | GBPUSD   | SELL  | entry=None | SL=1.32177 | TP=1.32057 | lot=0.8 | Ratio=1:1 | BasePip=60 | status=SKIPPED_MAX | ret=None
2025-11-27 16:33:52,692 [LIVE] [LOT] Using fixed lot: 0.8
2025-11-27 16:33:52,692 [LIVE] [TRADE] 2025-11-27T09:33:52.692859 | GBPUSD   | SELL  | entry=None | SL=1.32174 | TP=1.32054 | lot=0.8 | Ratio=1:1 | BasePip=60 | status=SKIPPED_MAX | ret=None
2025-11-27 16:33:57,748 [LIVE] [LOT] Using fixed lot: 0.8
2025-11-27 16:33:57,750 [LIVE] [TRADE] 2025-11-27T09:33:57.748976 | GBPUSD   | SELL  | entry=None | SL=1.32175 | TP=1.3205500000000001 | lot=0.8 | Ratio=1:1 | BasePip=60 | status=SKIPPED_MAX | ret=None
2025-11-27 16:53:47,385 [LIVE] [LOT] Using fixed lot: 0.8
2025-11-27 16:53:47,512 [LIVE] [TRADE] 2025-11-27T09:53:47.385033 | GBPUSD   | SELL  | entry=1.32132 | SL=1.32192 | TP=1.3207200000000001 | lot=0.8 | Ratio=1:1 | BasePip=60 | status=OK | ret=10009
2025-11-27 16:56:44,278 [LIVE] [LOT] Using fixed lot: 0.8
2025-11-27 16:56:44,444 [LIVE] [TRADE] 2025-11-27T09:56:44.278298 | GBPUSD   | SELL  | entry=1.32134 | SL=1.32194 | TP=1.32074 | lot=0.8 | Ratio=1:1 | BasePip=60 | status=OK | ret=10009
2025-11-27 16:56:49,500 [LIVE] [LOT] Using fixed lot: 0.8
2025-11-27 16:56:49,500 [LIVE] [TRADE] 2025-11-27T09:56:49.500097 | GBPUSD   | SELL  | entry=None | SL=1.32194 | TP=1.32074 | lot=0.8 | Ratio=1:1 | BasePip=60 | status=SKIPPED_MAX | ret=None
2025-11-27 17:00:25,972 [LIVE] [TRAILING] SL updated to 1.32127
2025-11-27 17:00:36,178 [LIVE] [TRAILING] SL updated to 1.32132
2025-11-27 17:00:41,349 [LIVE] [TRAILING] SL updated to 1.32129
2025-11-27 17:01:31,740 [LIVE] SELL hit SL at 1.32129
2025-11-27 17:01:41,814 [LIVE] [LOT] Using fixed lot: 0.8
2025-11-27 17:01:41,957 [LIVE] [TRADE] 2025-11-27T10:01:41.814767 | GBPUSD   | BUY   | entry=1.32144 | SL=1.32077 | TP=1.3219699999999999 | lot=0.8 | Ratio=1:1 | BasePip=60 | status=OK | ret=10009
2025-11-27 17:06:39,168 [LIVE] [TRAILING] SL updated to 1.32145
2025-11-27 17:06:44,480 [LIVE] [TRAILING] SL updated to 1.32146
2025-11-27 17:07:04,857 [LIVE] [TRAILING] SL updated to 1.32147
2025-11-27 17:07:10,085 [LIVE] [TRAILING] SL updated to 1.32148
2025-11-27 17:07:35,371 [LIVE] [TRAILING] SL updated to 1.32149
2025-11-27 17:07:50,603 [LIVE] [TRAILING] SL updated to 1.32154
2025-11-27 17:08:00,805 [LIVE] [TRAILING] SL updated to 1.32158
2025-11-27 17:08:56,285 [LIVE] [TRAILING] SL updated to 1.3215999999999999
2025-11-27 17:09:26,618 [LIVE] [TRAILING] SL updated to 1.32163
2025-11-27 17:09:36,826 [LIVE] [TRAILING] SL updated to 1.32166
2025-11-27 17:10:07,141 [LIVE] [TRAILING] SL updated to 1.32167
2025-11-27 17:10:12,317 [LIVE] [TRAILING] SL updated to 1.32172
2025-11-27 17:10:17,549 [LIVE] [TRAILING] SL updated to 1.3217700000000001
2025-11-27 17:10:27,626 [LIVE] BUY hit SL at 1.32176
2025-11-27 17:15:59,926 [LIVE] [LOT] Using fixed lot: 0.8
2025-11-27 17:16:00,071 [LIVE] [TRADE] 2025-11-27T10:15:59.926446 | GBPUSD   | BUY   | entry=1.32185 | SL=1.32118 | TP=1.3223799999999999 | lot=0.8 | Ratio=1:1 | BasePip=60 | status=OK | ret=10009
2025-11-27 17:20:17,471 [LIVE] [TRAILING] SL updated to 1.32195
2025-11-27 17:20:43,217 [LIVE] [TRAILING] SL updated to 1.32197
2025-11-27 17:20:48,686 [LIVE] [TRAILING] SL updated to 1.32205
2025-11-27 17:20:53,910 [LIVE] BUY hit SL at 1.32203
2025-11-27 17:29:28,249 [LIVE] [LOT] Using fixed lot: 0.8
2025-11-27 17:29:28,401 [LIVE] [TRADE] 2025-11-27T10:29:28.249510 | GBPUSD   | SELL  | entry=1.3220100000000001 | SL=1.32261 | TP=1.3214100000000002 | lot=0.8 | Ratio=1:1 | BasePip=60 | status=OK | ret=10009
2025-11-27 17:29:33,458 [LIVE] [LOT] Using fixed lot: 0.8
2025-11-27 17:29:33,602 [LIVE] [TRADE] 2025-11-27T10:29:33.458596 | GBPUSD   | SELL  | entry=1.32195 | SL=1.32255 | TP=1.32135 | lot=0.8 | Ratio=1:1 | BasePip=60 | status=OK | ret=10009
2025-11-27 17:29:38,674 [LIVE] [LOT] Using fixed lot: 0.8
2025-11-27 17:29:38,674 [LIVE] [TRADE] 2025-11-27T10:29:38.674021 | GBPUSD   | SELL  | entry=None | SL=1.32256 | TP=1.32136 | lot=0.8 | Ratio=1:1 | BasePip=60 | status=SKIPPED_MAX | ret=None
2025-11-27 17:29:43,719 [LIVE] [LOT] Using fixed lot: 0.8
2025-11-27 17:29:43,719 [LIVE] [TRADE] 2025-11-27T10:29:43.719560 | GBPUSD   | SELL  | entry=None | SL=1.32256 | TP=1.32136 | lot=0.8 | Ratio=1:1 | BasePip=60 | status=SKIPPED_MAX | ret=None
2025-11-27 17:29:53,791 [LIVE] [LOT] Using fixed lot: 0.8
2025-11-27 17:29:53,791 [LIVE] [TRADE] 2025-11-27T10:29:53.791469 | GBPUSD   | SELL  | entry=None | SL=1.32263 | TP=1.32143 | lot=0.8 | Ratio=1:1 | BasePip=60 | status=SKIPPED_MAX | ret=None
2025-11-27 17:30:39,261 [LIVE] [TRAILING] SL updated to 1.32201
2025-11-27 17:31:04,471 [LIVE] SELL hit SL at 1.32203
2025-11-27 17:56:21,105 [LIVE] [LOT] Using fixed lot: 0.8
2025-11-27 17:56:21,249 [LIVE] [TRADE] 2025-11-27T10:56:21.105253 | GBPUSD   | SELL  | entry=1.32246 | SL=1.32306 | TP=1.32186 | lot=0.8 | Ratio=1:1 | BasePip=60 | status=OK | ret=10009
2025-11-27 17:56:41,395 [LIVE] [LOT] Using fixed lot: 0.8
2025-11-27 17:56:41,542 [LIVE] [TRADE] 2025-11-27T10:56:41.395853 | GBPUSD   | SELL  | entry=1.32253 | SL=1.32313 | TP=1.32193 | lot=0.8 | Ratio=1:1 | BasePip=60 | status=OK | ret=10009
2025-11-27 17:56:46,604 [LIVE] [LOT] Using fixed lot: 0.8
2025-11-27 17:56:46,604 [LIVE] [TRADE] 2025-11-27T10:56:46.604584 | GBPUSD   | SELL  | entry=None | SL=1.32313 | TP=1.32193 | lot=0.8 | Ratio=1:1 | BasePip=60 | status=SKIPPED_MAX | ret=None
2025-11-27 17:56:51,647 [LIVE] [LOT] Using fixed lot: 0.8
2025-11-27 17:56:51,650 [LIVE] [TRADE] 2025-11-27T10:56:51.647245 | GBPUSD   | SELL  | entry=None | SL=1.32314 | TP=1.3219400000000001 | lot=0.8 | Ratio=1:1 | BasePip=60 | status=SKIPPED_MAX | ret=None
2025-11-27 17:56:56,695 [LIVE] [LOT] Using fixed lot: 0.8
2025-11-27 17:56:56,698 [LIVE] [TRADE] 2025-11-27T10:56:56.695994 | GBPUSD   | SELL  | entry=None | SL=1.32314 | TP=1.3219400000000001 | lot=0.8 | Ratio=1:1 | BasePip=60 | status=SKIPPED_MAX | ret=None
2025-11-27 17:59:52,947 [LIVE] [LOT] Using fixed lot: 0.8
2025-11-27 17:59:52,947 [LIVE] [TRADE] 2025-11-27T10:59:52.947031 | GBPUSD   | SELL  | entry=None | SL=1.3230899999999999 | TP=1.32189 | lot=0.8 | Ratio=1:1 | BasePip=60 | status=SKIPPED_MAX | ret=None
2025-11-27 17:59:57,990 [LIVE] [LOT] Using fixed lot: 0.8
2025-11-27 17:59:57,990 [LIVE] [TRADE] 2025-11-27T10:59:57.990618 | GBPUSD   | SELL  | entry=None | SL=1.3229799999999998 | TP=1.32178 | lot=0.8 | Ratio=1:1 | BasePip=60 | status=SKIPPED_MAX | ret=None
2025-11-27 18:00:03,148 [LIVE] [TRAILING] SL updated to 1.32242
2025-11-27 18:00:13,353 [LIVE] [TRAILING] SL updated to 1.3225
2025-11-27 18:00:18,519 [LIVE] [TRAILING] SL updated to 1.3224799999999999
2025-11-27 18:00:38,673 [LIVE] SELL hit SL at 1.32249
2025-11-27 18:21:37,428 [LIVE] [LOT] Using fixed lot: 0.8
2025-11-27 18:21:37,565 [LIVE] [TRADE] 2025-11-27T11:21:37.428840 | GBPUSD   | SELL  | entry=1.32206 | SL=1.32266 | TP=1.32146 | lot=0.8 | Ratio=1:1 | BasePip=60 | status=OK | ret=10009
2025-11-27 18:21:42,630 [LIVE] [LOT] Using fixed lot: 0.8
2025-11-27 18:21:42,781 [LIVE] [TRADE] 2025-11-27T11:21:42.630345 | GBPUSD   | SELL  | entry=1.32205 | SL=1.3226499999999999 | TP=1.32145 | lot=0.8 | Ratio=1:1 | BasePip=60 | status=OK | ret=10009
2025-11-27 18:21:47,828 [LIVE] [LOT] Using fixed lot: 0.8
2025-11-27 18:21:47,828 [LIVE] [TRADE] 2025-11-27T11:21:47.828448 | GBPUSD   | SELL  | entry=None | SL=1.32263 | TP=1.32143 | lot=0.8 | Ratio=1:1 | BasePip=60 | status=SKIPPED_MAX | ret=None
2025-11-27 18:29:46,482 [LIVE] SELL hit SL at 1.32267
2025-11-27 19:00:56,167 [LIVE] [LOT] Using fixed lot: 0.8
2025-11-27 19:00:56,352 [LIVE] [TRADE] 2025-11-27T12:00:56.167400 | GBPUSD   | SELL  | entry=1.32274 | SL=1.32334 | TP=1.32214 | lot=0.8 | Ratio=1:1 | BasePip=60 | status=OK | ret=10009
2025-11-27 19:03:57,829 [LIVE] [TRAILING] SL updated to 1.3227200000000001
2025-11-27 19:04:03,081 [LIVE] [TRAILING] SL updated to 1.32269
2025-11-27 19:04:28,281 [LIVE] SELL hit SL at 1.32271
2025-11-27 19:52:19,637 [LIVE] [LOT] Using fixed lot: 0.8
2025-11-27 19:52:19,768 [LIVE] [TRADE] 2025-11-27T12:52:19.637806 | GBPUSD   | SELL  | entry=1.32321 | SL=1.32381 | TP=1.32261 | lot=0.8 | Ratio=1:1 | BasePip=60 | status=OK | ret=10009
2025-11-27 19:52:24,824 [LIVE] [LOT] Using fixed lot: 0.8
2025-11-27 19:52:24,973 [LIVE] [TRADE] 2025-11-27T12:52:24.824296 | GBPUSD   | SELL  | entry=1.3232 | SL=1.3237999999999999 | TP=1.3226 | lot=0.8 | Ratio=1:1 | BasePip=60 | status=OK | ret=10009
2025-11-27 19:52:30,018 [LIVE] [LOT] Using fixed lot: 0.8
2025-11-27 19:52:30,030 [LIVE] [TRADE] 2025-11-27T12:52:30.018713 | GBPUSD   | SELL  | entry=None | SL=1.3237899999999998 | TP=1.32259 | lot=0.8 | Ratio=1:1 | BasePip=60 | status=SKIPPED_MAX | ret=None
2025-11-27 19:52:35,062 [LIVE] [LOT] Using fixed lot: 0.8
2025-11-27 19:52:35,062 [LIVE] [TRADE] 2025-11-27T12:52:35.062943 | GBPUSD   | SELL  | entry=None | SL=1.3237999999999999 | TP=1.3226 | lot=0.8 | Ratio=1:1 | BasePip=60 | status=SKIPPED_MAX | ret=None
2025-11-27 19:52:40,119 [LIVE] [LOT] Using fixed lot: 0.8
2025-11-27 19:52:40,123 [LIVE] [TRADE] 2025-11-27T12:52:40.119014 | GBPUSD   | SELL  | entry=None | SL=1.3237899999999998 | TP=1.32259 | lot=0.8 | Ratio=1:1 | BasePip=60 | status=SKIPPED_MAX | ret=None
2025-11-27 19:52:45,163 [LIVE] [LOT] Using fixed lot: 0.8
2025-11-27 19:52:45,171 [LIVE] [TRADE] 2025-11-27T12:52:45.169552 | GBPUSD   | SELL  | entry=None | SL=1.3237899999999998 | TP=1.32259 | lot=0.8 | Ratio=1:1 | BasePip=60 | status=SKIPPED_MAX | ret=None
2025-11-27 19:52:50,353 [LIVE] [LOT] Using fixed lot: 0.8
2025-11-27 19:52:50,353 [LIVE] [TRADE] 2025-11-27T12:52:50.353041 | GBPUSD   | SELL  | entry=None | SL=1.3237299999999999 | TP=1.32253 | lot=0.8 | Ratio=1:1 | BasePip=60 | status=SKIPPED_MAX | ret=None
2025-11-27 19:52:55,387 [LIVE] [LOT] Using fixed lot: 0.8
2025-11-27 19:52:55,387 [LIVE] [TRADE] 2025-11-27T12:52:55.387794 | GBPUSD   | SELL  | entry=None | SL=1.32375 | TP=1.3225500000000001 | lot=0.8 | Ratio=1:1 | BasePip=60 | status=SKIPPED_MAX | ret=None
2025-11-27 19:53:00,425 [LIVE] [LOT] Using fixed lot: 0.8
2025-11-27 19:53:00,427 [LIVE] [TRADE] 2025-11-27T12:53:00.425700 | GBPUSD   | SELL  | entry=None | SL=1.32375 | TP=1.3225500000000001 | lot=0.8 | Ratio=1:1 | BasePip=60 | status=SKIPPED_MAX | ret=None
2025-11-27 19:53:50,901 [LIVE] [TRAILING] SL updated to 1.3232
2025-11-27 19:54:01,100 [LIVE] [TRAILING] SL updated to 1.32317
2025-11-27 19:54:36,484 [LIVE] [TRAILING] SL updated to 1.3232
2025-11-27 19:54:51,593 [LIVE] SELL hit SL at 1.32322
2025-11-27 20:37:22,445 [LIVE] [LOT] Using fixed lot: 0.8
2025-11-27 20:37:22,605 [LIVE] [TRADE] 2025-11-27T13:37:22.445239 | GBPUSD   | SELL  | entry=1.32463 | SL=1.32523 | TP=1.32403 | lot=0.8 | Ratio=1:1 | BasePip=60 | status=OK | ret=10009
2025-11-27 20:37:27,657 [LIVE] [LOT] Using fixed lot: 0.8
2025-11-27 20:37:27,795 [LIVE] [TRADE] 2025-11-27T13:37:27.657691 | GBPUSD   | SELL  | entry=1.32462 | SL=1.3252199999999998 | TP=1.32402 | lot=0.8 | Ratio=1:1 | BasePip=60 | status=OK | ret=10009
2025-11-27 20:37:32,848 [LIVE] [LOT] Using fixed lot: 0.8
2025-11-27 20:37:32,848 [LIVE] [TRADE] 2025-11-27T13:37:32.848253 | GBPUSD   | SELL  | entry=None | SL=1.32524 | TP=1.32404 | lot=0.8 | Ratio=1:1 | BasePip=60 | status=SKIPPED_MAX | ret=None
2025-11-27 20:37:37,887 [LIVE] [LOT] Using fixed lot: 0.8
2025-11-27 20:37:37,887 [LIVE] [TRADE] 2025-11-27T13:37:37.887614 | GBPUSD   | SELL  | entry=None | SL=1.32521 | TP=1.3240100000000001 | lot=0.8 | Ratio=1:1 | BasePip=60 | status=SKIPPED_MAX | ret=None
2025-11-27 20:37:42,932 [LIVE] [LOT] Using fixed lot: 0.8
2025-11-27 20:37:42,932 [LIVE] [TRADE] 2025-11-27T13:37:42.932131 | GBPUSD   | SELL  | entry=None | SL=1.3252199999999998 | TP=1.32402 | lot=0.8 | Ratio=1:1 | BasePip=60 | status=SKIPPED_MAX | ret=None
2025-11-27 20:37:47,968 [LIVE] [LOT] Using fixed lot: 0.8
2025-11-27 20:37:47,968 [LIVE] [TRADE] 2025-11-27T13:37:47.968532 | GBPUSD   | SELL  | entry=None | SL=1.32517 | TP=1.32397 | lot=0.8 | Ratio=1:1 | BasePip=60 | status=SKIPPED_MAX | ret=None
2025-11-27 20:37:53,006 [LIVE] [LOT] Using fixed lot: 0.8
2025-11-27 20:37:53,006 [LIVE] [TRADE] 2025-11-27T13:37:53.006669 | GBPUSD   | SELL  | entry=None | SL=1.32514 | TP=1.3239400000000001 | lot=0.8 | Ratio=1:1 | BasePip=60 | status=SKIPPED_MAX | ret=None
2025-11-27 20:37:58,044 [LIVE] [LOT] Using fixed lot: 0.8
2025-11-27 20:37:58,046 [LIVE] [TRADE] 2025-11-27T13:37:58.044868 | GBPUSD   | SELL  | entry=None | SL=1.3251499999999998 | TP=1.32395 | lot=0.8 | Ratio=1:1 | BasePip=60 | status=SKIPPED_MAX | ret=None
2025-11-27 20:38:03,204 [LIVE] [TRAILING] SL updated to 1.32463
2025-11-27 20:38:08,392 [LIVE] [TRAILING] SL updated to 1.32454
2025-11-27 20:38:13,597 [LIVE] [TRAILING] SL updated to 1.32445
2025-11-27 20:38:28,840 [LIVE] [TRAILING] SL updated to 1.32454
2025-11-27 20:38:39,103 [LIVE] [TRAILING] SL updated to 1.3245099999999999
2025-11-27 20:39:09,310 [LIVE] SELL hit SL at 1.32462
2025-11-27 22:00:33,038 [LIVE] [LOT] Using fixed lot: 0.8
2025-11-27 22:00:33,187 [LIVE] [TRADE] 2025-11-27T15:00:33.038329 | GBPUSD   | BUY   | entry=1.32346 | SL=1.3227900000000001 | TP=1.32399 | lot=0.8 | Ratio=1:1 | BasePip=60 | status=OK | ret=10009
2025-11-27 22:02:09,084 [LIVE] [LOT] Using fixed lot: 0.8
2025-11-27 22:02:09,222 [LIVE] [TRADE] 2025-11-27T15:02:09.084755 | GBPUSD   | BUY   | entry=1.3235000000000001 | SL=1.3228300000000002 | TP=1.32403 | lot=0.8 | Ratio=1:1 | BasePip=60 | status=OK | ret=10009
2025-11-27 22:02:14,268 [LIVE] [LOT] Using fixed lot: 0.8
2025-11-27 22:02:14,268 [LIVE] [TRADE] 2025-11-27T15:02:14.268653 | GBPUSD   | BUY   | entry=None | SL=1.3228300000000002 | TP=1.32403 | lot=0.8 | Ratio=1:1 | BasePip=60 | status=SKIPPED_MAX | ret=None
2025-11-27 22:02:19,312 [LIVE] [LOT] Using fixed lot: 0.8
2025-11-27 22:02:19,312 [LIVE] [TRADE] 2025-11-27T15:02:19.312231 | GBPUSD   | BUY   | entry=None | SL=1.32285 | TP=1.32405 | lot=0.8 | Ratio=1:1 | BasePip=60 | status=SKIPPED_MAX | ret=None
2025-11-27 22:02:24,360 [LIVE] [LOT] Using fixed lot: 0.8
2025-11-27 22:02:24,360 [LIVE] [TRADE] 2025-11-27T15:02:24.360769 | GBPUSD   | BUY   | entry=None | SL=1.3228300000000002 | TP=1.32403 | lot=0.8 | Ratio=1:1 | BasePip=60 | status=SKIPPED_MAX | ret=None
2025-11-27 22:02:29,416 [LIVE] [LOT] Using fixed lot: 0.8
2025-11-27 22:02:29,416 [LIVE] [TRADE] 2025-11-27T15:02:29.416705 | GBPUSD   | BUY   | entry=None | SL=1.3228300000000002 | TP=1.32403 | lot=0.8 | Ratio=1:1 | BasePip=60 | status=SKIPPED_MAX | ret=None
2025-11-27 22:02:34,466 [LIVE] [LOT] Using fixed lot: 0.8
2025-11-27 22:02:34,466 [LIVE] [TRADE] 2025-11-27T15:02:34.466466 | GBPUSD   | BUY   | entry=None | SL=1.32285 | TP=1.32405 | lot=0.8 | Ratio=1:1 | BasePip=60 | status=SKIPPED_MAX | ret=None
2025-11-27 22:02:39,535 [LIVE] [LOT] Using fixed lot: 0.8
2025-11-27 22:02:39,535 [LIVE] [TRADE] 2025-11-27T15:02:39.535037 | GBPUSD   | BUY   | entry=None | SL=1.32284 | TP=1.3240399999999999 | lot=0.8 | Ratio=1:1 | BasePip=60 | status=SKIPPED_MAX | ret=None
2025-11-27 22:02:44,585 [LIVE] [LOT] Using fixed lot: 0.8
2025-11-27 22:02:44,585 [LIVE] [TRADE] 2025-11-27T15:02:44.585705 | GBPUSD   | BUY   | entry=None | SL=1.32285 | TP=1.32405 | lot=0.8 | Ratio=1:1 | BasePip=60 | status=SKIPPED_MAX | ret=None
2025-11-27 22:02:49,615 [LIVE] [LOT] Using fixed lot: 0.8
2025-11-27 22:02:49,615 [LIVE] [TRADE] 2025-11-27T15:02:49.615767 | GBPUSD   | BUY   | entry=None | SL=1.3228600000000001 | TP=1.32406 | lot=0.8 | Ratio=1:1 | BasePip=60 | status=SKIPPED_MAX | ret=None
2025-11-27 22:02:54,663 [LIVE] [LOT] Using fixed lot: 0.8
2025-11-27 22:02:54,663 [LIVE] [TRADE] 2025-11-27T15:02:54.663914 | GBPUSD   | BUY   | entry=None | SL=1.32285 | TP=1.32405 | lot=0.8 | Ratio=1:1 | BasePip=60 | status=SKIPPED_MAX | ret=None
2025-11-27 22:02:59,713 [LIVE] [LOT] Using fixed lot: 0.8
2025-11-27 22:02:59,713 [LIVE] [TRADE] 2025-11-27T15:02:59.713656 | GBPUSD   | BUY   | entry=None | SL=1.32285 | TP=1.32405 | lot=0.8 | Ratio=1:1 | BasePip=60 | status=SKIPPED_MAX | ret=None
2025-11-27 22:03:09,937 [LIVE] [TRAILING] SL updated to 1.3234700000000001
2025-11-27 22:04:15,504 [LIVE] [TRAILING] SL updated to 1.32348
2025-11-27 22:04:50,866 [LIVE] [TRAILING] SL updated to 1.3235
2025-11-27 22:04:56,048 [LIVE] [TRAILING] SL updated to 1.32357
2025-11-27 22:05:16,187 [LIVE] BUY hit SL at 1.32355
2025-11-27 22:06:41,740 [LIVE] [LOT] Using fixed lot: 0.8
2025-11-27 22:06:41,906 [LIVE] [TRADE] 2025-11-27T15:06:41.740281 | GBPUSD   | BUY   | entry=1.32361 | SL=1.32294 | TP=1.3241399999999999 | lot=0.8 | Ratio=1:1 | BasePip=60 | status=OK | ret=10009
2025-11-27 22:06:46,959 [LIVE] [LOT] Using fixed lot: 0.8
2025-11-27 22:06:46,961 [LIVE] [TRADE] 2025-11-27T15:06:46.959294 | GBPUSD   | BUY   | entry=None | SL=1.32295 | TP=1.32415 | lot=0.8 | Ratio=1:1 | BasePip=60 | status=SKIPPED_MAX | ret=None
2025-11-27 22:06:51,987 [LIVE] [LOT] Using fixed lot: 0.8
2025-11-27 22:06:51,998 [LIVE] [TRADE] 2025-11-27T15:06:51.987872 | GBPUSD   | BUY   | entry=None | SL=1.32299 | TP=1.32419 | lot=0.8 | Ratio=1:1 | BasePip=60 | status=SKIPPED_MAX | ret=None
2025-11-27 22:06:57,037 [LIVE] [LOT] Using fixed lot: 0.8
2025-11-27 22:06:57,053 [LIVE] [TRADE] 2025-11-27T15:06:57.037423 | GBPUSD   | BUY   | entry=None | SL=1.3229700000000002 | TP=1.32417 | lot=0.8 | Ratio=1:1 | BasePip=60 | status=SKIPPED_MAX | ret=None
2025-11-27 22:07:02,227 [LIVE] [TRAILING] SL updated to 1.32356
2025-11-27 22:07:17,347 [LIVE] BUY hit SL at 1.32354
2025-11-27 22:09:08,166 [LIVE] [LOT] Using fixed lot: 0.8
2025-11-27 22:09:08,442 [LIVE] [TRADE] 2025-11-27T15:09:08.166881 | GBPUSD   | BUY   | entry=1.32364 | SL=1.3229700000000002 | TP=1.32417 | lot=0.8 | Ratio=1:1 | BasePip=60 | status=OK | ret=10009
2025-11-27 22:09:43,697 [LIVE] [LOT] Using fixed lot: 0.8
2025-11-27 22:09:43,697 [LIVE] [TRADE] 2025-11-27T15:09:43.697519 | GBPUSD   | BUY   | entry=None | SL=1.32311 | TP=1.3243099999999999 | lot=0.8 | Ratio=1:1 | BasePip=60 | status=SKIPPED_MAX | ret=None
2025-11-27 22:09:49,075 [LIVE] [TRAILING] SL updated to 1.32369
2025-11-27 22:09:49,075 [LIVE] [LOT] Using fixed lot: 0.8
2025-11-27 22:09:49,081 [LIVE] [TRADE] 2025-11-27T15:09:49.075589 | GBPUSD   | BUY   | entry=None | SL=1.32319 | TP=1.32439 | lot=0.8 | Ratio=1:1 | BasePip=60 | status=SKIPPED_MAX | ret=None
2025-11-27 22:09:54,311 [LIVE] [LOT] Using fixed lot: 0.8
2025-11-27 22:09:54,313 [LIVE] [TRADE] 2025-11-27T15:09:54.311882 | GBPUSD   | BUY   | entry=None | SL=1.3231700000000002 | TP=1.32437 | lot=0.8 | Ratio=1:1 | BasePip=60 | status=SKIPPED_MAX | ret=None
2025-11-27 22:09:59,361 [LIVE] [LOT] Using fixed lot: 0.8
2025-11-27 22:09:59,361 [LIVE] [TRADE] 2025-11-27T15:09:59.361511 | GBPUSD   | BUY   | entry=None | SL=1.32314 | TP=1.3243399999999999 | lot=0.8 | Ratio=1:1 | BasePip=60 | status=SKIPPED_MAX | ret=None
2025-11-27 22:10:14,502 [LIVE] BUY hit SL at 1.32369
2025-11-27 22:10:24,732 [LIVE] [TRAILING] SL updated to 1.32365
2025-11-27 22:24:23,899 [LIVE] [LOT] Using fixed lot: 0.8
2025-11-27 22:24:24,035 [LIVE] [TRADE] 2025-11-27T15:24:23.900380 | GBPUSD   | SELL  | entry=1.32375 | SL=1.32435 | TP=1.32315 | lot=0.8 | Ratio=1:1 | BasePip=60 | status=OK | ret=10009
2025-11-27 22:24:29,083 [LIVE] [LOT] Using fixed lot: 0.8
2025-11-27 22:24:29,215 [LIVE] [TRADE] 2025-11-27T15:24:29.083282 | GBPUSD   | SELL  | entry=1.3237700000000001 | SL=1.32437 | TP=1.3231700000000002 | lot=0.8 | Ratio=1:1 | BasePip=60 | status=OK | ret=10009
2025-11-27 22:24:34,406 [LIVE] [LOT] Using fixed lot: 0.8
2025-11-27 22:24:34,406 [LIVE] [TRADE] 2025-11-27T15:24:34.406045 | GBPUSD   | SELL  | entry=None | SL=1.32437 | TP=1.3231700000000002 | lot=0.8 | Ratio=1:1 | BasePip=60 | status=SKIPPED_MAX | ret=None
2025-11-27 22:24:39,597 [LIVE] [LOT] Using fixed lot: 0.8
2025-11-27 22:24:39,597 [LIVE] [TRADE] 2025-11-27T15:24:39.597538 | GBPUSD   | SELL  | entry=None | SL=1.32439 | TP=1.32319 | lot=0.8 | Ratio=1:1 | BasePip=60 | status=SKIPPED_MAX | ret=None
2025-11-27 22:24:44,850 [LIVE] [LOT] Using fixed lot: 0.8
2025-11-27 22:24:44,851 [LIVE] [TRADE] 2025-11-27T15:24:44.850204 | GBPUSD   | SELL  | entry=None | SL=1.32439 | TP=1.32319 | lot=0.8 | Ratio=1:1 | BasePip=60 | status=SKIPPED_MAX | ret=None
2025-11-27 22:24:49,891 [LIVE] [LOT] Using fixed lot: 0.8
2025-11-27 22:24:49,891 [LIVE] [TRADE] 2025-11-27T15:24:49.891933 | GBPUSD   | SELL  | entry=None | SL=1.32438 | TP=1.32318 | lot=0.8 | Ratio=1:1 | BasePip=60 | status=SKIPPED_MAX | ret=None
2025-11-27 22:24:54,942 [LIVE] [LOT] Using fixed lot: 0.8
2025-11-27 22:24:54,943 [LIVE] [TRADE] 2025-11-27T15:24:54.942194 | GBPUSD   | SELL  | entry=None | SL=1.32436 | TP=1.3231600000000001 | lot=0.8 | Ratio=1:1 | BasePip=60 | status=SKIPPED_MAX | ret=None
2025-11-27 22:27:38,409 [LIVE] SELL hit SL at 1.32453
2025-11-27 23:37:48,661 [LIVE] [LOT] Using fixed lot: 0.8
2025-11-27 23:37:51,368 [LIVE] [LOG] 2025-11-27T16:37:48.661873 | GBPUSD   | SELL  | entry=1.32465 | SL=1.32525 | TF=1 | status=OK | comment=LiveEngineScreen
2025-11-27 23:37:56,400 [LIVE] [LOT] Using fixed lot: 0.8
2025-11-27 23:37:56,884 [LIVE] [LOG] 2025-11-27T16:37:56.400822 | GBPUSD   | SELL  | entry=1.32466 | SL=1.3252599999999999 | TF=1 | status=OK | comment=LiveEngineScreen
2025-11-27 23:38:37,613 [LIVE] [LOG] 2025-11-27T16:38:37.238304 | GBPUSD   | SELL  | entry=1.32467 | SL=1.32463 | TF=1 | status=TRAILING_UPDATE | comment=Moved SL to 1.32463 (Profit > 10 pips)
2025-11-27 23:38:43,472 [LIVE] [LOG] 2025-11-27T16:38:43.115360 | GBPUSD   | SELL  | entry=1.3246600000000002 | SL=1.32464 | TF=1 | status=TRAILING_UPDATE | comment=Moved SL to 1.32464 (Profit > 10 pips)
2025-11-27 23:38:49,037 [LIVE] [LOG] 2025-11-27T16:38:48.650147 | GBPUSD   | SELL  | entry=1.3246600000000002 | SL=1.3246 | TF=1 | status=TRAILING_UPDATE | comment=Moved SL to 1.3246 (Profit > 10 pips)
2025-11-27 23:39:04,626 [LIVE] [LOG] 2025-11-27T16:39:04.254256 | GBPUSD   | SELL  | entry=1.3246600000000002 | SL=1.32456 | TF=1 | status=TRAILING_UPDATE | comment=Moved SL to 1.32456 (Profit > 10 pips)
2025-11-27 23:39:20,286 [LIVE] [LOG] 2025-11-27T16:39:19.838576 | GBPUSD   | SELL  | entry=1.3246600000000002 | SL=1.3245500000000001 | TF=1 | status=TRAILING_UPDATE | comment=Moved SL to 1.3245500000000001 (Profit > 10 pips)
2025-11-27 23:39:30,814 [LIVE] [LOG] 2025-11-27T16:39:30.469647 | GBPUSD   | SELL  | entry=1.3246600000000002 | SL=1.32454 | TF=1 | status=TRAILING_UPDATE | comment=Moved SL to 1.32454 (Profit > 10 pips)
2025-11-27 23:39:36,337 [LIVE] [LOG] 2025-11-27T16:39:35.982404 | GBPUSD   | SELL  | entry=1.3246600000000002 | SL=1.32446 | TF=1 | status=TRAILING_UPDATE | comment=Moved SL to 1.32446 (Profit > 10 pips)
2025-11-27 23:39:42,100 [LIVE] [LOG] 2025-11-27T16:39:41.495924 | GBPUSD   | SELL  | entry=1.3246600000000002 | SL=1.32444 | TF=1 | status=TRAILING_UPDATE | comment=Moved SL to 1.32444 (Profit > 10 pips)
2025-11-27 23:39:47,143 [LIVE] SELL hit SL at 1.32447
2025-11-27 23:39:47,484 [LIVE] [LOG] 2025-11-27T16:39:47.128347 | GBPUSD   | SELL  | entry=1.32466 | SL=1.32444 | TF=1 | status=SL_HIT | comment=SELL hit SL at 1.32447
2025-11-28 00:57:30,383 [LIVE] [LOT] Using fixed lot: 0.8
2025-11-28 00:57:31,419 [LIVE] [LOG] 2025-11-27T17:57:30.383642 | GBPUSD   | BUY   | entry=1.3235000000000001 | SL=1.3228300000000002 | TF=1 | status=OK | comment=LiveEngineScreen
2025-11-28 00:57:36,472 [LIVE] [LOT] Using fixed lot: 0.8
2025-11-28 00:57:36,992 [LIVE] [LOG] 2025-11-27T17:57:36.472355 | GBPUSD   | BUY   | entry=1.32364 | SL=1.3229700000000002 | TF=1 | status=OK | comment=LiveEngineScreen
2025-11-28 00:57:42,022 [LIVE] [LOT] Using fixed lot: 0.8
2025-11-28 00:57:42,389 [LIVE] [LOG] 2025-11-27T17:57:42.022618 | GBPUSD   | BUY   | entry=None | SL=1.32295 | TF=1 | status=SKIPPED_MAX | comment=Max trades reached for GBPUSD
2025-11-28 00:57:47,422 [LIVE] [LOT] Using fixed lot: 0.8
2025-11-28 00:57:47,796 [LIVE] [LOG] 2025-11-27T17:57:47.422491 | GBPUSD   | BUY   | entry=None | SL=1.32295 | TF=1 | status=SKIPPED_MAX | comment=Max trades reached for GBPUSD
2025-11-28 00:57:52,834 [LIVE] [LOT] Using fixed lot: 0.8
2025-11-28 00:57:53,257 [LIVE] [LOG] 2025-11-27T17:57:52.834774 | GBPUSD   | BUY   | entry=None | SL=1.32295 | TF=1 | status=SKIPPED_MAX | comment=Max trades reached for GBPUSD
2025-11-28 00:57:58,292 [LIVE] [LOT] Using fixed lot: 0.8
2025-11-28 00:57:58,647 [LIVE] [LOG] 2025-11-27T17:57:58.292161 | GBPUSD   | BUY   | entry=None | SL=1.3229600000000001 | TF=1 | status=SKIPPED_MAX | comment=Max trades reached for GBPUSD
2025-11-28 00:58:44,486 [LIVE] [LOG] 2025-11-27T17:58:44.061692 | GBPUSD   | BUY   | entry=1.3235000000000001 | SL=1.32355 | TF=1 | status=TRAILING_UPDATE | comment=Moved SL to 1.32355 (Profit > 10 pips)
2025-11-28 00:58:50,023 [LIVE] [LOG] 2025-11-27T17:58:49.672266 | GBPUSD   | BUY   | entry=1.3235000000000001 | SL=1.32356 | TF=1 | status=TRAILING_UPDATE | comment=Moved SL to 1.32356 (Profit > 10 pips)
2025-11-28 00:59:00,578 [LIVE] [LOG] 2025-11-27T17:59:00.211500 | GBPUSD   | BUY   | entry=1.3235000000000001 | SL=1.32359 | TF=1 | status=TRAILING_UPDATE | comment=Moved SL to 1.32359 (Profit > 10 pips)
2025-11-28 00:59:06,193 [LIVE] [LOG] 2025-11-27T17:59:05.746959 | GBPUSD   | BUY   | entry=1.3235000000000001 | SL=1.32364 | TF=1 | status=TRAILING_UPDATE | comment=Moved SL to 1.32364 (Profit > 10 pips)
2025-11-28 00:59:21,792 [LIVE] [LOG] 2025-11-27T17:59:21.419338 | GBPUSD   | BUY   | entry=1.3235000000000001 | SL=1.3236700000000001 | TF=1 | status=TRAILING_UPDATE | comment=Moved SL to 1.3236700000000001 (Profit > 10 pips)
2025-11-28 01:00:02,640 [LIVE] [LOG] 2025-11-27T18:00:02.249125 | GBPUSD   | BUY   | entry=1.3235000000000001 | SL=1.32372 | TF=1 | status=TRAILING_UPDATE | comment=Moved SL to 1.32372 (Profit > 10 pips)
2025-11-28 01:00:08,899 [LIVE] [LOG] 2025-11-27T18:00:08.518572 | GBPUSD   | BUY   | entry=1.3235000000000001 | SL=1.3237400000000001 | TF=1 | status=TRAILING_UPDATE | comment=Moved SL to 1.3237400000000001 (Profit > 10 pips)
2025-11-28 01:00:19,499 [LIVE] [LOG] 2025-11-27T18:00:19.099474 | GBPUSD   | BUY   | entry=1.3235000000000001 | SL=1.32375 | TF=1 | status=TRAILING_UPDATE | comment=Moved SL to 1.32375 (Profit > 10 pips)
2025-11-28 01:01:34,960 [LIVE] BUY hit SL at 1.32366
2025-11-28 01:01:35,892 [LIVE] [LOG] 2025-11-27T18:01:34.960063 | GBPUSD   | BUY   | entry=1.3235700000000001 | SL=1.32375 | TF=1 | status=SL_HIT | comment=BUY hit SL at 1.32366
2025-11-28 01:04:17,672 [LIVE] [LOG] 2025-11-27T18:04:17.080556 | GBPUSD   | BUY   | entry=1.3236400000000001 | SL=1.32365 | TF=1 | status=TRAILING_UPDATE | comment=Moved SL to 1.32365 (Profit > 10 pips)
2025-11-28 01:38:33,459 [LIVE] [LOT] Using fixed lot: 0.8
2025-11-28 01:38:33,982 [LIVE] [LOG] 2025-11-27T18:38:33.459973 | GBPUSD   | SELL  | entry=1.32362 | SL=1.32422 | TF=1 | status=OK | comment=LiveEngineScreen
2025-11-28 01:38:44,047 [LIVE] [LOT] Using fixed lot: 0.8
2025-11-28 01:38:44,582 [LIVE] [LOG] 2025-11-27T18:38:44.047302 | GBPUSD   | SELL  | entry=1.32362 | SL=1.32422 | TF=1 | status=OK | comment=LiveEngineScreen
2025-11-28 01:38:49,616 [LIVE] [LOT] Using fixed lot: 0.8
2025-11-28 01:38:49,967 [LIVE] [LOG] 2025-11-27T18:38:49.616064 | GBPUSD   | SELL  | entry=None | SL=1.32422 | TF=1 | status=SKIPPED_MAX | comment=Max trades reached for GBPUSD
2025-11-28 01:38:54,993 [LIVE] [LOT] Using fixed lot: 0.8
2025-11-28 01:38:55,389 [LIVE] [LOG] 2025-11-27T18:38:54.993936 | GBPUSD   | SELL  | entry=None | SL=1.32422 | TF=1 | status=SKIPPED_MAX | comment=Max trades reached for GBPUSD
2025-11-28 01:47:41,298 [LIVE] [LOT] Using fixed lot: 0.8
2025-11-28 01:47:42,254 [LIVE] [LOG] 2025-11-27T18:47:41.298443 | GBPUSD   | SELL  | entry=None | SL=1.32415 | TF=1 | status=SKIPPED_MAX | comment=Max trades reached for GBPUSD
2025-11-28 01:47:47,658 [LIVE] [LOT] Using fixed lot: 0.8
2025-11-28 01:47:48,064 [LIVE] [LOG] 2025-11-27T18:47:47.658646 | GBPUSD   | SELL  | entry=None | SL=1.32418 | TF=1 | status=SKIPPED_MAX | comment=Max trades reached for GBPUSD
2025-11-28 01:47:53,446 [LIVE] [LOT] Using fixed lot: 0.8
2025-11-28 01:47:53,791 [LIVE] [LOG] 2025-11-27T18:47:53.446472 | GBPUSD   | SELL  | entry=None | SL=1.32418 | TF=1 | status=SKIPPED_MAX | comment=Max trades reached for GBPUSD
2025-11-28 01:47:59,170 [LIVE] [LOT] Using fixed lot: 0.8
2025-11-28 01:47:59,523 [LIVE] [LOG] 2025-11-27T18:47:59.170148 | GBPUSD   | SELL  | entry=None | SL=1.32418 | TF=1 | status=SKIPPED_MAX | comment=Max trades reached for GBPUSD
2025-11-28 01:58:40,725 [LIVE] [LOG] 2025-11-27T18:58:38.665563 | GBPUSD   | SELL  | entry=1.32362 | SL=1.32357 | TF=1 | status=TRAILING_UPDATE | comment=Moved SL to 1.32357 (Profit > 10 pips)
2025-11-28 01:59:02,414 [LIVE] [LOG] 2025-11-27T18:59:02.038903 | GBPUSD   | SELL  | entry=1.32362 | SL=1.32352 | TF=1 | status=TRAILING_UPDATE | comment=Moved SL to 1.32352 (Profit > 10 pips)
2025-11-28 01:59:08,029 [LIVE] [LOG] 2025-11-27T18:59:07.690186 | GBPUSD   | SELL  | entry=1.32362 | SL=1.32351 | TF=1 | status=TRAILING_UPDATE | comment=Moved SL to 1.32351 (Profit > 10 pips)
2025-11-28 01:59:18,576 [LIVE] [LOG] 2025-11-27T18:59:18.217026 | GBPUSD   | SELL  | entry=1.32362 | SL=1.32349 | TF=1 | status=TRAILING_UPDATE | comment=Moved SL to 1.32349 (Profit > 10 pips)
2025-11-28 01:59:24,078 [LIVE] [LOG] 2025-11-27T18:59:23.730357 | GBPUSD   | SELL  | entry=1.32362 | SL=1.32346 | TF=1 | status=TRAILING_UPDATE | comment=Moved SL to 1.32346 (Profit > 10 pips)
2025-11-28 01:59:59,844 [LIVE] [LOG] 2025-11-27T18:59:59.450962 | GBPUSD   | SELL  | entry=1.32362 | SL=1.32354 | TF=1 | status=TRAILING_UPDATE | comment=Moved SL to 1.32354 (Profit > 10 pips)
2025-11-28 02:00:05,394 [LIVE] [LOG] 2025-11-27T19:00:05.024079 | GBPUSD   | SELL  | entry=1.32362 | SL=1.32352 | TF=1 | status=TRAILING_UPDATE | comment=Moved SL to 1.32352 (Profit > 10 pips)
2025-11-28 02:03:11,454 [LIVE] SELL hit SL at 1.3235700000000001
2025-11-28 02:03:11,880 [LIVE] [LOG] 2025-11-27T19:03:11.454664 | GBPUSD   | SELL  | entry=1.32362 | SL=1.32352 | TF=1 | status=SL_HIT | comment=SELL hit SL at 1.3235700000000001
2025-11-28 02:10:17,151 [LIVE] [LOT] Using fixed lot: 0.8
2025-11-28 02:10:17,683 [LIVE] [LOG] 2025-11-27T19:10:17.151631 | GBPUSD   | SELL  | entry=1.32361 | SL=1.3242099999999999 | TF=1 | status=OK | comment=LiveEngineScreen
2025-11-28 02:10:22,713 [LIVE] [LOT] Using fixed lot: 0.8
2025-11-28 02:10:23,171 [LIVE] [LOG] 2025-11-27T19:10:22.713697 | GBPUSD   | SELL  | entry=1.3235999999999999 | SL=1.3242099999999999 | TF=1 | status=OK | comment=LiveEngineScreen
2025-11-28 02:10:28,203 [LIVE] [LOT] Using fixed lot: 0.8
2025-11-28 02:10:28,571 [LIVE] [LOG] 2025-11-27T19:10:28.203785 | GBPUSD   | SELL  | entry=None | SL=1.3242099999999999 | TF=1 | status=SKIPPED_MAX | comment=Max trades reached for GBPUSD
2025-11-28 02:10:48,716 [LIVE] [LOT] Using fixed lot: 0.8
2025-11-28 02:10:49,211 [LIVE] [LOG] 2025-11-27T19:10:48.716424 | GBPUSD   | SELL  | entry=None | SL=1.3242099999999999 | TF=1 | status=SKIPPED_MAX | comment=Max trades reached for GBPUSD
2025-11-28 02:10:54,251 [LIVE] [LOT] Using fixed lot: 0.8
2025-11-28 02:10:56,861 [LIVE] [LOG] 2025-11-27T19:10:54.251062 | GBPUSD   | SELL  | entry=None | SL=1.3242099999999999 | TF=1 | status=SKIPPED_MAX | comment=Max trades reached for GBPUSD
2025-11-28 02:21:35,508 [LIVE] [LOT] Using fixed lot: 0.8
2025-11-28 02:21:36,557 [LIVE] [LOG] 2025-11-27T19:21:35.508167 | GBPUSD   | BUY   | entry=None | SL=1.32307 | TF=1 | status=SKIPPED_MAX | comment=Max trades reached for GBPUSD
2025-11-28 02:21:41,604 [LIVE] [LOT] Using fixed lot: 0.8
2025-11-28 02:21:41,941 [LIVE] [LOG] 2025-11-27T19:21:41.604063 | GBPUSD   | BUY   | entry=None | SL=1.32307 | TF=1 | status=SKIPPED_MAX | comment=Max trades reached for GBPUSD
2025-11-28 02:21:46,979 [LIVE] [LOT] Using fixed lot: 0.8
2025-11-28 02:21:47,344 [LIVE] [LOG] 2025-11-27T19:21:46.979141 | GBPUSD   | BUY   | entry=None | SL=1.32307 | TF=1 | status=SKIPPED_MAX | comment=Max trades reached for GBPUSD
2025-11-28 02:21:52,380 [LIVE] [LOT] Using fixed lot: 0.8
2025-11-28 02:21:52,697 [LIVE] [LOG] 2025-11-27T19:21:52.380548 | GBPUSD   | BUY   | entry=None | SL=1.32307 | TF=1 | status=SKIPPED_MAX | comment=Max trades reached for GBPUSD
2025-11-28 02:21:57,739 [LIVE] [LOT] Using fixed lot: 0.8
2025-11-28 02:21:58,108 [LIVE] [LOG] 2025-11-27T19:21:57.739356 | GBPUSD   | BUY   | entry=None | SL=1.32307 | TF=1 | status=SKIPPED_MAX | comment=Max trades reached for GBPUSD
2025-11-28 02:56:53,814 [LIVE] [LOT] Using fixed lot: 0.8
2025-11-28 02:56:54,728 [LIVE] [LOG] 2025-11-27T19:56:53.814612 | GBPUSD   | BUY   | entry=None | SL=1.3231700000000002 | TF=1 | status=SKIPPED_MAX | comment=Max trades reached for GBPUSD
2025-11-28 03:13:25,518 [LIVE] [LOT] Using fixed lot: 0.8
2025-11-28 03:13:26,517 [LIVE] [LOG] 2025-11-27T20:13:25.518738 | GBPUSD   | SELL  | entry=None | SL=1.3243 | TF=1 | status=SKIPPED_MAX | comment=Max trades reached for GBPUSD
2025-11-28 03:14:41,984 [LIVE] [LOT] Using fixed lot: 0.8
2025-11-28 03:14:42,402 [LIVE] [LOG] 2025-11-27T20:14:41.984060 | GBPUSD   | SELL  | entry=None | SL=1.32418 | TF=1 | status=SKIPPED_MAX | comment=Max trades reached for GBPUSD
2025-11-28 03:22:10,575 [LIVE] [LOT] Using fixed lot: 0.8
2025-11-28 03:22:11,562 [LIVE] [LOG] 2025-11-27T20:22:10.575365 | GBPUSD   | BUY   | entry=None | SL=1.32312 | TF=1 | status=SKIPPED_MAX | comment=Max trades reached for GBPUSD
2025-11-28 03:22:16,585 [LIVE] [LOT] Using fixed lot: 0.8
2025-11-28 03:22:16,965 [LIVE] [LOG] 2025-11-27T20:22:16.585808 | GBPUSD   | BUY   | entry=None | SL=1.32311 | TF=1 | status=SKIPPED_MAX | comment=Max trades reached for GBPUSD
2025-11-28 03:22:21,995 [LIVE] [LOT] Using fixed lot: 0.8
2025-11-28 03:22:22,371 [LIVE] [LOG] 2025-11-27T20:22:21.995567 | GBPUSD   | BUY   | entry=None | SL=1.32312 | TF=1 | status=SKIPPED_MAX | comment=Max trades reached for GBPUSD
2025-11-28 03:22:27,408 [LIVE] [LOT] Using fixed lot: 0.8
2025-11-28 03:22:27,753 [LIVE] [LOG] 2025-11-27T20:22:27.410030 | GBPUSD   | BUY   | entry=None | SL=1.32311 | TF=1 | status=SKIPPED_MAX | comment=Max trades reached for GBPUSD
2025-11-28 03:22:32,791 [LIVE] [LOT] Using fixed lot: 0.8
2025-11-28 03:22:33,166 [LIVE] [LOG] 2025-11-27T20:22:32.791347 | GBPUSD   | BUY   | entry=None | SL=1.32312 | TF=1 | status=SKIPPED_MAX | comment=Max trades reached for GBPUSD
2025-11-28 03:22:38,212 [LIVE] [LOT] Using fixed lot: 0.8
2025-11-28 03:22:38,558 [LIVE] [LOG] 2025-11-27T20:22:38.212381 | GBPUSD   | BUY   | entry=None | SL=1.32312 | TF=1 | status=SKIPPED_MAX | comment=Max trades reached for GBPUSD
2025-11-28 03:25:14,517 [LIVE] [LOT] Using fixed lot: 0.8
2025-11-28 03:25:14,919 [LIVE] [LOG] 2025-11-27T20:25:14.517333 | GBPUSD   | BUY   | entry=None | SL=1.32311 | TF=1 | status=SKIPPED_MAX | comment=Max trades reached for GBPUSD
2025-11-28 03:34:06,044 [LIVE] [LOT] Using fixed lot: 0.8
2025-11-28 03:34:06,424 [LIVE] [LOG] 2025-11-27T20:34:06.044077 | GBPUSD   | BUY   | entry=None | SL=1.32318 | TF=1 | status=SKIPPED_MAX | comment=Max trades reached for GBPUSD
2025-11-28 03:34:11,465 [LIVE] [LOT] Using fixed lot: 0.8
2025-11-28 03:34:11,805 [LIVE] [LOG] 2025-11-27T20:34:11.465244 | GBPUSD   | BUY   | entry=None | SL=1.3232 | TF=1 | status=SKIPPED_MAX | comment=Max trades reached for GBPUSD
2025-11-28 03:34:16,844 [LIVE] [LOT] Using fixed lot: 0.8
2025-11-28 03:34:17,218 [LIVE] [LOG] 2025-11-27T20:34:16.844884 | GBPUSD   | BUY   | entry=None | SL=1.32319 | TF=1 | status=SKIPPED_MAX | comment=Max trades reached for GBPUSD
2025-11-28 03:34:22,261 [LIVE] [LOT] Using fixed lot: 0.8
2025-11-28 03:34:22,614 [LIVE] [LOG] 2025-11-27T20:34:22.261762 | GBPUSD   | BUY   | entry=None | SL=1.32318 | TF=1 | status=SKIPPED_MAX | comment=Max trades reached for GBPUSD
2025-11-28 03:34:27,640 [LIVE] [LOT] Using fixed lot: 0.8
2025-11-28 03:34:28,079 [LIVE] [LOG] 2025-11-27T20:34:27.652281 | GBPUSD   | BUY   | entry=None | SL=1.3231700000000002 | TF=1 | status=SKIPPED_MAX | comment=Max trades reached for GBPUSD
2025-11-28 03:54:15,120 [LIVE] [LOT] Using fixed lot: 0.8
2025-11-28 03:54:16,672 [LIVE] [LOG] 2025-11-27T20:54:15.120130 | GBPUSD   | SELL  | entry=None | SL=1.3242399999999999 | TF=1 | status=SKIPPED_MAX | comment=Max trades reached for GBPUSD
2025-11-28 04:00:04,810 [LIVE] [LOT] Using fixed lot: 0.8
2025-11-28 04:00:05,887 [LIVE] [LOG] 2025-11-27T21:00:04.810346 | GBPUSD   | BUY   | entry=None | SL=1.32326 | TF=1 | status=SKIPPED_MAX | comment=Max trades reached for GBPUSD
2025-11-28 04:00:11,264 [LIVE] [LOT] Using fixed lot: 0.8
2025-11-28 04:00:11,677 [LIVE] [LOG] 2025-11-27T21:00:11.264345 | GBPUSD   | BUY   | entry=None | SL=1.3232400000000002 | TF=1 | status=SKIPPED_MAX | comment=Max trades reached for GBPUSD
2025-11-28 04:00:17,096 [LIVE] [LOT] Using fixed lot: 0.8
2025-11-28 04:00:17,469 [LIVE] [LOG] 2025-11-27T21:00:17.096039 | GBPUSD   | BUY   | entry=None | SL=1.32325 | TF=1 | status=SKIPPED_MAX | comment=Max trades reached for GBPUSD
2025-11-28 04:00:22,842 [LIVE] [LOT] Using fixed lot: 0.8
2025-11-28 04:00:23,178 [LIVE] [LOG] 2025-11-27T21:00:22.842892 | GBPUSD   | BUY   | entry=None | SL=1.32326 | TF=1 | status=SKIPPED_MAX | comment=Max trades reached for GBPUSD
2025-11-28 04:00:28,586 [LIVE] [LOT] Using fixed lot: 0.8
2025-11-28 04:00:29,005 [LIVE] [LOG] 2025-11-27T21:00:28.586423 | GBPUSD   | BUY   | entry=None | SL=1.32325 | TF=1 | status=SKIPPED_MAX | comment=Max trades reached for GBPUSD
2025-11-28 04:00:34,385 [LIVE] [LOT] Using fixed lot: 0.8
2025-11-28 04:00:34,733 [LIVE] [LOG] 2025-11-27T21:00:34.385418 | GBPUSD   | BUY   | entry=None | SL=1.32325 | TF=1 | status=SKIPPED_MAX | comment=Max trades reached for GBPUSD
2025-11-28 04:00:40,217 [LIVE] [LOT] Using fixed lot: 0.8
2025-11-28 04:00:40,585 [LIVE] [LOG] 2025-11-27T21:00:40.217664 | GBPUSD   | BUY   | entry=None | SL=1.32326 | TF=1 | status=SKIPPED_MAX | comment=Max trades reached for GBPUSD
2025-11-28 04:00:46,004 [LIVE] [LOT] Using fixed lot: 0.8
2025-11-28 04:00:46,380 [LIVE] [LOG] 2025-11-27T21:00:46.004214 | GBPUSD   | BUY   | entry=None | SL=1.32326 | TF=1 | status=SKIPPED_MAX | comment=Max trades reached for GBPUSD
2025-11-28 04:00:51,836 [LIVE] [LOT] Using fixed lot: 0.8
2025-11-28 04:00:52,274 [LIVE] [LOG] 2025-11-27T21:00:51.838986 | GBPUSD   | BUY   | entry=None | SL=1.32326 | TF=1 | status=SKIPPED_MAX | comment=Max trades reached for GBPUSD
2025-11-28 04:00:57,716 [LIVE] [LOT] Using fixed lot: 0.8
2025-11-28 04:00:58,097 [LIVE] [LOG] 2025-11-27T21:00:57.716750 | GBPUSD   | BUY   | entry=None | SL=1.32325 | TF=1 | status=SKIPPED_MAX | comment=Max trades reached for GBPUSD
2025-11-28 04:01:18,222 [LIVE] [LOT] Using fixed lot: 0.8
2025-11-28 04:01:18,622 [LIVE] [LOG] 2025-11-27T21:01:18.222976 | GBPUSD   | SELL  | entry=None | SL=1.3243099999999999 | TF=1 | status=SKIPPED_MAX | comment=Max trades reached for GBPUSD
2025-11-28 04:01:24,101 [LIVE] [LOT] Using fixed lot: 0.8
2025-11-28 04:01:24,430 [LIVE] [LOG] 2025-11-27T21:01:24.101152 | GBPUSD   | SELL  | entry=None | SL=1.32433 | TF=1 | status=SKIPPED_MAX | comment=Max trades reached for GBPUSD
2025-11-28 04:01:29,830 [LIVE] [LOT] Using fixed lot: 0.8
2025-11-28 04:01:30,213 [LIVE] [LOG] 2025-11-27T21:01:29.830841 | GBPUSD   | SELL  | entry=None | SL=1.32432 | TF=1 | status=SKIPPED_MAX | comment=Max trades reached for GBPUSD
2025-11-28 04:01:35,610 [LIVE] [LOT] Using fixed lot: 0.8
2025-11-28 04:01:35,975 [LIVE] [LOG] 2025-11-27T21:01:35.610502 | GBPUSD   | SELL  | entry=None | SL=1.32433 | TF=1 | status=SKIPPED_MAX | comment=Max trades reached for GBPUSD
2025-11-28 04:01:41,342 [LIVE] [LOT] Using fixed lot: 0.8
2025-11-28 04:01:41,696 [LIVE] [LOG] 2025-11-27T21:01:41.342487 | GBPUSD   | SELL  | entry=None | SL=1.32433 | TF=1 | status=SKIPPED_MAX | comment=Max trades reached for GBPUSD
2025-11-28 04:01:47,081 [LIVE] [LOT] Using fixed lot: 0.8
2025-11-28 04:01:47,419 [LIVE] [LOG] 2025-11-27T21:01:47.081594 | GBPUSD   | SELL  | entry=None | SL=1.32433 | TF=1 | status=SKIPPED_MAX | comment=Max trades reached for GBPUSD
2025-11-28 04:01:52,815 [LIVE] [LOT] Using fixed lot: 0.8
2025-11-28 04:01:53,170 [LIVE] [LOG] 2025-11-27T21:01:52.815236 | GBPUSD   | SELL  | entry=None | SL=1.32433 | TF=1 | status=SKIPPED_MAX | comment=Max trades reached for GBPUSD
2025-11-28 04:01:58,545 [LIVE] [LOT] Using fixed lot: 0.8
2025-11-28 04:01:58,957 [LIVE] [LOG] 2025-11-27T21:01:58.545647 | GBPUSD   | SELL  | entry=None | SL=1.32433 | TF=1 | status=SKIPPED_MAX | comment=Max trades reached for GBPUSD
2025-11-28 04:02:24,441 [LIVE] [LOT] Using fixed lot: 0.8
2025-11-28 04:02:24,797 [LIVE] [LOG] 2025-11-27T21:02:24.441017 | GBPUSD   | SELL  | entry=None | SL=1.3242099999999999 | TF=1 | status=SKIPPED_MAX | comment=Max trades reached for GBPUSD
2025-11-28 05:45:10,642 [LIVE] [LOT] Using fixed lot: 0.8
2025-11-28 05:45:12,059 [LIVE] [LOG] 2025-11-27T22:45:10.642260 | GBPUSD   | SELL  | entry=None | SL=1.3242099999999999 | TF=1 | status=SKIPPED_MAX | comment=Max trades reached for GBPUSD
2025-11-28 05:45:17,094 [LIVE] [LOT] Using fixed lot: 0.8
2025-11-28 05:45:17,427 [LIVE] [LOG] 2025-11-27T22:45:17.094598 | GBPUSD   | SELL  | entry=None | SL=1.3242099999999999 | TF=1 | status=SKIPPED_MAX | comment=Max trades reached for GBPUSD
2025-11-28 06:00:05,597 [LIVE] [LOT] Using fixed lot: 0.8
2025-11-28 06:00:05,929 [LIVE] [LOG] 2025-11-27T23:00:05.597864 | GBPUSD   | BUY   | entry=None | SL=1.3231000000000002 | TF=1 | status=SKIPPED_MAX | comment=Max trades reached for GBPUSD
2025-11-28 06:01:23,846 [LIVE] [LOT] Using fixed lot: 0.8
2025-11-28 06:01:24,228 [LIVE] [LOG] 2025-11-27T23:01:23.846852 | GBPUSD   | BUY   | entry=None | SL=1.32308 | TF=1 | status=SKIPPED_MAX | comment=Max trades reached for GBPUSD
2025-11-28 06:01:29,265 [LIVE] [LOT] Using fixed lot: 0.8
2025-11-28 06:01:29,613 [LIVE] [LOG] 2025-11-27T23:01:29.265935 | GBPUSD   | BUY   | entry=None | SL=1.32307 | TF=1 | status=SKIPPED_MAX | comment=Max trades reached for GBPUSD
2025-11-28 06:01:35,023 [LIVE] [LOT] Using fixed lot: 0.8
2025-11-28 06:01:35,401 [LIVE] [LOG] 2025-11-27T23:01:35.023785 | GBPUSD   | BUY   | entry=None | SL=1.3230600000000001 | TF=1 | status=SKIPPED_MAX | comment=Max trades reached for GBPUSD
2025-11-28 06:01:40,813 [LIVE] [LOT] Using fixed lot: 0.8
2025-11-28 06:01:41,155 [LIVE] [LOG] 2025-11-27T23:01:40.813317 | GBPUSD   | BUY   | entry=None | SL=1.3230600000000001 | TF=1 | status=SKIPPED_MAX | comment=Max trades reached for GBPUSD
2025-11-28 06:01:46,571 [LIVE] [LOT] Using fixed lot: 0.8
2025-11-28 06:01:46,935 [LIVE] [LOG] 2025-11-27T23:01:46.571648 | GBPUSD   | BUY   | entry=None | SL=1.32307 | TF=1 | status=SKIPPED_MAX | comment=Max trades reached for GBPUSD
2025-11-28 06:01:52,326 [LIVE] [LOT] Using fixed lot: 0.8
2025-11-28 06:01:52,678 [LIVE] [LOG] 2025-11-27T23:01:52.326219 | GBPUSD   | BUY   | entry=None | SL=1.32309 | TF=1 | status=SKIPPED_MAX | comment=Max trades reached for GBPUSD
2025-11-28 06:01:58,090 [LIVE] [LOT] Using fixed lot: 0.8
2025-11-28 06:01:58,515 [LIVE] [LOG] 2025-11-27T23:01:58.090076 | GBPUSD   | BUY   | entry=None | SL=1.32308 | TF=1 | status=SKIPPED_MAX | comment=Max trades reached for GBPUSD
2025-11-28 06:02:23,669 [LIVE] [LOT] Using fixed lot: 0.8
2025-11-28 06:02:24,052 [LIVE] [LOG] 2025-11-27T23:02:23.669270 | GBPUSD   | SELL  | entry=None | SL=1.32419 | TF=1 | status=SKIPPED_MAX | comment=Max trades reached for GBPUSD
2025-11-28 06:02:29,094 [LIVE] [LOT] Using fixed lot: 0.8
2025-11-28 06:02:29,457 [LIVE] [LOG] 2025-11-27T23:02:29.094128 | GBPUSD   | SELL  | entry=None | SL=1.3241999999999998 | TF=1 | status=SKIPPED_MAX | comment=Max trades reached for GBPUSD
2025-11-28 06:02:34,491 [LIVE] [LOT] Using fixed lot: 0.8
2025-11-28 06:02:34,870 [LIVE] [LOG] 2025-11-27T23:02:34.491185 | GBPUSD   | SELL  | entry=None | SL=1.3242099999999999 | TF=1 | status=SKIPPED_MAX | comment=Max trades reached for GBPUSD
2025-11-28 06:02:39,904 [LIVE] [LOT] Using fixed lot: 0.8
2025-11-28 06:02:40,230 [LIVE] [LOG] 2025-11-27T23:02:39.906013 | GBPUSD   | SELL  | entry=None | SL=1.3241999999999998 | TF=1 | status=SKIPPED_MAX | comment=Max trades reached for GBPUSD
2025-11-28 06:03:21,493 [LIVE] [LOT] Using fixed lot: 0.8
2025-11-28 06:03:21,834 [LIVE] [LOG] 2025-11-27T23:03:21.493080 | GBPUSD   | BUY   | entry=None | SL=1.3231700000000002 | TF=1 | status=SKIPPED_MAX | comment=Max trades reached for GBPUSD
2025-11-28 06:03:27,337 [LIVE] [LOT] Using fixed lot: 0.8
2025-11-28 06:03:27,674 [LIVE] [LOG] 2025-11-27T23:03:27.337840 | GBPUSD   | BUY   | entry=None | SL=1.32318 | TF=1 | status=SKIPPED_MAX | comment=Max trades reached for GBPUSD
2025-11-28 06:57:15,854 [LIVE] [LOT] Using fixed lot: 0.8
2025-11-28 06:57:16,205 [LIVE] [LOG] 2025-11-27T23:57:15.854263 | GBPUSD   | SELL  | entry=None | SL=1.32459 | TF=1 | status=SKIPPED_MAX | comment=Max trades reached for GBPUSD
2025-11-28 06:59:49,414 [LIVE] [LOT] Using fixed lot: 0.8
2025-11-28 06:59:49,782 [LIVE] [LOG] 2025-11-27T23:59:49.414805 | GBPUSD   | SELL  | entry=None | SL=1.32456 | TF=1 | status=SKIPPED_MAX | comment=Max trades reached for GBPUSD
2025-11-28 07:01:01,365 [LIVE] SELL hit SL at 1.32434
2025-11-28 07:01:01,751 [LIVE] [LOG] 2025-11-28T00:01:01.364400 | GBPUSD   | SELL  | entry=1.32361 | SL=1.3242099999999999 | TF=1 | status=SL_HIT | comment=SELL hit SL at 1.32434
2025-11-28 07:04:17,926 [LIVE] [LOT] Using fixed lot: 0.8
2025-11-28 07:04:18,673 [LIVE] [LOG] 2025-11-28T00:04:17.926785 | GBPUSD   | SELL  | entry=1.3239 | SL=1.3245 | TF=1 | status=OK | comment=LiveEngineScreen
2025-11-28 07:23:27,063 [LIVE] [LOT] Using fixed lot: 0.8
2025-11-28 07:23:27,764 [LIVE] [LOG] 2025-11-28T00:23:27.063991 | GBPUSD   | BUY   | entry=1.32442 | SL=1.32375 | TF=1 | status=OK | comment=LiveEngineScreen
2025-11-28 07:23:47,916 [LIVE] [LOT] Using fixed lot: 0.8
2025-11-28 07:23:48,320 [LIVE] [LOG] 2025-11-28T00:23:47.916465 | GBPUSD   | BUY   | entry=None | SL=1.32375 | TF=1 | status=SKIPPED_MAX | comment=Max trades reached for GBPUSD
2025-11-28 07:27:21,468 [LIVE] [LOT] Using fixed lot: 0.8
2025-11-28 07:27:21,883 [LIVE] [LOG] 2025-11-28T00:27:21.468326 | GBPUSD   | SELL  | entry=None | SL=1.32462 | TF=1 | status=SKIPPED_MAX | comment=Max trades reached for GBPUSD
2025-11-28 07:27:26,926 [LIVE] [LOT] Using fixed lot: 0.8
2025-11-28 07:27:27,285 [LIVE] [LOG] 2025-11-28T00:27:26.926898 | GBPUSD   | SELL  | entry=None | SL=1.3246499999999999 | TF=1 | status=SKIPPED_MAX | comment=Max trades reached for GBPUSD
2025-11-28 07:27:32,319 [LIVE] [LOT] Using fixed lot: 0.8
2025-11-28 07:27:32,746 [LIVE] [LOG] 2025-11-28T00:27:32.319586 | GBPUSD   | SELL  | entry=None | SL=1.32463 | TF=1 | status=SKIPPED_MAX | comment=Max trades reached for GBPUSD
2025-11-28 07:27:37,818 [LIVE] [LOT] Using fixed lot: 0.8
2025-11-28 07:27:38,151 [LIVE] [LOG] 2025-11-28T00:27:37.819499 | GBPUSD   | SELL  | entry=None | SL=1.32463 | TF=1 | status=SKIPPED_MAX | comment=Max trades reached for GBPUSD
2025-11-28 07:27:43,192 [LIVE] [LOT] Using fixed lot: 0.8
2025-11-28 07:27:43,586 [LIVE] [LOG] 2025-11-28T00:27:43.192138 | GBPUSD   | SELL  | entry=None | SL=1.3246499999999999 | TF=1 | status=SKIPPED_MAX | comment=Max trades reached for GBPUSD
2025-11-28 07:27:48,634 [LIVE] [LOT] Using fixed lot: 0.8
2025-11-28 07:27:48,992 [LIVE] [LOG] 2025-11-28T00:27:48.634245 | GBPUSD   | SELL  | entry=None | SL=1.3246499999999999 | TF=1 | status=SKIPPED_MAX | comment=Max trades reached for GBPUSD
2025-11-28 07:27:54,026 [LIVE] [LOT] Using fixed lot: 0.8
2025-11-28 07:27:54,415 [LIVE] [LOG] 2025-11-28T00:27:54.026407 | GBPUSD   | SELL  | entry=None | SL=1.3246499999999999 | TF=1 | status=SKIPPED_MAX | comment=Max trades reached for GBPUSD
2025-11-28 07:27:59,452 [LIVE] [LOT] Using fixed lot: 0.8
2025-11-28 07:27:59,826 [LIVE] [LOG] 2025-11-28T00:27:59.452114 | GBPUSD   | SELL  | entry=None | SL=1.3246499999999999 | TF=1 | status=SKIPPED_MAX | comment=Max trades reached for GBPUSD
2025-11-28 07:33:04,018 [LIVE] [LOG] 2025-11-28T00:33:02.559533 | GBPUSD   | SELL  | entry=1.3239 | SL=1.32389 | TF=1 | status=TRAILING_UPDATE | comment=Moved SL to 1.32389 (Profit > 10 pips)
2025-11-28 07:33:04,018 [LIVE] BUY hit SL at 1.32379
2025-11-28 07:33:04,942 [LIVE] [LOG] 2025-11-28T00:33:04.018403 | GBPUSD   | BUY   | entry=1.32435 | SL=1.32389 | TF=1 | status=SL_HIT | comment=BUY hit SL at 1.32379
2025-11-28 07:33:10,498 [LIVE] [LOG] 2025-11-28T00:33:10.145283 | GBPUSD   | SELL  | entry=1.3239 | SL=1.32384 | TF=1 | status=TRAILING_UPDATE | comment=Moved SL to 1.32384 (Profit > 10 pips)
2025-11-28 07:34:01,851 [LIVE] [LOG] 2025-11-28T00:34:01.463075 | GBPUSD   | SELL  | entry=1.3239 | SL=1.32383 | TF=1 | status=TRAILING_UPDATE | comment=Moved SL to 1.32383 (Profit > 10 pips)
2025-11-28 08:09:19,674 [LIVE] [LOG] 2025-11-28T01:09:18.338026 | GBPUSD   | SELL  | entry=1.32396 | SL=1.32456 | status=OK
2025-11-28 08:09:26,576 [LIVE] [LOG] 2025-11-28T01:09:25.888081 | GBPUSD   | SELL  | entry=1.32396 | SL=1.32456 | status=OK
2025-11-28 08:09:33,248 [LIVE] [LOG] 2025-11-28T01:09:32.879873 | GBPUSD   | SELL  | entry=None | SL=1.32455 | status=SKIPPED_MAX
2025-11-28 08:09:38,614 [LIVE] [LOG] 2025-11-28T01:09:38.289140 | GBPUSD   | SELL  | entry=None | SL=1.32453 | status=SKIPPED_MAX
2025-11-28 08:09:44,132 [LIVE] [LOG] 2025-11-28T01:09:43.766504 | GBPUSD   | SELL  | entry=1.32396 | SL=1.32387 | status=TRAILING_UPDATE
2025-11-28 08:09:45,696 [LIVE] [LOG] 2025-11-28T01:09:45.344408 | GBPUSD   | SELL  | entry=None | SL=1.32438 | status=SKIPPED_MAX
2025-11-28 08:09:51,190 [LIVE] [LOG] 2025-11-28T01:09:50.863615 | GBPUSD   | SELL  | entry=1.32396 | SL=1.32388 | status=TRAILING_UPDATE
2025-11-28 08:09:52,836 [LIVE] [LOG] 2025-11-28T01:09:52.340821 | GBPUSD   | SELL  | entry=1.32378 | SL=1.32438 | status=OK
2025-11-28 08:09:59,489 [LIVE] [LOG] 2025-11-28T01:09:59.122452 | GBPUSD   | SELL  | entry=1.32396 | SL=1.32387 | status=TRAILING_UPDATE
2025-11-28 08:10:06,095 [LIVE] [LOG] 2025-11-28T01:10:05.772408 | GBPUSD   | SELL  | entry=1.32396 | SL=1.32384 | status=TRAILING_UPDATE
2025-11-28 08:10:37,785 [LIVE] [LOG] 2025-11-28T01:10:37.372495 | GBPUSD   | SELL  | entry=1.32378 | SL=1.32384 | status=SL_HIT
