2025-11-27 15:34:10,593 [LIVE] [LOT] Using fixed lot: 0.8
2025-11-27 15:34:15,760 [LIVE] [LOT] Using fixed lot: 0.8
2025-11-27 15:34:20,919 [LIVE] [LOT] Using fixed lot: 0.8
2025-11-27 15:34:25,946 [LIVE] [LOT] Using fixed lot: 0.8
2025-11-27 15:34:30,981 [LIVE] [LOT] Using fixed lot: 0.8
2025-11-27 15:34:35,994 [LIVE] [LOT] Using fixed lot: 0.8
2025-11-27 15:34:41,012 [LIVE] [LOT] Using fixed lot: 0.8
2025-11-27 15:34:46,032 [LIVE] [LOT] Using fixed lot: 0.8
2025-11-27 15:34:51,049 [LIVE] [LOT] Using fixed lot: 0.8
2025-11-27 15:34:56,070 [LIVE] [LOT] Using fixed lot: 0.8
2025-11-27 15:38:48,073 [LIVE] [LOT] Using fixed lot: 0.8
2025-11-27 15:38:48,185 [LIVE] [TRADE] 2025-11-27T08:38:48.073918 | EURUSD   | SELL  | entry=1.15918 | SL=1.15978 | TP=1.1585800000000002 | lot=0.8 | Ratio=1:1 | BasePip=60 | status=OK | ret=10009
2025-11-27 15:38:58,297 [LIVE] [LOT] Using fixed lot: 0.8
2025-11-27 15:38:58,426 [LIVE] [TRADE] 2025-11-27T08:38:58.297544 | EURUSD   | SELL  | entry=1.15919 | SL=1.1597899999999999 | TP=1.15859 | lot=0.8 | Ratio=1:1 | BasePip=60 | status=OK | ret=10009
2025-11-27 15:44:02,473 [LIVE] [TRAILING] SL updated to 1.15914
2025-11-27 15:44:07,948 [LIVE] [TRAILING] SL updated to 1.15909
2025-11-27 15:44:13,141 [LIVE] [TRAILING] SL updated to 1.15911
2025-11-27 15:44:18,330 [LIVE] [TRAILING] SL updated to 1.1591
2025-11-27 15:44:33,480 [LIVE] SELL hit SL at 1.1591
2025-11-27 15:57:32,997 [LIVE] [LOT] Using fixed lot: 0.8
2025-11-27 15:57:33,125 [LIVE] [TRADE] 2025-11-27T08:57:32.997132 | EURUSD   | BUY   | entry=1.1594 | SL=1.15874 | TP=1.15994 | lot=0.8 | Ratio=1:1 | BasePip=60 | status=OK | ret=10009
2025-11-27 15:57:38,175 [LIVE] [LOT] Using fixed lot: 0.8
2025-11-27 15:57:38,316 [LIVE] [TRADE] 2025-11-27T08:57:38.175296 | EURUSD   | BUY   | entry=1.15939 | SL=1.15873 | TP=1.15993 | lot=0.8 | Ratio=1:1 | BasePip=60 | status=OK | ret=10009
2025-11-27 15:57:43,362 [LIVE] [LOT] Using fixed lot: 0.8
2025-11-27 15:57:43,362 [LIVE] [TRADE] 2025-11-27T08:57:43.362127 | EURUSD   | BUY   | entry=None | SL=1.15874 | TP=1.15994 | lot=0.8 | Ratio=1:1 | BasePip=60 | status=SKIPPED_MAX | ret=None
2025-11-27 15:57:48,405 [LIVE] [LOT] Using fixed lot: 0.8
2025-11-27 15:57:48,405 [LIVE] [TRADE] 2025-11-27T08:57:48.405176 | EURUSD   | BUY   | entry=None | SL=1.15874 | TP=1.15994 | lot=0.8 | Ratio=1:1 | BasePip=60 | status=SKIPPED_MAX | ret=None
2025-11-27 15:57:53,463 [LIVE] [LOT] Using fixed lot: 0.8
2025-11-27 15:57:53,465 [LIVE] [TRADE] 2025-11-27T08:57:53.463544 | EURUSD   | BUY   | entry=None | SL=1.15875 | TP=1.1599499999999998 | lot=0.8 | Ratio=1:1 | BasePip=60 | status=SKIPPED_MAX | ret=None
2025-11-27 16:00:49,669 [LIVE] [LOT] Using fixed lot: 0.8
2025-11-27 16:00:49,671 [LIVE] [TRADE] 2025-11-27T09:00:49.669829 | EURUSD   | BUY   | entry=None | SL=1.15874 | TP=1.15994 | lot=0.8 | Ratio=1:1 | BasePip=60 | status=SKIPPED_MAX | ret=None
2025-11-27 16:00:54,706 [LIVE] [LOT] Using fixed lot: 0.8
2025-11-27 16:00:54,716 [LIVE] [TRADE] 2025-11-27T09:00:54.706247 | EURUSD   | BUY   | entry=None | SL=1.15876 | TP=1.1599599999999999 | lot=0.8 | Ratio=1:1 | BasePip=60 | status=SKIPPED_MAX | ret=None
2025-11-27 16:05:08,673 [LIVE] [LOT] Using fixed lot: 0.8
2025-11-27 16:05:08,673 [LIVE] [TRADE] 2025-11-27T09:05:08.673571 | EURUSD   | SELL  | entry=None | SL=1.15961 | TP=1.1584100000000002 | lot=0.8 | Ratio=1:1 | BasePip=60 | status=SKIPPED_MAX | ret=None
2025-11-27 16:05:13,720 [LIVE] [LOT] Using fixed lot: 0.8
2025-11-27 16:05:13,720 [LIVE] [TRADE] 2025-11-27T09:05:13.720215 | EURUSD   | SELL  | entry=None | SL=1.15963 | TP=1.15843 | lot=0.8 | Ratio=1:1 | BasePip=60 | status=SKIPPED_MAX | ret=None
2025-11-27 16:05:18,773 [LIVE] [LOT] Using fixed lot: 0.8
2025-11-27 16:05:18,775 [LIVE] [TRADE] 2025-11-27T09:05:18.773360 | EURUSD   | SELL  | entry=None | SL=1.15964 | TP=1.1584400000000001 | lot=0.8 | Ratio=1:1 | BasePip=60 | status=SKIPPED_MAX | ret=None
2025-11-27 16:05:23,818 [LIVE] [LOT] Using fixed lot: 0.8
2025-11-27 16:05:23,818 [LIVE] [TRADE] 2025-11-27T09:05:23.818906 | EURUSD   | SELL  | entry=None | SL=1.1596199999999999 | TP=1.15842 | lot=0.8 | Ratio=1:1 | BasePip=60 | status=SKIPPED_MAX | ret=None
2025-11-27 16:05:28,862 [LIVE] [LOT] Using fixed lot: 0.8
2025-11-27 16:05:28,862 [LIVE] [TRADE] 2025-11-27T09:05:28.862290 | EURUSD   | SELL  | entry=None | SL=1.1596 | TP=1.1584 | lot=0.8 | Ratio=1:1 | BasePip=60 | status=SKIPPED_MAX | ret=None
2025-11-27 16:05:33,911 [LIVE] [LOT] Using fixed lot: 0.8
2025-11-27 16:05:33,918 [LIVE] [TRADE] 2025-11-27T09:05:33.918032 | EURUSD   | SELL  | entry=None | SL=1.1596499999999998 | TP=1.15845 | lot=0.8 | Ratio=1:1 | BasePip=60 | status=SKIPPED_MAX | ret=None
2025-11-27 16:05:38,957 [LIVE] [LOT] Using fixed lot: 0.8
2025-11-27 16:05:38,957 [LIVE] [TRADE] 2025-11-27T09:05:38.957824 | EURUSD   | SELL  | entry=None | SL=1.15957 | TP=1.1583700000000001 | lot=0.8 | Ratio=1:1 | BasePip=60 | status=SKIPPED_MAX | ret=None
2025-11-27 16:05:44,009 [LIVE] [LOT] Using fixed lot: 0.8
2025-11-27 16:05:44,011 [LIVE] [TRADE] 2025-11-27T09:05:44.009680 | EURUSD   | SELL  | entry=None | SL=1.15949 | TP=1.15829 | lot=0.8 | Ratio=1:1 | BasePip=60 | status=SKIPPED_MAX | ret=None
2025-11-27 16:05:49,052 [LIVE] [LOT] Using fixed lot: 0.8
2025-11-27 16:05:49,056 [LIVE] [TRADE] 2025-11-27T09:05:49.052943 | EURUSD   | SELL  | entry=None | SL=1.1595199999999999 | TP=1.15832 | lot=0.8 | Ratio=1:1 | BasePip=60 | status=SKIPPED_MAX | ret=None
2025-11-27 16:05:54,113 [LIVE] [LOT] Using fixed lot: 0.8
2025-11-27 16:05:54,115 [LIVE] [TRADE] 2025-11-27T09:05:54.113421 | EURUSD   | SELL  | entry=None | SL=1.1595 | TP=1.1583 | lot=0.8 | Ratio=1:1 | BasePip=60 | status=SKIPPED_MAX | ret=None
2025-11-27 16:05:59,153 [LIVE] [LOT] Using fixed lot: 0.8
2025-11-27 16:05:59,153 [LIVE] [TRADE] 2025-11-27T09:05:59.153479 | EURUSD   | SELL  | entry=None | SL=1.15951 | TP=1.1583100000000002 | lot=0.8 | Ratio=1:1 | BasePip=60 | status=SKIPPED_MAX | ret=None
2025-11-27 16:06:44,444 [LIVE] BUY hit SL at 1.15873
2025-11-27 16:18:09,477 [LIVE] [LOT] Using fixed lot: 0.8
2025-11-27 16:18:09,657 [LIVE] [TRADE] 2025-11-27T09:18:09.477097 | EURUSD   | SELL  | entry=1.158 | SL=1.1585999999999999 | TP=1.1574 | lot=0.8 | Ratio=1:1 | BasePip=60 | status=OK | ret=10009
2025-11-27 16:18:25,009 [LIVE] [TRAILING] SL updated to 1.1579599999999999
2025-11-27 16:39:04,762 [LIVE] SELL hit SL at 1.15797
2025-11-27 16:50:25,198 [LIVE] [LOT] Using fixed lot: 0.8
2025-11-27 16:50:25,344 [LIVE] [TRADE] 2025-11-27T09:50:25.198937 | EURUSD   | SELL  | entry=1.15781 | SL=1.15841 | TP=1.15721 | lot=0.8 | Ratio=1:1 | BasePip=60 | status=OK | ret=10009
2025-11-27 16:50:30,398 [LIVE] [LOT] Using fixed lot: 0.8
2025-11-27 16:50:30,571 [LIVE] [TRADE] 2025-11-27T09:50:30.398052 | EURUSD   | SELL  | entry=1.1578 | SL=1.1583999999999999 | TP=1.1572 | lot=0.8 | Ratio=1:1 | BasePip=60 | status=OK | ret=10009
2025-11-27 16:50:35,628 [LIVE] [LOT] Using fixed lot: 0.8
2025-11-27 16:50:35,631 [LIVE] [TRADE] 2025-11-27T09:50:35.628866 | EURUSD   | SELL  | entry=None | SL=1.1583999999999999 | TP=1.1572 | lot=0.8 | Ratio=1:1 | BasePip=60 | status=SKIPPED_MAX | ret=None
2025-11-27 16:50:40,673 [LIVE] [LOT] Using fixed lot: 0.8
2025-11-27 16:50:40,673 [LIVE] [TRADE] 2025-11-27T09:50:40.673876 | EURUSD   | SELL  | entry=None | SL=1.15841 | TP=1.15721 | lot=0.8 | Ratio=1:1 | BasePip=60 | status=SKIPPED_MAX | ret=None
2025-11-27 16:50:45,737 [LIVE] [LOT] Using fixed lot: 0.8
2025-11-27 16:50:45,737 [LIVE] [TRADE] 2025-11-27T09:50:45.737946 | EURUSD   | SELL  | entry=None | SL=1.15841 | TP=1.15721 | lot=0.8 | Ratio=1:1 | BasePip=60 | status=SKIPPED_MAX | ret=None
2025-11-27 16:53:32,112 [LIVE] [TRAILING] SL updated to 1.15778
2025-11-27 16:53:47,373 [LIVE] [TRAILING] SL updated to 1.15776
2025-11-27 16:54:12,802 [LIVE] [TRAILING] SL updated to 1.1578
2025-11-27 16:54:17,985 [LIVE] [TRAILING] SL updated to 1.15776
2025-11-27 16:54:23,166 [LIVE] [TRAILING] SL updated to 1.15775
2025-11-27 16:54:43,425 [LIVE] [TRAILING] SL updated to 1.15774
2025-11-27 16:55:53,923 [LIVE] SELL hit SL at 1.1577600000000001
2025-11-27 17:52:03,417 [LIVE] [LOT] Using fixed lot: 0.8
2025-11-27 17:52:03,533 [LIVE] [TRADE] 2025-11-27T10:52:03.417062 | EURUSD   | SELL  | entry=1.15807 | SL=1.1586699999999999 | TP=1.15747 | lot=0.8 | Ratio=1:1 | BasePip=60 | status=OK | ret=10009
2025-11-27 17:52:08,604 [LIVE] [LOT] Using fixed lot: 0.8
2025-11-27 17:52:08,730 [LIVE] [TRADE] 2025-11-27T10:52:08.604578 | EURUSD   | SELL  | entry=1.15809 | SL=1.15869 | TP=1.1574900000000001 | lot=0.8 | Ratio=1:1 | BasePip=60 | status=OK | ret=10009
2025-11-27 17:52:13,794 [LIVE] [LOT] Using fixed lot: 0.8
2025-11-27 17:52:13,794 [LIVE] [TRADE] 2025-11-27T10:52:13.794396 | EURUSD   | SELL  | entry=None | SL=1.15869 | TP=1.1574900000000001 | lot=0.8 | Ratio=1:1 | BasePip=60 | status=SKIPPED_MAX | ret=None
2025-11-27 17:52:18,841 [LIVE] [LOT] Using fixed lot: 0.8
2025-11-27 17:52:18,841 [LIVE] [TRADE] 2025-11-27T10:52:18.841843 | EURUSD   | SELL  | entry=None | SL=1.15869 | TP=1.1574900000000001 | lot=0.8 | Ratio=1:1 | BasePip=60 | status=SKIPPED_MAX | ret=None
2025-11-27 17:52:23,881 [LIVE] [LOT] Using fixed lot: 0.8
2025-11-27 17:52:23,885 [LIVE] [TRADE] 2025-11-27T10:52:23.881646 | EURUSD   | SELL  | entry=None | SL=1.15868 | TP=1.15748 | lot=0.8 | Ratio=1:1 | BasePip=60 | status=SKIPPED_MAX | ret=None
2025-11-27 18:00:58,819 [LIVE] [LOT] Using fixed lot: 0.8
2025-11-27 18:00:58,819 [LIVE] [TRADE] 2025-11-27T11:00:58.819472 | EURUSD   | BUY   | entry=None | SL=1.15787 | TP=1.1590699999999998 | lot=0.8 | Ratio=1:1 | BasePip=60 | status=SKIPPED_MAX | ret=None
2025-11-27 18:10:32,845 [LIVE] SELL hit SL at 1.15869
2025-11-27 19:08:04,815 [LIVE] [LOT] Using fixed lot: 0.8
2025-11-27 19:08:05,003 [LIVE] [TRADE] 2025-11-27T12:08:04.815109 | EURUSD   | BUY   | entry=1.15872 | SL=1.15806 | TP=1.15926 | lot=0.8 | Ratio=1:1 | BasePip=60 | status=OK | ret=10009
2025-11-27 19:08:10,063 [LIVE] [LOT] Using fixed lot: 0.8
2025-11-27 19:08:10,217 [LIVE] [TRADE] 2025-11-27T12:08:10.063470 | EURUSD   | BUY   | entry=1.15873 | SL=1.1580700000000002 | TP=1.15927 | lot=0.8 | Ratio=1:1 | BasePip=60 | status=OK | ret=10009
2025-11-27 19:08:15,279 [LIVE] [LOT] Using fixed lot: 0.8
2025-11-27 19:08:15,279 [LIVE] [TRADE] 2025-11-27T12:08:15.279120 | EURUSD   | BUY   | entry=None | SL=1.1580700000000002 | TP=1.15927 | lot=0.8 | Ratio=1:1 | BasePip=60 | status=SKIPPED_MAX | ret=None
2025-11-27 19:08:20,333 [LIVE] [LOT] Using fixed lot: 0.8
2025-11-27 19:08:20,333 [LIVE] [TRADE] 2025-11-27T12:08:20.333310 | EURUSD   | BUY   | entry=None | SL=1.1580700000000002 | TP=1.15927 | lot=0.8 | Ratio=1:1 | BasePip=60 | status=SKIPPED_MAX | ret=None
2025-11-27 19:08:25,553 [LIVE] [LOT] Using fixed lot: 0.8
2025-11-27 19:08:25,553 [LIVE] [TRADE] 2025-11-27T12:08:25.553908 | EURUSD   | BUY   | entry=None | SL=1.1580700000000002 | TP=1.15927 | lot=0.8 | Ratio=1:1 | BasePip=60 | status=SKIPPED_MAX | ret=None
2025-11-27 19:08:30,792 [LIVE] [LOT] Using fixed lot: 0.8
2025-11-27 19:08:30,792 [LIVE] [TRADE] 2025-11-27T12:08:30.792665 | EURUSD   | BUY   | entry=None | SL=1.1580400000000002 | TP=1.15924 | lot=0.8 | Ratio=1:1 | BasePip=60 | status=SKIPPED_MAX | ret=None
2025-11-27 19:08:35,850 [LIVE] [LOT] Using fixed lot: 0.8
2025-11-27 19:08:35,850 [LIVE] [TRADE] 2025-11-27T12:08:35.850049 | EURUSD   | BUY   | entry=None | SL=1.15805 | TP=1.15925 | lot=0.8 | Ratio=1:1 | BasePip=60 | status=SKIPPED_MAX | ret=None
2025-11-27 19:08:40,914 [LIVE] [LOT] Using fixed lot: 0.8
2025-11-27 19:08:40,914 [LIVE] [TRADE] 2025-11-27T12:08:40.914165 | EURUSD   | BUY   | entry=None | SL=1.1580400000000002 | TP=1.15924 | lot=0.8 | Ratio=1:1 | BasePip=60 | status=SKIPPED_MAX | ret=None
2025-11-27 19:08:45,978 [LIVE] [LOT] Using fixed lot: 0.8
2025-11-27 19:08:45,983 [LIVE] [TRADE] 2025-11-27T12:08:45.978291 | EURUSD   | BUY   | entry=None | SL=1.1580400000000002 | TP=1.15924 | lot=0.8 | Ratio=1:1 | BasePip=60 | status=SKIPPED_MAX | ret=None
2025-11-27 19:08:51,034 [LIVE] [LOT] Using fixed lot: 0.8
2025-11-27 19:08:51,034 [LIVE] [TRADE] 2025-11-27T12:08:51.034553 | EURUSD   | BUY   | entry=None | SL=1.1580400000000002 | TP=1.15924 | lot=0.8 | Ratio=1:1 | BasePip=60 | status=SKIPPED_MAX | ret=None
2025-11-27 19:08:56,081 [LIVE] [LOT] Using fixed lot: 0.8
2025-11-27 19:08:56,091 [LIVE] [TRADE] 2025-11-27T12:08:56.081665 | EURUSD   | BUY   | entry=None | SL=1.1580400000000002 | TP=1.15924 | lot=0.8 | Ratio=1:1 | BasePip=60 | status=SKIPPED_MAX | ret=None
2025-11-27 19:24:54,435 [LIVE] [LOT] Using fixed lot: 0.8
2025-11-27 19:24:54,435 [LIVE] [TRADE] 2025-11-27T12:24:54.435346 | EURUSD   | SELL  | entry=None | SL=1.1591099999999999 | TP=1.15791 | lot=0.8 | Ratio=1:1 | BasePip=60 | status=SKIPPED_MAX | ret=None
2025-11-27 19:24:59,483 [LIVE] [LOT] Using fixed lot: 0.8
2025-11-27 19:24:59,483 [LIVE] [TRADE] 2025-11-27T12:24:59.483555 | EURUSD   | SELL  | entry=None | SL=1.15912 | TP=1.15792 | lot=0.8 | Ratio=1:1 | BasePip=60 | status=SKIPPED_MAX | ret=None
2025-11-27 19:36:55,460 [LIVE] [LOT] Using fixed lot: 0.8
2025-11-27 19:36:55,460 [LIVE] [TRADE] 2025-11-27T12:36:55.460397 | EURUSD   | BUY   | entry=None | SL=1.15822 | TP=1.15942 | lot=0.8 | Ratio=1:1 | BasePip=60 | status=SKIPPED_MAX | ret=None
2025-11-27 19:37:00,504 [LIVE] [LOT] Using fixed lot: 0.8
2025-11-27 19:37:00,504 [LIVE] [TRADE] 2025-11-27T12:37:00.504317 | EURUSD   | BUY   | entry=None | SL=1.1582000000000001 | TP=1.1594 | lot=0.8 | Ratio=1:1 | BasePip=60 | status=SKIPPED_MAX | ret=None
2025-11-27 19:37:35,888 [LIVE] [TRAILING] SL updated to 1.15875
2025-11-27 19:37:41,214 [LIVE] [TRAILING] SL updated to 1.15876
2025-11-27 19:37:56,470 [LIVE] [TRAILING] SL updated to 1.15891
2025-11-27 19:38:21,762 [LIVE] [TRAILING] SL updated to 1.15892
2025-11-27 19:39:02,177 [LIVE] [TRAILING] SL updated to 1.1588100000000001
2025-11-27 19:39:52,631 [LIVE] [TRAILING] SL updated to 1.15884
2025-11-27 19:40:27,904 [LIVE] BUY hit SL at 1.15875
2025-11-27 19:42:23,666 [LIVE] [LOT] Using fixed lot: 0.8
2025-11-27 19:42:23,801 [LIVE] [TRADE] 2025-11-27T12:42:23.666380 | EURUSD   | SELL  | entry=1.15871 | SL=1.1593099999999998 | TP=1.15811 | lot=0.8 | Ratio=1:1 | BasePip=60 | status=OK | ret=10009
2025-11-27 19:42:28,849 [LIVE] [LOT] Using fixed lot: 0.8
2025-11-27 19:42:28,982 [LIVE] [TRADE] 2025-11-27T12:42:28.849335 | EURUSD   | SELL  | entry=1.1587 | SL=1.1593 | TP=1.1581000000000001 | lot=0.8 | Ratio=1:1 | BasePip=60 | status=OK | ret=10009
2025-11-27 19:42:39,061 [LIVE] [LOT] Using fixed lot: 0.8
2025-11-27 19:42:39,061 [LIVE] [TRADE] 2025-11-27T12:42:39.061064 | EURUSD   | SELL  | entry=None | SL=1.1593099999999998 | TP=1.15811 | lot=0.8 | Ratio=1:1 | BasePip=60 | status=SKIPPED_MAX | ret=None
2025-11-27 19:42:59,208 [LIVE] [LOT] Using fixed lot: 0.8
2025-11-27 19:42:59,209 [LIVE] [TRADE] 2025-11-27T12:42:59.208697 | EURUSD   | SELL  | entry=None | SL=1.15924 | TP=1.1580400000000002 | lot=0.8 | Ratio=1:1 | BasePip=60 | status=SKIPPED_MAX | ret=None
2025-11-27 19:43:19,463 [LIVE] [TRAILING] SL updated to 1.15871
2025-11-27 19:43:24,654 [LIVE] [TRAILING] SL updated to 1.15866
2025-11-27 19:43:55,018 [LIVE] [TRAILING] SL updated to 1.15868
2025-11-27 19:44:10,263 [LIVE] [TRAILING] SL updated to 1.15866
2025-11-27 19:44:25,630 [LIVE] [TRAILING] SL updated to 1.15864
2025-11-27 19:45:31,087 [LIVE] [LOT] Using fixed lot: 0.8
2025-11-27 19:45:31,248 [LIVE] [TRADE] 2025-11-27T12:45:31.087461 | EURUSD   | SELL  | entry=1.1585 | SL=1.1591 | TP=1.1579000000000002 | lot=0.8 | Ratio=1:1 | BasePip=60 | status=OK | ret=10009
2025-11-27 19:45:36,300 [LIVE] [LOT] Using fixed lot: 0.8
2025-11-27 19:45:36,432 [LIVE] [TRADE] 2025-11-27T12:45:36.300160 | EURUSD   | SELL  | entry=1.15849 | SL=1.15909 | TP=1.15789 | lot=0.8 | Ratio=1:1 | BasePip=60 | status=OK | ret=10009
2025-11-27 19:45:41,494 [LIVE] [LOT] Using fixed lot: 0.8
2025-11-27 19:45:41,494 [LIVE] [TRADE] 2025-11-27T12:45:41.494513 | EURUSD   | SELL  | entry=None | SL=1.1590399999999998 | TP=1.15784 | lot=0.8 | Ratio=1:1 | BasePip=60 | status=SKIPPED_MAX | ret=None
2025-11-27 19:45:46,545 [LIVE] [LOT] Using fixed lot: 0.8
2025-11-27 19:45:46,545 [LIVE] [TRADE] 2025-11-27T12:45:46.545614 | EURUSD   | SELL  | entry=None | SL=1.15905 | TP=1.15785 | lot=0.8 | Ratio=1:1 | BasePip=60 | status=SKIPPED_MAX | ret=None
2025-11-27 19:45:51,588 [LIVE] [LOT] Using fixed lot: 0.8
2025-11-27 19:45:51,590 [LIVE] [TRADE] 2025-11-27T12:45:51.588060 | EURUSD   | SELL  | entry=None | SL=1.15905 | TP=1.15785 | lot=0.8 | Ratio=1:1 | BasePip=60 | status=SKIPPED_MAX | ret=None
2025-11-27 19:45:56,633 [LIVE] [LOT] Using fixed lot: 0.8
2025-11-27 19:45:56,633 [LIVE] [TRADE] 2025-11-27T12:45:56.633072 | EURUSD   | SELL  | entry=None | SL=1.15906 | TP=1.1578600000000001 | lot=0.8 | Ratio=1:1 | BasePip=60 | status=SKIPPED_MAX | ret=None
2025-11-27 19:52:14,581 [LIVE] [LOT] Using fixed lot: 0.8
2025-11-27 19:52:14,584 [LIVE] [TRADE] 2025-11-27T12:52:14.581327 | EURUSD   | SELL  | entry=None | SL=1.1590799999999999 | TP=1.15788 | lot=0.8 | Ratio=1:1 | BasePip=60 | status=SKIPPED_MAX | ret=None
2025-11-27 19:52:19,621 [LIVE] [LOT] Using fixed lot: 0.8
2025-11-27 19:52:19,621 [LIVE] [TRADE] 2025-11-27T12:52:19.621809 | EURUSD   | SELL  | entry=None | SL=1.15905 | TP=1.15785 | lot=0.8 | Ratio=1:1 | BasePip=60 | status=SKIPPED_MAX | ret=None
2025-11-27 19:52:24,808 [LIVE] [LOT] Using fixed lot: 0.8
2025-11-27 19:52:24,808 [LIVE] [TRADE] 2025-11-27T12:52:24.808527 | EURUSD   | SELL  | entry=None | SL=1.1590399999999998 | TP=1.15784 | lot=0.8 | Ratio=1:1 | BasePip=60 | status=SKIPPED_MAX | ret=None
2025-11-27 19:52:30,003 [LIVE] [LOT] Using fixed lot: 0.8
2025-11-27 19:52:30,003 [LIVE] [TRADE] 2025-11-27T12:52:30.003060 | EURUSD   | SELL  | entry=None | SL=1.15906 | TP=1.1578600000000001 | lot=0.8 | Ratio=1:1 | BasePip=60 | status=SKIPPED_MAX | ret=None
2025-11-27 19:52:35,061 [LIVE] [LOT] Using fixed lot: 0.8
2025-11-27 19:52:35,062 [LIVE] [TRADE] 2025-11-27T12:52:35.061271 | EURUSD   | SELL  | entry=None | SL=1.15906 | TP=1.1578600000000001 | lot=0.8 | Ratio=1:1 | BasePip=60 | status=SKIPPED_MAX | ret=None
2025-11-27 19:52:40,107 [LIVE] [LOT] Using fixed lot: 0.8
2025-11-27 19:52:40,107 [LIVE] [TRADE] 2025-11-27T12:52:40.107039 | EURUSD   | SELL  | entry=None | SL=1.1590799999999999 | TP=1.15788 | lot=0.8 | Ratio=1:1 | BasePip=60 | status=SKIPPED_MAX | ret=None
2025-11-27 19:52:45,152 [LIVE] [LOT] Using fixed lot: 0.8
2025-11-27 19:52:45,154 [LIVE] [TRADE] 2025-11-27T12:52:45.152744 | EURUSD   | SELL  | entry=None | SL=1.1590699999999998 | TP=1.15787 | lot=0.8 | Ratio=1:1 | BasePip=60 | status=SKIPPED_MAX | ret=None
2025-11-27 19:52:50,335 [LIVE] [TRAILING] SL updated to 1.15845
2025-11-27 19:53:10,484 [LIVE] SELL hit SL at 1.15846
2025-11-27 19:55:37,028 [LIVE] [TRAILING] SL updated to 1.15848
2025-11-27 19:55:47,243 [LIVE] [TRAILING] SL updated to 1.15844
2025-11-27 20:18:39,082 [LIVE] [LOT] Using fixed lot: 0.8
2025-11-27 20:18:39,205 [LIVE] [TRADE] 2025-11-27T13:18:39.082962 | EURUSD   | BUY   | entry=1.15906 | SL=1.1584 | TP=1.1596 | lot=0.8 | Ratio=1:1 | BasePip=60 | status=OK | ret=10009
2025-11-27 20:31:20,090 [LIVE] [TRAILING] SL updated to 1.15911
2025-11-27 20:31:25,130 [LIVE] BUY hit SL at 1.15907
2025-11-27 21:02:39,572 [LIVE] [LOT] Using fixed lot: 0.8
2025-11-27 21:02:39,717 [LIVE] [TRADE] 2025-11-27T14:02:39.572146 | EURUSD   | BUY   | entry=1.15958 | SL=1.1589200000000002 | TP=1.16012 | lot=0.8 | Ratio=1:1 | BasePip=60 | status=OK | ret=10009
2025-11-27 21:02:44,772 [LIVE] [LOT] Using fixed lot: 0.8
2025-11-27 21:02:44,900 [LIVE] [TRADE] 2025-11-27T14:02:44.772866 | EURUSD   | BUY   | entry=1.15958 | SL=1.1589200000000002 | TP=1.16012 | lot=0.8 | Ratio=1:1 | BasePip=60 | status=OK | ret=10009
2025-11-27 21:34:46,824 [LIVE] [LOT] Using fixed lot: 0.8
2025-11-27 21:34:46,840 [LIVE] [TRADE] 2025-11-27T14:34:46.824680 | EURUSD   | BUY   | entry=None | SL=1.15869 | TP=1.1598899999999999 | lot=0.8 | Ratio=1:1 | BasePip=60 | status=SKIPPED_MAX | ret=None
2025-11-27 21:34:51,884 [LIVE] [LOT] Using fixed lot: 0.8
2025-11-27 21:34:51,884 [LIVE] [TRADE] 2025-11-27T14:34:51.884572 | EURUSD   | BUY   | entry=None | SL=1.1586800000000002 | TP=1.15988 | lot=0.8 | Ratio=1:1 | BasePip=60 | status=SKIPPED_MAX | ret=None
2025-11-27 21:34:56,927 [LIVE] [LOT] Using fixed lot: 0.8
2025-11-27 21:34:56,930 [LIVE] [TRADE] 2025-11-27T14:34:56.927777 | EURUSD   | BUY   | entry=None | SL=1.1586800000000002 | TP=1.15988 | lot=0.8 | Ratio=1:1 | BasePip=60 | status=SKIPPED_MAX | ret=None
2025-11-27 21:46:15,161 [LIVE] [LOT] Using fixed lot: 0.8
2025-11-27 21:46:15,161 [LIVE] [TRADE] 2025-11-27T14:46:15.161706 | EURUSD   | BUY   | entry=None | SL=1.15879 | TP=1.1599899999999999 | lot=0.8 | Ratio=1:1 | BasePip=60 | status=SKIPPED_MAX | ret=None
2025-11-27 21:46:20,209 [LIVE] [LOT] Using fixed lot: 0.8
2025-11-27 21:46:20,209 [LIVE] [TRADE] 2025-11-27T14:46:20.209248 | EURUSD   | BUY   | entry=None | SL=1.15876 | TP=1.1599599999999999 | lot=0.8 | Ratio=1:1 | BasePip=60 | status=SKIPPED_MAX | ret=None
2025-11-27 21:46:25,250 [LIVE] [LOT] Using fixed lot: 0.8
2025-11-27 21:46:25,262 [LIVE] [TRADE] 2025-11-27T14:46:25.250376 | EURUSD   | BUY   | entry=None | SL=1.15875 | TP=1.1599499999999998 | lot=0.8 | Ratio=1:1 | BasePip=60 | status=SKIPPED_MAX | ret=None
2025-11-27 21:46:30,316 [LIVE] [LOT] Using fixed lot: 0.8
2025-11-27 21:46:30,316 [LIVE] [TRADE] 2025-11-27T14:46:30.316454 | EURUSD   | BUY   | entry=None | SL=1.15877 | TP=1.15997 | lot=0.8 | Ratio=1:1 | BasePip=60 | status=SKIPPED_MAX | ret=None
2025-11-27 21:46:35,554 [LIVE] [LOT] Using fixed lot: 0.8
2025-11-27 21:46:35,554 [LIVE] [TRADE] 2025-11-27T14:46:35.554376 | EURUSD   | BUY   | entry=None | SL=1.15879 | TP=1.1599899999999999 | lot=0.8 | Ratio=1:1 | BasePip=60 | status=SKIPPED_MAX | ret=None
2025-11-27 21:46:40,603 [LIVE] [LOT] Using fixed lot: 0.8
2025-11-27 21:46:40,603 [LIVE] [TRADE] 2025-11-27T14:46:40.603031 | EURUSD   | BUY   | entry=None | SL=1.1588 | TP=1.16 | lot=0.8 | Ratio=1:1 | BasePip=60 | status=SKIPPED_MAX | ret=None
2025-11-27 21:46:45,814 [LIVE] [LOT] Using fixed lot: 0.8
2025-11-27 21:46:45,831 [LIVE] [TRADE] 2025-11-27T14:46:45.814988 | EURUSD   | BUY   | entry=None | SL=1.1588 | TP=1.16 | lot=0.8 | Ratio=1:1 | BasePip=60 | status=SKIPPED_MAX | ret=None
2025-11-27 21:46:51,047 [LIVE] [LOT] Using fixed lot: 0.8
2025-11-27 21:46:51,047 [LIVE] [TRADE] 2025-11-27T14:46:51.047196 | EURUSD   | BUY   | entry=None | SL=1.1587800000000001 | TP=1.15998 | lot=0.8 | Ratio=1:1 | BasePip=60 | status=SKIPPED_MAX | ret=None
2025-11-27 21:46:56,270 [LIVE] [LOT] Using fixed lot: 0.8
2025-11-27 21:46:56,270 [LIVE] [TRADE] 2025-11-27T14:46:56.270443 | EURUSD   | BUY   | entry=None | SL=1.15876 | TP=1.1599599999999999 | lot=0.8 | Ratio=1:1 | BasePip=60 | status=SKIPPED_MAX | ret=None
2025-11-27 21:49:17,657 [LIVE] [TRAILING] SL updated to 1.15959
2025-11-27 21:50:18,330 [LIVE] [TRAILING] SL updated to 1.15961
2025-11-27 21:50:28,543 [LIVE] [TRAILING] SL updated to 1.15962
2025-11-27 21:52:44,619 [LIVE] BUY hit SL at 1.15949
2025-11-27 23:03:21,536 [LIVE] [LOT] Using fixed lot: 0.8
2025-11-27 23:03:22,824 [LIVE] [TRADE] 2025-11-27T16:03:21.536464 | EURUSD   | BUY   | entry=1.15943 | SL=1.15877 | TP=1.15997 | lot=0.8 | Ratio=1:1 | BasePip=60 | status=OK | ret=10009
2025-11-27 23:03:58,076 [LIVE] [LOT] Using fixed lot: 0.8
2025-11-27 23:03:58,591 [LIVE] [TRADE] 2025-11-27T16:03:58.076145 | EURUSD   | BUY   | entry=1.15941 | SL=1.15875 | TP=1.1599499999999998 | lot=0.8 | Ratio=1:1 | BasePip=60 | status=OK | ret=10009
2025-11-27 23:06:29,547 [LIVE] [LOT] Using fixed lot: 0.8
2025-11-27 23:06:30,049 [LIVE] [LOG] 2025-11-27T16:06:29.547755 | EURUSD   | BUY   | entry=1.15942 | SL=1.15876 | TF=1 | status=OK | comment=LiveEngineScreen
2025-11-27 23:06:35,577 [LIVE] [LOT] Using fixed lot: 0.8
2025-11-27 23:06:36,097 [LIVE] [LOG] 2025-11-27T16:06:35.577369 | EURUSD   | BUY   | entry=1.15941 | SL=1.15875 | TF=1 | status=OK | comment=LiveEngineScreen
2025-11-27 23:06:41,146 [LIVE] [LOT] Using fixed lot: 0.8
2025-11-27 23:06:41,481 [LIVE] [LOG] 2025-11-27T16:06:41.146380 | EURUSD   | BUY   | entry=None | SL=1.15875 | TF=1 | status=SKIPPED_MAX | comment=Max trades reached for EURUSD
2025-11-27 23:10:04,082 [LIVE] [LOG] 2025-11-27T16:10:03.742911 | EURUSD   | BUY   | entry=1.1594200000000001 | SL=1.15944 | TF=1 | status=TRAILING_UPDATE | comment=Moved SL to 1.15944 (Profit > 10 pips)
2025-11-27 23:10:19,549 [LIVE] BUY hit SL at 1.15944
2025-11-27 23:10:19,986 [LIVE] [LOG] 2025-11-27T16:10:19.543442 | EURUSD   | BUY   | entry=1.1593499999999999 | SL=1.15944 | TF=1 | status=SL_HIT | comment=BUY hit SL at 1.15944
2025-11-27 23:10:55,738 [LIVE] [LOG] 2025-11-27T16:10:55.327643 | EURUSD   | BUY   | entry=1.15941 | SL=1.1594200000000001 | TF=1 | status=TRAILING_UPDATE | comment=Moved SL to 1.1594200000000001 (Profit > 10 pips)
2025-11-27 23:11:01,238 [LIVE] [LOG] 2025-11-27T16:11:00.873013 | EURUSD   | BUY   | entry=1.15941 | SL=1.15943 | TF=1 | status=TRAILING_UPDATE | comment=Moved SL to 1.15943 (Profit > 10 pips)
2025-11-27 23:11:21,881 [LIVE] [LOG] 2025-11-27T16:11:21.496313 | EURUSD   | BUY   | entry=1.15941 | SL=1.15946 | TF=1 | status=TRAILING_UPDATE | comment=Moved SL to 1.15946 (Profit > 10 pips)
2025-11-27 23:11:27,451 [LIVE] [LOG] 2025-11-27T16:11:27.100843 | EURUSD   | BUY   | entry=1.15941 | SL=1.15948 | TF=1 | status=TRAILING_UPDATE | comment=Moved SL to 1.15948 (Profit > 10 pips)
2025-11-27 23:12:58,693 [LIVE] [LOG] 2025-11-27T16:12:58.140392 | EURUSD   | BUY   | entry=1.15941 | SL=1.15951 | TF=1 | status=TRAILING_UPDATE | comment=Moved SL to 1.15951 (Profit > 10 pips)
2025-11-27 23:13:59,751 [LIVE] [LOG] 2025-11-27T16:13:59.321987 | EURUSD   | BUY   | entry=1.15941 | SL=1.15953 | TF=1 | status=TRAILING_UPDATE | comment=Moved SL to 1.15953 (Profit > 10 pips)
2025-11-27 23:14:15,436 [LIVE] [LOG] 2025-11-27T16:14:15.027056 | EURUSD   | BUY   | entry=1.15941 | SL=1.15959 | TF=1 | status=TRAILING_UPDATE | comment=Moved SL to 1.15959 (Profit > 10 pips)
2025-11-27 23:14:20,985 [LIVE] [LOG] 2025-11-27T16:14:20.611547 | EURUSD   | BUY   | entry=1.15941 | SL=1.15962 | TF=1 | status=TRAILING_UPDATE | comment=Moved SL to 1.15962 (Profit > 10 pips)
2025-11-27 23:14:31,688 [LIVE] [LOG] 2025-11-27T16:14:31.180543 | EURUSD   | BUY   | entry=1.15941 | SL=1.15966 | TF=1 | status=TRAILING_UPDATE | comment=Moved SL to 1.15966 (Profit > 10 pips)
2025-11-27 23:25:23,510 [LIVE] [LOT] Using fixed lot: 0.8
2025-11-27 23:25:24,042 [LIVE] [LOG] 2025-11-27T16:25:23.510667 | EURUSD   | BUY   | entry=1.15992 | SL=1.1592600000000002 | TF=1 | status=OK | comment=LiveEngineScreen
2025-11-27 23:25:29,075 [LIVE] [LOT] Using fixed lot: 0.8
2025-11-27 23:25:29,552 [LIVE] [LOG] 2025-11-27T16:25:29.077835 | EURUSD   | BUY   | entry=1.15994 | SL=1.15928 | TF=1 | status=OK | comment=LiveEngineScreen
2025-11-27 23:25:35,072 [LIVE] [LOT] Using fixed lot: 0.8
2025-11-27 23:25:35,599 [LIVE] [LOG] 2025-11-27T16:25:35.072601 | EURUSD   | BUY   | entry=None | SL=1.15928 | TF=1 | status=SKIPPED_MAX | comment=Max trades reached for EURUSD
2025-11-27 23:25:41,276 [LIVE] [LOT] Using fixed lot: 0.8
2025-11-27 23:25:41,614 [LIVE] [LOG] 2025-11-27T16:25:41.276709 | EURUSD   | BUY   | entry=None | SL=1.15927 | TF=1 | status=SKIPPED_MAX | comment=Max trades reached for EURUSD
2025-11-27 23:25:47,164 [LIVE] [LOT] Using fixed lot: 0.8
2025-11-27 23:25:47,493 [LIVE] [LOG] 2025-11-27T16:25:47.164416 | EURUSD   | BUY   | entry=None | SL=1.15927 | TF=1 | status=SKIPPED_MAX | comment=Max trades reached for EURUSD
2025-11-27 23:25:53,011 [LIVE] [LOT] Using fixed lot: 0.8
2025-11-27 23:25:53,365 [LIVE] [LOG] 2025-11-27T16:25:53.011557 | EURUSD   | BUY   | entry=None | SL=1.15927 | TF=1 | status=SKIPPED_MAX | comment=Max trades reached for EURUSD
2025-11-27 23:25:58,412 [LIVE] [LOT] Using fixed lot: 0.8
2025-11-27 23:25:58,813 [LIVE] [LOG] 2025-11-27T16:25:58.414168 | EURUSD   | BUY   | entry=None | SL=1.15927 | TF=1 | status=SKIPPED_MAX | comment=Max trades reached for EURUSD
2025-11-27 23:52:31,815 [LIVE] [LOT] Using fixed lot: 0.8
2025-11-27 23:52:32,203 [LIVE] [LOG] 2025-11-27T16:52:31.815839 | EURUSD   | BUY   | entry=None | SL=1.1591500000000001 | TF=1 | status=SKIPPED_MAX | comment=Max trades reached for EURUSD
2025-11-27 23:52:37,228 [LIVE] [LOT] Using fixed lot: 0.8
2025-11-27 23:52:37,578 [LIVE] [LOG] 2025-11-27T16:52:37.228419 | EURUSD   | BUY   | entry=None | SL=1.1591500000000001 | TF=1 | status=SKIPPED_MAX | comment=Max trades reached for EURUSD
2025-11-27 23:52:47,635 [LIVE] [LOT] Using fixed lot: 0.8
2025-11-27 23:52:48,010 [LIVE] [LOG] 2025-11-27T16:52:47.635350 | EURUSD   | BUY   | entry=None | SL=1.1591500000000001 | TF=1 | status=SKIPPED_MAX | comment=Max trades reached for EURUSD
2025-11-27 23:52:53,039 [LIVE] [LOT] Using fixed lot: 0.8
2025-11-27 23:52:53,383 [LIVE] [LOG] 2025-11-27T16:52:53.039430 | EURUSD   | BUY   | entry=None | SL=1.1591500000000001 | TF=1 | status=SKIPPED_MAX | comment=Max trades reached for EURUSD
2025-11-27 23:57:18,196 [LIVE] [LOT] Using fixed lot: 0.8
2025-11-27 23:57:18,574 [LIVE] [LOG] 2025-11-27T16:57:18.196179 | EURUSD   | SELL  | entry=None | SL=1.16024 | TF=1 | status=SKIPPED_MAX | comment=Max trades reached for EURUSD
2025-11-27 23:57:23,593 [LIVE] [LOT] Using fixed lot: 0.8
2025-11-27 23:57:23,946 [LIVE] [LOG] 2025-11-27T16:57:23.593438 | EURUSD   | SELL  | entry=None | SL=1.16025 | TF=1 | status=SKIPPED_MAX | comment=Max trades reached for EURUSD
2025-11-27 23:57:28,993 [LIVE] [LOT] Using fixed lot: 0.8
2025-11-27 23:57:29,376 [LIVE] [LOG] 2025-11-27T16:57:28.993401 | EURUSD   | SELL  | entry=None | SL=1.16025 | TF=1 | status=SKIPPED_MAX | comment=Max trades reached for EURUSD
2025-11-27 23:57:34,898 [LIVE] [LOT] Using fixed lot: 0.8
2025-11-27 23:57:35,243 [LIVE] [LOG] 2025-11-27T16:57:34.898055 | EURUSD   | SELL  | entry=None | SL=1.1602999999999999 | TF=1 | status=SKIPPED_MAX | comment=Max trades reached for EURUSD
2025-11-28 00:01:12,580 [LIVE] [LOG] 2025-11-27T17:01:11.776284 | EURUSD   | BUY   | entry=1.15992 | SL=1.16001 | TF=1 | status=TRAILING_UPDATE | comment=Moved SL to 1.16001 (Profit > 10 pips)
2025-11-28 00:01:53,890 [LIVE] BUY hit SL at 1.16001
2025-11-28 00:01:54,275 [LIVE] [LOG] 2025-11-27T17:01:53.886284 | EURUSD   | BUY   | entry=1.15988 | SL=1.16001 | TF=1 | status=SL_HIT | comment=BUY hit SL at 1.16001
2025-11-28 00:06:34,879 [LIVE] [LOT] Using fixed lot: 0.8
2025-11-28 00:06:35,361 [LIVE] [LOG] 2025-11-27T17:06:34.879948 | EURUSD   | SELL  | entry=1.1595900000000001 | SL=1.16019 | TF=1 | status=OK | comment=LiveEngineScreen
2025-11-28 00:06:45,909 [LIVE] [LOT] Using fixed lot: 0.8
2025-11-28 00:06:46,275 [LIVE] [LOG] 2025-11-27T17:06:45.909204 | EURUSD   | SELL  | entry=None | SL=1.16019 | TF=1 | status=SKIPPED_MAX | comment=Max trades reached for EURUSD
2025-11-28 00:06:51,310 [LIVE] [LOT] Using fixed lot: 0.8
2025-11-28 00:06:51,734 [LIVE] [LOG] 2025-11-27T17:06:51.310190 | EURUSD   | SELL  | entry=None | SL=1.16019 | TF=1 | status=SKIPPED_MAX | comment=Max trades reached for EURUSD
2025-11-28 00:06:56,774 [LIVE] [LOT] Using fixed lot: 0.8
2025-11-28 00:06:57,108 [LIVE] [LOG] 2025-11-27T17:06:56.774415 | EURUSD   | SELL  | entry=None | SL=1.16019 | TF=1 | status=SKIPPED_MAX | comment=Max trades reached for EURUSD
2025-11-28 00:20:32,715 [LIVE] [LOG] 2025-11-27T17:20:31.667257 | EURUSD   | SELL  | entry=1.1595900000000001 | SL=1.15939 | TF=1 | status=TRAILING_UPDATE | comment=Moved SL to 1.15939 (Profit > 10 pips)
2025-11-28 00:28:46,791 [LIVE] SELL hit SL at 1.15941
2025-11-28 00:28:47,486 [LIVE] [LOG] 2025-11-27T17:28:46.791867 | EURUSD   | SELL  | entry=1.1595900000000001 | SL=1.15939 | TF=1 | status=SL_HIT | comment=SELL hit SL at 1.15941
2025-11-28 00:30:48,199 [LIVE] [LOT] Using fixed lot: 0.8
2025-11-28 00:30:49,708 [LIVE] [LOG] 2025-11-27T17:30:48.199405 | EURUSD   | BUY   | entry=1.15952 | SL=1.15886 | TF=1 | status=OK | comment=LiveEngineScreen
2025-11-28 00:41:28,440 [LIVE] [LOT] Using fixed lot: 0.8
2025-11-28 00:41:30,319 [LIVE] [LOG] 2025-11-27T17:41:28.440827 | EURUSD   | SELL  | entry=1.1592 | SL=1.1598 | TF=1 | status=OK | comment=LiveEngineScreen
2025-11-28 00:41:35,335 [LIVE] [LOT] Using fixed lot: 0.8
2025-11-28 00:41:35,703 [LIVE] [LOG] 2025-11-27T17:41:35.335170 | EURUSD   | SELL  | entry=None | SL=1.15981 | TF=1 | status=SKIPPED_MAX | comment=Max trades reached for EURUSD
2025-11-28 00:41:40,736 [LIVE] [LOT] Using fixed lot: 0.8
2025-11-28 00:41:41,131 [LIVE] [LOG] 2025-11-27T17:41:40.736293 | EURUSD   | SELL  | entry=None | SL=1.1598 | TF=1 | status=SKIPPED_MAX | comment=Max trades reached for EURUSD
2025-11-28 00:41:46,168 [LIVE] [LOT] Using fixed lot: 0.8
2025-11-28 00:41:46,526 [LIVE] [LOG] 2025-11-27T17:41:46.168587 | EURUSD   | SELL  | entry=None | SL=1.1598 | TF=1 | status=SKIPPED_MAX | comment=Max trades reached for EURUSD
2025-11-28 00:41:51,573 [LIVE] [LOT] Using fixed lot: 0.8
2025-11-28 00:41:52,540 [LIVE] [LOG] 2025-11-27T17:41:51.573276 | EURUSD   | SELL  | entry=None | SL=1.1598 | TF=1 | status=SKIPPED_MAX | comment=Max trades reached for EURUSD
2025-11-28 00:41:57,588 [LIVE] [LOT] Using fixed lot: 0.8
2025-11-28 00:41:58,435 [LIVE] [LOG] 2025-11-27T17:41:57.588759 | EURUSD   | SELL  | entry=None | SL=1.1598 | TF=1 | status=SKIPPED_MAX | comment=Max trades reached for EURUSD
2025-11-28 01:35:19,833 [LIVE] [LOT] Using fixed lot: 0.8
2025-11-28 01:35:20,757 [LIVE] [LOG] 2025-11-27T18:35:19.833588 | EURUSD   | BUY   | entry=None | SL=1.15883 | TF=1 | status=SKIPPED_MAX | comment=Max trades reached for EURUSD
2025-11-28 01:35:25,795 [LIVE] [LOT] Using fixed lot: 0.8
2025-11-28 01:35:26,163 [LIVE] [LOG] 2025-11-27T18:35:25.795591 | EURUSD   | BUY   | entry=None | SL=1.15884 | TF=1 | status=SKIPPED_MAX | comment=Max trades reached for EURUSD
2025-11-28 01:35:31,190 [LIVE] [LOT] Using fixed lot: 0.8
2025-11-28 01:35:31,614 [LIVE] [LOG] 2025-11-27T18:35:31.190748 | EURUSD   | BUY   | entry=None | SL=1.15884 | TF=1 | status=SKIPPED_MAX | comment=Max trades reached for EURUSD
2025-11-28 01:35:36,637 [LIVE] [LOT] Using fixed lot: 0.8
2025-11-28 01:35:37,033 [LIVE] [LOG] 2025-11-27T18:35:36.637611 | EURUSD   | BUY   | entry=None | SL=1.15884 | TF=1 | status=SKIPPED_MAX | comment=Max trades reached for EURUSD
2025-11-28 01:35:42,079 [LIVE] [LOT] Using fixed lot: 0.8
2025-11-28 01:35:42,462 [LIVE] [LOG] 2025-11-27T18:35:42.079278 | EURUSD   | BUY   | entry=None | SL=1.15884 | TF=1 | status=SKIPPED_MAX | comment=Max trades reached for EURUSD
2025-11-28 01:43:38,954 [LIVE] [LOT] Using fixed lot: 0.8
2025-11-28 01:43:39,366 [LIVE] [LOG] 2025-11-27T18:43:38.954006 | EURUSD   | SELL  | entry=None | SL=1.15997 | TF=1 | status=SKIPPED_MAX | comment=Max trades reached for EURUSD
2025-11-28 01:43:44,402 [LIVE] [LOT] Using fixed lot: 0.8
2025-11-28 01:43:44,753 [LIVE] [LOG] 2025-11-27T18:43:44.402466 | EURUSD   | SELL  | entry=None | SL=1.16 | TF=1 | status=SKIPPED_MAX | comment=Max trades reached for EURUSD
2025-11-28 01:43:50,156 [LIVE] [LOT] Using fixed lot: 0.8
2025-11-28 01:43:50,542 [LIVE] [LOG] 2025-11-27T18:43:50.156728 | EURUSD   | SELL  | entry=None | SL=1.1599899999999999 | TF=1 | status=SKIPPED_MAX | comment=Max trades reached for EURUSD
2025-11-28 01:43:55,914 [LIVE] [LOT] Using fixed lot: 0.8
2025-11-28 01:43:56,265 [LIVE] [LOG] 2025-11-27T18:43:55.914573 | EURUSD   | SELL  | entry=None | SL=1.16 | TF=1 | status=SKIPPED_MAX | comment=Max trades reached for EURUSD
2025-11-28 01:44:36,947 [LIVE] [LOT] Using fixed lot: 0.8
2025-11-28 01:44:37,522 [LIVE] [LOG] 2025-11-27T18:44:36.947194 | EURUSD   | SELL  | entry=None | SL=1.15993 | TF=1 | status=SKIPPED_MAX | comment=Max trades reached for EURUSD
2025-11-28 02:09:28,974 [LIVE] [LOT] Using fixed lot: 0.8
2025-11-28 02:09:29,936 [LIVE] [LOG] 2025-11-27T19:09:28.974243 | EURUSD   | BUY   | entry=None | SL=1.15876 | TF=1 | status=SKIPPED_MAX | comment=Max trades reached for EURUSD
2025-11-28 02:09:34,965 [LIVE] [LOT] Using fixed lot: 0.8
2025-11-28 02:09:35,353 [LIVE] [LOG] 2025-11-27T19:09:34.965497 | EURUSD   | BUY   | entry=None | SL=1.15875 | TF=1 | status=SKIPPED_MAX | comment=Max trades reached for EURUSD
2025-11-28 02:09:40,389 [LIVE] [LOT] Using fixed lot: 0.8
2025-11-28 02:09:40,894 [LIVE] [LOG] 2025-11-27T19:09:40.389900 | EURUSD   | BUY   | entry=None | SL=1.15875 | TF=1 | status=SKIPPED_MAX | comment=Max trades reached for EURUSD
2025-11-28 02:09:45,948 [LIVE] [LOT] Using fixed lot: 0.8
2025-11-28 02:09:46,343 [LIVE] [LOG] 2025-11-27T19:09:45.948744 | EURUSD   | BUY   | entry=None | SL=1.15875 | TF=1 | status=SKIPPED_MAX | comment=Max trades reached for EURUSD
2025-11-28 02:09:51,384 [LIVE] [LOT] Using fixed lot: 0.8
2025-11-28 02:09:51,994 [LIVE] [LOG] 2025-11-27T19:09:51.384589 | EURUSD   | BUY   | entry=None | SL=1.15875 | TF=1 | status=SKIPPED_MAX | comment=Max trades reached for EURUSD
2025-11-28 03:26:35,403 [LIVE] [LOT] Using fixed lot: 0.8
2025-11-28 03:26:35,862 [LIVE] [LOG] 2025-11-27T20:26:35.403166 | EURUSD   | SELL  | entry=None | SL=1.1600599999999999 | TF=1 | status=SKIPPED_MAX | comment=Max trades reached for EURUSD
2025-11-28 03:26:40,909 [LIVE] [LOT] Using fixed lot: 0.8
2025-11-28 03:26:41,357 [LIVE] [LOG] 2025-11-27T20:26:40.909356 | EURUSD   | SELL  | entry=None | SL=1.1600599999999999 | TF=1 | status=SKIPPED_MAX | comment=Max trades reached for EURUSD
2025-11-28 03:26:46,400 [LIVE] [LOT] Using fixed lot: 0.8
2025-11-28 03:26:46,768 [LIVE] [LOG] 2025-11-27T20:26:46.400498 | EURUSD   | SELL  | entry=None | SL=1.16005 | TF=1 | status=SKIPPED_MAX | comment=Max trades reached for EURUSD
2025-11-28 03:26:51,808 [LIVE] [LOT] Using fixed lot: 0.8
2025-11-28 03:26:52,151 [LIVE] [LOG] 2025-11-27T20:26:51.808426 | EURUSD   | SELL  | entry=None | SL=1.16005 | TF=1 | status=SKIPPED_MAX | comment=Max trades reached for EURUSD
2025-11-28 03:26:57,191 [LIVE] [LOT] Using fixed lot: 0.8
2025-11-28 03:26:57,556 [LIVE] [LOG] 2025-11-27T20:26:57.191937 | EURUSD   | SELL  | entry=None | SL=1.16005 | TF=1 | status=SKIPPED_MAX | comment=Max trades reached for EURUSD
2025-11-28 03:41:35,562 [LIVE] [LOT] Using fixed lot: 0.8
2025-11-28 03:41:36,618 [LIVE] [LOG] 2025-11-27T20:41:35.562409 | EURUSD   | SELL  | entry=None | SL=1.16015 | TF=1 | status=SKIPPED_MAX | comment=Max trades reached for EURUSD
2025-11-28 03:41:41,658 [LIVE] [LOT] Using fixed lot: 0.8
2025-11-28 03:41:41,997 [LIVE] [LOG] 2025-11-27T20:41:41.658468 | EURUSD   | SELL  | entry=None | SL=1.16014 | TF=1 | status=SKIPPED_MAX | comment=Max trades reached for EURUSD
2025-11-28 03:41:47,046 [LIVE] [LOT] Using fixed lot: 0.8
2025-11-28 03:41:47,400 [LIVE] [LOG] 2025-11-27T20:41:47.046407 | EURUSD   | SELL  | entry=None | SL=1.16015 | TF=1 | status=SKIPPED_MAX | comment=Max trades reached for EURUSD
2025-11-28 03:41:52,437 [LIVE] [LOT] Using fixed lot: 0.8
2025-11-28 03:41:53,181 [LIVE] [LOG] 2025-11-27T20:41:52.437267 | EURUSD   | SELL  | entry=None | SL=1.16015 | TF=1 | status=SKIPPED_MAX | comment=Max trades reached for EURUSD
2025-11-28 03:41:58,203 [LIVE] [LOT] Using fixed lot: 0.8
2025-11-28 03:41:58,812 [LIVE] [LOG] 2025-11-27T20:41:58.203543 | EURUSD   | SELL  | entry=None | SL=1.16015 | TF=1 | status=SKIPPED_MAX | comment=Max trades reached for EURUSD
2025-11-28 03:42:03,850 [LIVE] [LOT] Using fixed lot: 0.8
2025-11-28 03:42:04,221 [LIVE] [LOG] 2025-11-27T20:42:03.850766 | EURUSD   | SELL  | entry=None | SL=1.16015 | TF=1 | status=SKIPPED_MAX | comment=Max trades reached for EURUSD
2025-11-28 03:43:24,710 [LIVE] [LOT] Using fixed lot: 0.8
2025-11-28 03:43:25,138 [LIVE] [LOG] 2025-11-27T20:43:24.710527 | EURUSD   | SELL  | entry=None | SL=1.16011 | TF=1 | status=SKIPPED_MAX | comment=Max trades reached for EURUSD
2025-11-28 03:46:16,179 [LIVE] [LOT] Using fixed lot: 0.8
2025-11-28 03:46:16,560 [LIVE] [LOG] 2025-11-27T20:46:16.179095 | EURUSD   | SELL  | entry=None | SL=1.16012 | TF=1 | status=SKIPPED_MAX | comment=Max trades reached for EURUSD
2025-11-28 03:46:21,593 [LIVE] [LOT] Using fixed lot: 0.8
2025-11-28 03:46:21,950 [LIVE] [LOG] 2025-11-27T20:46:21.593254 | EURUSD   | SELL  | entry=None | SL=1.1601299999999999 | TF=1 | status=SKIPPED_MAX | comment=Max trades reached for EURUSD
2025-11-28 03:46:26,999 [LIVE] [LOT] Using fixed lot: 0.8
2025-11-28 03:46:27,382 [LIVE] [LOG] 2025-11-27T20:46:26.999844 | EURUSD   | SELL  | entry=None | SL=1.16012 | TF=1 | status=SKIPPED_MAX | comment=Max trades reached for EURUSD
2025-11-28 03:46:32,416 [LIVE] [LOT] Using fixed lot: 0.8
2025-11-28 03:46:32,742 [LIVE] [LOG] 2025-11-27T20:46:32.416875 | EURUSD   | SELL  | entry=None | SL=1.1601299999999999 | TF=1 | status=SKIPPED_MAX | comment=Max trades reached for EURUSD
2025-11-28 03:46:37,791 [LIVE] [LOT] Using fixed lot: 0.8
2025-11-28 03:46:38,434 [LIVE] [LOG] 2025-11-27T20:46:37.793006 | EURUSD   | SELL  | entry=None | SL=1.1601299999999999 | TF=1 | status=SKIPPED_MAX | comment=Max trades reached for EURUSD
2025-11-28 03:46:43,480 [LIVE] [LOT] Using fixed lot: 0.8
2025-11-28 03:46:43,823 [LIVE] [LOG] 2025-11-27T20:46:43.480704 | EURUSD   | SELL  | entry=None | SL=1.1601299999999999 | TF=1 | status=SKIPPED_MAX | comment=Max trades reached for EURUSD
2025-11-28 03:46:48,859 [LIVE] [LOT] Using fixed lot: 0.8
2025-11-28 03:46:49,230 [LIVE] [LOG] 2025-11-27T20:46:48.859196 | EURUSD   | SELL  | entry=None | SL=1.1601299999999999 | TF=1 | status=SKIPPED_MAX | comment=Max trades reached for EURUSD
2025-11-28 04:00:03,744 [LIVE] [LOT] Using fixed lot: 0.8
2025-11-28 04:00:04,800 [LIVE] [LOG] 2025-11-27T21:00:03.744739 | EURUSD   | BUY   | entry=None | SL=1.15896 | TF=1 | status=SKIPPED_MAX | comment=Max trades reached for EURUSD
2025-11-28 04:00:10,920 [LIVE] [LOT] Using fixed lot: 0.8
2025-11-28 04:00:11,254 [LIVE] [LOG] 2025-11-27T21:00:10.920194 | EURUSD   | BUY   | entry=None | SL=1.15896 | TF=1 | status=SKIPPED_MAX | comment=Max trades reached for EURUSD
2025-11-28 04:00:16,705 [LIVE] [LOT] Using fixed lot: 0.8
2025-11-28 04:00:17,092 [LIVE] [LOG] 2025-11-27T21:00:16.705362 | EURUSD   | BUY   | entry=None | SL=1.15896 | TF=1 | status=SKIPPED_MAX | comment=Max trades reached for EURUSD
2025-11-28 04:00:22,494 [LIVE] [LOT] Using fixed lot: 0.8
2025-11-28 04:00:22,842 [LIVE] [LOG] 2025-11-27T21:00:22.494070 | EURUSD   | BUY   | entry=None | SL=1.1589900000000002 | TF=1 | status=SKIPPED_MAX | comment=Max trades reached for EURUSD
2025-11-28 04:00:28,209 [LIVE] [LOT] Using fixed lot: 0.8
2025-11-28 04:00:28,574 [LIVE] [LOG] 2025-11-27T21:00:28.209939 | EURUSD   | BUY   | entry=None | SL=1.1589800000000001 | TF=1 | status=SKIPPED_MAX | comment=Max trades reached for EURUSD
2025-11-28 04:00:34,033 [LIVE] [LOT] Using fixed lot: 0.8
2025-11-28 04:00:34,372 [LIVE] [LOG] 2025-11-27T21:00:34.033121 | EURUSD   | BUY   | entry=None | SL=1.1589900000000002 | TF=1 | status=SKIPPED_MAX | comment=Max trades reached for EURUSD
2025-11-28 04:00:39,751 [LIVE] [LOT] Using fixed lot: 0.8
2025-11-28 04:00:40,217 [LIVE] [LOG] 2025-11-27T21:00:39.751690 | EURUSD   | BUY   | entry=None | SL=1.1589800000000001 | TF=1 | status=SKIPPED_MAX | comment=Max trades reached for EURUSD
2025-11-28 04:00:45,623 [LIVE] [LOT] Using fixed lot: 0.8
2025-11-28 04:00:45,993 [LIVE] [LOG] 2025-11-27T21:00:45.623403 | EURUSD   | BUY   | entry=None | SL=1.1589800000000001 | TF=1 | status=SKIPPED_MAX | comment=Max trades reached for EURUSD
2025-11-28 04:00:51,410 [LIVE] [LOT] Using fixed lot: 0.8
2025-11-28 04:00:51,827 [LIVE] [LOG] 2025-11-27T21:00:51.410634 | EURUSD   | BUY   | entry=None | SL=1.1589800000000001 | TF=1 | status=SKIPPED_MAX | comment=Max trades reached for EURUSD
2025-11-28 04:00:57,303 [LIVE] [LOT] Using fixed lot: 0.8
2025-11-28 04:00:57,706 [LIVE] [LOG] 2025-11-27T21:00:57.303732 | EURUSD   | BUY   | entry=None | SL=1.1589800000000001 | TF=1 | status=SKIPPED_MAX | comment=Max trades reached for EURUSD
2025-11-28 04:09:40,856 [LIVE] [LOT] Using fixed lot: 0.8
2025-11-28 04:09:41,219 [LIVE] [LOG] 2025-11-27T21:09:40.856327 | EURUSD   | SELL  | entry=None | SL=1.16018 | TF=1 | status=SKIPPED_MAX | comment=Max trades reached for EURUSD
2025-11-28 04:09:46,272 [LIVE] [LOT] Using fixed lot: 0.8
2025-11-28 04:09:46,656 [LIVE] [LOG] 2025-11-27T21:09:46.272183 | EURUSD   | SELL  | entry=None | SL=1.16018 | TF=1 | status=SKIPPED_MAX | comment=Max trades reached for EURUSD
2025-11-28 04:09:51,689 [LIVE] [LOT] Using fixed lot: 0.8
2025-11-28 04:09:52,043 [LIVE] [LOG] 2025-11-27T21:09:51.689352 | EURUSD   | SELL  | entry=None | SL=1.16018 | TF=1 | status=SKIPPED_MAX | comment=Max trades reached for EURUSD
2025-11-28 04:09:57,084 [LIVE] [LOT] Using fixed lot: 0.8
2025-11-28 04:09:57,431 [LIVE] [LOG] 2025-11-27T21:09:57.086393 | EURUSD   | SELL  | entry=None | SL=1.16018 | TF=1 | status=SKIPPED_MAX | comment=Max trades reached for EURUSD
2025-11-28 04:19:06,649 [LIVE] [LOG] 2025-11-27T21:19:05.595313 | EURUSD   | BUY   | entry=1.15952 | SL=1.15953 | TF=1 | status=TRAILING_UPDATE | comment=Moved SL to 1.15953 (Profit > 10 pips)
2025-11-28 04:19:06,649 [LIVE] SELL hit SL at 1.15963
2025-11-28 04:19:07,640 [LIVE] [LOG] 2025-11-27T21:19:06.649211 | EURUSD   | SELL  | entry=1.1592 | SL=1.15953 | TF=1 | status=SL_HIT | comment=SELL hit SL at 1.15963
2025-11-28 04:20:23,603 [LIVE] [LOG] 2025-11-27T21:20:23.212759 | EURUSD   | BUY   | entry=1.15952 | SL=1.15956 | TF=1 | status=TRAILING_UPDATE | comment=Moved SL to 1.15956 (Profit > 10 pips)
2025-11-28 04:24:04,857 [LIVE] [LOT] Using fixed lot: 0.8
2025-11-28 04:24:05,235 [LIVE] [LOG] 2025-11-27T21:24:04.857748 | EURUSD   | SELL  | entry=None | SL=1.16019 | TF=1 | status=SKIPPED_MAX | comment=Max trades reached for EURUSD
2025-11-28 04:32:54,489 [LIVE] [LOT] Using fixed lot: 0.8
2025-11-28 04:32:55,566 [LIVE] [LOG] 2025-11-27T21:32:54.489366 | EURUSD   | BUY   | entry=None | SL=1.1590500000000001 | TF=1 | status=SKIPPED_MAX | comment=Max trades reached for EURUSD
2025-11-28 04:45:05,951 [LIVE] [LOG] 2025-11-27T21:45:04.866668 | EURUSD   | BUY   | entry=1.15952 | SL=1.15957 | TF=1 | status=TRAILING_UPDATE | comment=Moved SL to 1.15957 (Profit > 10 pips)
2025-11-28 04:45:21,508 [LIVE] [LOG] 2025-11-27T21:45:21.133527 | EURUSD   | BUY   | entry=1.15952 | SL=1.15958 | TF=1 | status=TRAILING_UPDATE | comment=Moved SL to 1.15958 (Profit > 10 pips)
2025-11-28 05:30:04,525 [LIVE] [LOT] Using fixed lot: 0.8
2025-11-28 05:30:05,720 [LIVE] [LOG] 2025-11-27T22:30:04.525600 | EURUSD   | BUY   | entry=1.15965 | SL=1.15891 | TF=1 | status=OK | comment=LiveEngineScreen
2025-11-28 05:30:10,762 [LIVE] [LOT] Using fixed lot: 0.8
2025-11-28 05:30:11,379 [LIVE] [LOG] 2025-11-27T22:30:10.762528 | EURUSD   | BUY   | entry=None | SL=1.1589200000000002 | TF=1 | status=SKIPPED_MAX | comment=Max trades reached for EURUSD
2025-11-28 05:30:16,430 [LIVE] [LOT] Using fixed lot: 0.8
2025-11-28 05:30:16,783 [LIVE] [LOG] 2025-11-27T22:30:16.430766 | EURUSD   | BUY   | entry=None | SL=1.1589200000000002 | TF=1 | status=SKIPPED_MAX | comment=Max trades reached for EURUSD
2025-11-28 05:30:21,830 [LIVE] [LOT] Using fixed lot: 0.8
2025-11-28 05:30:22,145 [LIVE] [LOG] 2025-11-27T22:30:21.832144 | EURUSD   | BUY   | entry=None | SL=1.1589200000000002 | TF=1 | status=SKIPPED_MAX | comment=Max trades reached for EURUSD
2025-11-28 05:30:27,197 [LIVE] [LOT] Using fixed lot: 0.8
2025-11-28 05:30:27,547 [LIVE] [LOG] 2025-11-27T22:30:27.197304 | EURUSD   | BUY   | entry=None | SL=1.1589200000000002 | TF=1 | status=SKIPPED_MAX | comment=Max trades reached for EURUSD
2025-11-28 05:30:32,593 [LIVE] [LOT] Using fixed lot: 0.8
2025-11-28 05:30:32,932 [LIVE] [LOG] 2025-11-27T22:30:32.593805 | EURUSD   | BUY   | entry=None | SL=1.1589200000000002 | TF=1 | status=SKIPPED_MAX | comment=Max trades reached for EURUSD
2025-11-28 05:30:53,056 [LIVE] [LOT] Using fixed lot: 0.8
2025-11-28 05:30:53,400 [LIVE] [LOG] 2025-11-27T22:30:53.056534 | EURUSD   | BUY   | entry=None | SL=1.15891 | TF=1 | status=SKIPPED_MAX | comment=Max trades reached for EURUSD
2025-11-28 05:30:58,446 [LIVE] [LOT] Using fixed lot: 0.8
2025-11-28 05:30:58,784 [LIVE] [LOG] 2025-11-27T22:30:58.448934 | EURUSD   | BUY   | entry=None | SL=1.15891 | TF=1 | status=SKIPPED_MAX | comment=Max trades reached for EURUSD
2025-11-28 05:40:37,061 [LIVE] [LOT] Using fixed lot: 0.8
2025-11-28 05:40:38,329 [LIVE] [LOG] 2025-11-27T22:40:37.062692 | EURUSD   | BUY   | entry=None | SL=1.1589500000000001 | TF=1 | status=SKIPPED_MAX | comment=Max trades reached for EURUSD
2025-11-28 05:40:58,454 [LIVE] [LOT] Using fixed lot: 0.8
2025-11-28 05:40:58,806 [LIVE] [LOG] 2025-11-27T22:40:58.454181 | EURUSD   | BUY   | entry=None | SL=1.15896 | TF=1 | status=SKIPPED_MAX | comment=Max trades reached for EURUSD
2025-11-28 05:41:03,844 [LIVE] [LOT] Using fixed lot: 0.8
2025-11-28 05:41:04,183 [LIVE] [LOG] 2025-11-27T22:41:03.844754 | EURUSD   | BUY   | entry=None | SL=1.15896 | TF=1 | status=SKIPPED_MAX | comment=Max trades reached for EURUSD
2025-11-28 05:51:43,378 [LIVE] [LOT] Using fixed lot: 0.8
2025-11-28 05:51:43,720 [LIVE] [LOG] 2025-11-27T22:51:43.378504 | EURUSD   | SELL  | entry=None | SL=1.16 | TF=1 | status=SKIPPED_MAX | comment=Max trades reached for EURUSD
2025-11-28 05:51:49,100 [LIVE] [LOT] Using fixed lot: 0.8
2025-11-28 05:51:49,446 [LIVE] [LOG] 2025-11-27T22:51:49.100067 | EURUSD   | SELL  | entry=None | SL=1.1599899999999999 | TF=1 | status=SKIPPED_MAX | comment=Max trades reached for EURUSD
2025-11-28 05:51:54,832 [LIVE] [LOT] Using fixed lot: 0.8
2025-11-28 05:51:55,167 [LIVE] [LOG] 2025-11-27T22:51:54.832382 | EURUSD   | SELL  | entry=None | SL=1.1599899999999999 | TF=1 | status=SKIPPED_MAX | comment=Max trades reached for EURUSD
2025-11-28 05:52:00,546 [LIVE] [LOT] Using fixed lot: 0.8
2025-11-28 05:52:00,901 [LIVE] [LOG] 2025-11-27T22:52:00.546202 | EURUSD   | SELL  | entry=None | SL=1.1599899999999999 | TF=1 | status=SKIPPED_MAX | comment=Max trades reached for EURUSD
2025-11-28 05:59:58,687 [LIVE] [LOT] Using fixed lot: 0.8
2025-11-28 06:00:00,201 [LIVE] [LOG] 2025-11-27T22:59:58.687261 | EURUSD   | BUY   | entry=None | SL=1.15901 | TF=1 | status=SKIPPED_MAX | comment=Max trades reached for EURUSD
2025-11-28 06:00:05,231 [LIVE] [LOT] Using fixed lot: 0.8
2025-11-28 06:00:05,587 [LIVE] [LOG] 2025-11-27T23:00:05.231830 | EURUSD   | SELL  | entry=None | SL=1.1601599999999999 | TF=1 | status=SKIPPED_MAX | comment=Max trades reached for EURUSD
2025-11-28 06:02:50,801 [LIVE] [LOG] 2025-11-27T23:02:50.444019 | EURUSD   | BUY   | entry=1.1596600000000001 | SL=1.15969 | TF=1 | status=TRAILING_UPDATE | comment=Moved SL to 1.15969 (Profit > 10 pips)
2025-11-28 06:03:21,482 [LIVE] [LOG] 2025-11-27T23:03:21.109830 | EURUSD   | BUY   | entry=1.1596600000000001 | SL=1.15971 | TF=1 | status=TRAILING_UPDATE | comment=Moved SL to 1.15971 (Profit > 10 pips)
2025-11-28 06:03:27,328 [LIVE] [LOG] 2025-11-27T23:03:26.988466 | EURUSD   | BUY   | entry=1.1596600000000001 | SL=1.15972 | TF=1 | status=TRAILING_UPDATE | comment=Moved SL to 1.15972 (Profit > 10 pips)
2025-11-28 06:04:08,403 [LIVE] [LOG] 2025-11-27T23:04:08.026252 | EURUSD   | BUY   | entry=1.1596600000000001 | SL=1.1597600000000001 | TF=1 | status=TRAILING_UPDATE | comment=Moved SL to 1.1597600000000001 (Profit > 10 pips)
2025-11-28 06:04:13,920 [LIVE] [LOG] 2025-11-27T23:04:13.544702 | EURUSD   | BUY   | entry=1.1596600000000001 | SL=1.15977 | TF=1 | status=TRAILING_UPDATE | comment=Moved SL to 1.15977 (Profit > 10 pips)
2025-11-28 06:05:04,835 [LIVE] [LOG] 2025-11-27T23:05:04.349746 | EURUSD   | BUY   | entry=1.1596600000000001 | SL=1.15983 | TF=1 | status=TRAILING_UPDATE | comment=Moved SL to 1.15983 (Profit > 10 pips)
2025-11-28 06:05:55,670 [LIVE] [LOG] 2025-11-27T23:05:55.246133 | EURUSD   | BUY   | entry=1.1596600000000001 | SL=1.15987 | TF=1 | status=TRAILING_UPDATE | comment=Moved SL to 1.15987 (Profit > 10 pips)
2025-11-28 06:06:46,520 [LIVE] [LOG] 2025-11-27T23:06:46.102674 | EURUSD   | BUY   | entry=1.1596600000000001 | SL=1.15991 | TF=1 | status=TRAILING_UPDATE | comment=Moved SL to 1.15991 (Profit > 10 pips)
2025-11-28 06:09:42,018 [LIVE] BUY hit SL at 1.15991
2025-11-28 06:09:42,357 [LIVE] [LOG] 2025-11-27T23:09:42.014159 | EURUSD   | BUY   | entry=1.15951 | SL=1.15991 | TF=1 | status=SL_HIT | comment=BUY hit SL at 1.15991
2025-11-28 06:56:54,463 [LIVE] [LOT] Using fixed lot: 0.8
2025-11-28 06:56:54,930 [LIVE] [LOG] 2025-11-27T23:56:54.463032 | EURUSD   | SELL  | entry=1.1599 | SL=1.1604999999999999 | TF=1 | status=OK | comment=LiveEngineScreen
2025-11-28 07:03:39,862 [LIVE] [LOT] Using fixed lot: 0.8
2025-11-28 07:03:40,526 [LIVE] [LOG] 2025-11-28T00:03:39.863945 | EURUSD   | SELL  | entry=1.15988 | SL=1.16048 | TF=1 | status=OK | comment=LiveEngineScreen
2025-11-28 07:03:45,580 [LIVE] [LOT] Using fixed lot: 0.8
2025-11-28 07:03:45,934 [LIVE] [LOG] 2025-11-28T00:03:45.580860 | EURUSD   | SELL  | entry=None | SL=1.16046 | TF=1 | status=SKIPPED_MAX | comment=Max trades reached for EURUSD
2025-11-28 07:03:50,976 [LIVE] [LOT] Using fixed lot: 0.8
2025-11-28 07:03:51,476 [LIVE] [LOG] 2025-11-28T00:03:50.976837 | EURUSD   | SELL  | entry=None | SL=1.16047 | TF=1 | status=SKIPPED_MAX | comment=Max trades reached for EURUSD
2025-11-28 07:03:56,536 [LIVE] [LOT] Using fixed lot: 0.8
2025-11-28 07:03:56,911 [LIVE] [LOG] 2025-11-28T00:03:56.536550 | EURUSD   | SELL  | entry=None | SL=1.16046 | TF=1 | status=SKIPPED_MAX | comment=Max trades reached for EURUSD
2025-11-28 07:04:17,911 [LIVE] [LOG] 2025-11-28T00:04:17.399935 | EURUSD   | SELL  | entry=1.1599000000000002 | SL=1.15988 | TF=1 | status=TRAILING_UPDATE | comment=Moved SL to 1.15988 (Profit > 10 pips)
2025-11-28 07:05:04,044 [LIVE] SELL hit SL at 1.15991
2025-11-28 07:05:04,517 [LIVE] [LOG] 2025-11-28T00:05:04.044324 | EURUSD   | SELL  | entry=1.15988 | SL=1.15988 | TF=1 | status=SL_HIT | comment=SELL hit SL at 1.15991
2025-11-28 07:07:31,281 [LIVE] [LOT] Using fixed lot: 0.8
2025-11-28 07:07:34,039 [LIVE] [LOG] 2025-11-28T00:07:31.281548 | EURUSD   | BUY   | entry=1.16 | SL=1.15934 | TF=1 | status=OK | comment=LiveEngineScreen
2025-11-28 07:07:49,194 [LIVE] [LOT] Using fixed lot: 0.8
2025-11-28 07:07:49,546 [LIVE] [LOG] 2025-11-28T00:07:49.194674 | EURUSD   | BUY   | entry=None | SL=1.15934 | TF=1 | status=SKIPPED_MAX | comment=Max trades reached for EURUSD
2025-11-28 07:07:54,591 [LIVE] [LOT] Using fixed lot: 0.8
2025-11-28 07:07:54,942 [LIVE] [LOG] 2025-11-28T00:07:54.591387 | EURUSD   | BUY   | entry=None | SL=1.15934 | TF=1 | status=SKIPPED_MAX | comment=Max trades reached for EURUSD
2025-11-28 07:08:00,006 [LIVE] [LOT] Using fixed lot: 0.8
2025-11-28 07:08:00,385 [LIVE] [LOG] 2025-11-28T00:08:00.006221 | EURUSD   | BUY   | entry=None | SL=1.15934 | TF=1 | status=SKIPPED_MAX | comment=Max trades reached for EURUSD
2025-11-28 07:20:33,635 [LIVE] [LOT] Using fixed lot: 0.8
2025-11-28 07:20:33,997 [LIVE] [LOG] 2025-11-28T00:20:33.635656 | EURUSD   | SELL  | entry=None | SL=1.16044 | TF=1 | status=SKIPPED_MAX | comment=Max trades reached for EURUSD
2025-11-28 07:20:39,045 [LIVE] [LOT] Using fixed lot: 0.8
2025-11-28 07:20:39,421 [LIVE] [LOG] 2025-11-28T00:20:39.045228 | EURUSD   | SELL  | entry=None | SL=1.16044 | TF=1 | status=SKIPPED_MAX | comment=Max trades reached for EURUSD
2025-11-28 07:20:49,506 [LIVE] [LOT] Using fixed lot: 0.8
2025-11-28 07:20:49,900 [LIVE] [LOG] 2025-11-28T00:20:49.506162 | EURUSD   | SELL  | entry=None | SL=1.1604299999999999 | TF=1 | status=SKIPPED_MAX | comment=Max trades reached for EURUSD
2025-11-28 07:20:54,966 [LIVE] [LOT] Using fixed lot: 0.8
2025-11-28 07:20:55,372 [LIVE] [LOG] 2025-11-28T00:20:54.966593 | EURUSD   | SELL  | entry=None | SL=1.16044 | TF=1 | status=SKIPPED_MAX | comment=Max trades reached for EURUSD
2025-11-28 07:21:00,429 [LIVE] [LOT] Using fixed lot: 0.8
2025-11-28 07:21:00,863 [LIVE] [LOG] 2025-11-28T00:21:00.429619 | EURUSD   | SELL  | entry=None | SL=1.1604299999999999 | TF=1 | status=SKIPPED_MAX | comment=Max trades reached for EURUSD
2025-11-28 07:27:11,029 [LIVE] [LOG] 2025-11-28T00:27:10.403869 | EURUSD   | SELL  | entry=1.15988 | SL=1.15971 | TF=1 | status=TRAILING_UPDATE | comment=Moved SL to 1.15971 (Profit > 10 pips)
2025-11-28 07:27:11,029 [LIVE] BUY hit SL at 1.15961
2025-11-28 07:27:11,382 [LIVE] [LOG] 2025-11-28T00:27:11.029061 | EURUSD   | BUY   | entry=1.15994 | SL=1.15971 | TF=1 | status=SL_HIT | comment=BUY hit SL at 1.15961
2025-11-28 08:00:46,833 [LIVE] [LOG] 2025-11-28T01:00:45.088083 | EURUSD   | BUY   | entry=1.1596 | SL=1.15894 | status=OK
2025-11-28 08:03:49,918 [LIVE] [LOG] 2025-11-28T01:03:49.533794 | EURUSD   | BUY   | entry=1.15961 | SL=1.15964 | status=TRAILING_UPDATE
2025-11-28 08:03:56,592 [LIVE] [LOG] 2025-11-28T01:03:56.255548 | EURUSD   | BUY   | entry=1.15961 | SL=1.15968 | status=TRAILING_UPDATE
2025-11-28 08:04:08,466 [LIVE] [LOG] 2025-11-28T01:04:08.082692 | EURUSD   | BUY   | entry=1.15961 | SL=1.15973 | status=TRAILING_UPDATE
2025-11-28 08:06:46,568 [LIVE] [LOG] 2025-11-28T01:06:45.953205 | EURUSD   | BUY   | entry=1.15954 | SL=1.15973 | status=SL_HIT
2025-11-28 08:24:15,572 [LIVE] [LOG] 2025-11-28T01:24:14.500640 | EURUSD   | SELL  | entry=1.15933 | SL=1.15993 | status=OK
2025-11-28 08:24:22,415 [LIVE] [LOG] 2025-11-28T01:24:21.808569 | EURUSD   | SELL  | entry=1.15933 | SL=1.15993 | status=OK
2025-11-28 08:24:28,936 [LIVE] [LOG] 2025-11-28T01:24:28.588293 | EURUSD   | SELL  | entry=None | SL=1.15993 | status=SKIPPED_MAX
2025-11-28 08:24:39,364 [LIVE] [LOG] 2025-11-28T01:24:39.002701 | EURUSD   | SELL  | entry=None | SL=1.15993 | status=SKIPPED_MAX
2025-11-28 08:24:44,759 [LIVE] [LOG] 2025-11-28T01:24:44.389240 | EURUSD   | SELL  | entry=None | SL=1.15993 | status=SKIPPED_MAX
2025-11-28 08:24:50,136 [LIVE] [LOG] 2025-11-28T01:24:49.777394 | EURUSD   | SELL  | entry=None | SL=1.15993 | status=SKIPPED_MAX
